     VMA      LMA     Size Align Out     In      Symbol
       0        0     8000     1 . = 0x8000
    8000        0        0     1 _start_text = .
    8000     8000     6ad0     4 .text
    8000     8000       74     4         kmain.c.o:(.text)
    8000     8000        0     1                 $a.0
    8000     8000        0     1                 _start
    8008     8008       6c     1                 kmain
    8068     8068        0     1                 $d.1
    8074     8074       94     4         serial.c.o:(.text)
    8074     8074        0     1                 $a.0
    8074     8074       54     1                 serial_init
    80b8     80b8        0     1                 $d.1
    80c8     80c8        0     1                 $a.2
    80c8     80c8       40     1                 serial_putc
    8100     8100        0     1                 $d.3
    8108     8108      790     4         testsuite.c.o:(.text)
    8108     8108        0     1                 $a.0
    8108     8108      544     1                 sweet
    8614     8614        0     1                 $d.1
    864c     864c       50     1                 mystrlen
    864c     864c        0     1                 $a.2
    869c     869c      1fc     1                 memdump
    8880     8880        0     1                 $d.3
    8898     8898      714     4         console.c.o:(.text)
    8898     8898        0     1                 $a.0
    8898     8898      714     1                 console_putc
    8ec4     8ec4        0     1                 $d.1
    8fac     8fac      3e4     4         fs.c.o:(.text)
    8fac     8fac        0     1                 $a.0
    8fac     8fac      2b0     1                 disk_init
    923c     923c        0     1                 $d.1
    925c     925c        0     1                 $a.2
    925c     925c       7c     1                 clusterNumberToSectorNumber
    92d0     92d0        0     1                 $d.3
    92d8     92d8        0     1                 $a.4
    92d8     92d8       a8     1                 read_cluster
    9380     9380       10     1                 getVBR
    938c     938c        0     1                 $d.5
    9390     9390      468     4         video.c.o:(.text)
    9390     9390        0     1                 $a.0
    9390     9390      120     1                 video_init
    94a0     94a0        0     1                 $d.1
    94b0     94b0       64     1                 mailbox_write
    94b0     94b0        0     1                 $a.2
    950c     950c        0     1                 $d.3
    9514     9514       80     1                 mailbox_read
    9514     9514        0     1                 $a.4
    958c     958c        0     1                 $d.5
    9594     9594        0     1                 $a.6
    9594     9594       a4     1                 video_set_pixel
    9630     9630        0     1                 $d.7
    9638     9638        0     1                 $a.8
    9638     9638      1c0     1                 video_draw_character
    97e4     97e4        0     1                 $d.9
    97f8     97f8      400     4         interrupt.c.o:(.text)
    97f8     97f8        0     1                 interrupt_table_begin
    97f8     97f8        0     1                 $a.0
    9818     9818        0     1                 $d.1
    9838     9838        0     1                 asm_handler_reset
    9838     9838        0     1                 interrupt_table_end
    9838     9838        0     1                 $a.2
    9854     9854        0     1                 asm_handler_undefined
    9874     9874        0     1                 asm_handler_svc
    988c     988c        0     1                 asm_handler_prefetch_abort
    98ac     98ac        0     1                 asm_handler_data_abort
    98cc     98cc        0     1                 asm_handler_reserved
    98e8     98e8        0     1                 asm_handler_irq
    9904     9904        0     1                 asm_handler_fiq
    9920     9920       50     1                 interrupt_init
    9968     9968        0     1                 $d.3
    9970     9970        0     1                 $a.4
    9970     9970        c     1                 halt
    997c     997c       20     1                 handler_reset
    9998     9998        0     1                 $d.5
    999c     999c        0     1                 $a.6
    999c     999c       30     1                 handler_undefined
    99c8     99c8        0     1                 $d.7
    99cc     99cc        0     1                 $a.8
    99cc     99cc       20     1                 handler_svc
    99e8     99e8        0     1                 $d.9
    99ec     99ec        0     1                 $a.10
    99ec     99ec       30     1                 handler_prefetch_abort
    9a18     9a18        0     1                 $d.11
    9a1c     9a1c        0     1                 $a.12
    9a1c     9a1c       30     1                 handler_data_abort
    9a48     9a48        0     1                 $d.13
    9a4c     9a4c        0     1                 $a.14
    9a4c     9a4c       20     1                 handler_reserved
    9a68     9a68        0     1                 $d.15
    9a6c     9a6c        0     1                 $a.16
    9a6c     9a6c       68     1                 handler_irq
    9acc     9acc        0     1                 $d.17
    9ad4     9ad4        0     1                 $a.18
    9ad4     9ad4       20     1                 handler_fiq
    9af0     9af0        0     1                 $d.19
    9af4     9af4        0     1                 $a.20
    9af4     9af4       10     1                 interrupt_enable
    9b04     9b04       d4     1                 register_interrupt_handler
    9bbc     9bbc        0     1                 $d.21
    9bf8     9bf8      674     4         ELF.c.o:(.text)
    9bf8     9bf8        0     1                 $a.0
    9bf8     9bf8      5a8     1                 exec
    a15c     a15c        0     1                 $d.1
    a1a0     a1a0        0     1                 $a.2
    a1a0     a1a0       cc     1                 file_read_fully
    a26c     a26c        0     4         errno.c.o:(.text)
    a26c     a26c      a78     4         sd.c.o:(.text)
    a26c     a26c        0     1                 $a.0
    a26c     a26c      2a0     1                 sd_init
    a4d4     a4d4        0     1                 $d.1
    a50c     a50c        0     1                 $a.2
    a50c     a50c       50     1                 delay_millisec
    a55c     a55c      1c8     1                 setClock
    a710     a710        0     1                 $d.3
    a724     a724      194     1                 sendCommand
    a724     a724        0     1                 $a.4
    a898     a898        0     1                 $d.5
    a8b8     a8b8       6c     1                 sendAppCommand
    a8b8     a8b8        0     1                 $a.6
    a924     a924       c0     1                 waitForStatusBitsToBeZero
    a9d4     a9d4        0     1                 $d.7
    a9e4     a9e4       cc     1                 waitForInterrupt
    a9e4     a9e4        0     1                 $a.8
    aaa4     aaa4        0     1                 $d.9
    aab0     aab0        0     1                 $a.10
    aab0     aab0       b8     1                 sd_read_sector
    ab5c     ab5c        0     1                 $d.11
    ab68     ab68        0     1                 $a.12
    ab68     ab68       b8     1                 sd_write_sector
    ac18     ac18        0     1                 $d.13
    ac20     ac20        0     1                 $a.14
    ac20     ac20       ac     1                 disc_read_sectors
    accc     accc       18     1                 getHostControllerVersion
    ace0     ace0        0     1                 $d.15
    ace4     ace4      d08     4         file.c.o:(.text)
    ace4     ace4        0     1                 $a.0
    ace4     ace4      200     1                 file_open
    aecc     aecc        0     1                 $d.1
    aee4     aee4        0     1                 $a.2
    aee4     aee4      3d4     1                 scanForMatchingFilename
    b2b8     b2b8       94     1                 file_close
    b344     b344        0     1                 $d.3
    b34c     b34c        0     1                 $a.4
    b34c     b34c      27c     1                 file_read
    b5a8     b5a8        0     1                 $d.5
    b5c8     b5c8        0     1                 $a.6
    b5c8     b5c8      388     1                 file_seek
    b910     b910        0     1                 $d.7
    b950     b950        0     1                 $a.8
    b950     b950       80     1                 file_tell
    b9cc     b9cc        0     1                 $d.9
    b9d0     b9d0        0     1                 $a.10
    b9d0     b9d0       1c     1                 file_write
    b9ec     b9ec      338     4         utils.c.o:(.text)
    b9ec     b9ec        0     1                 $a.0
    b9ec     b9ec       48     1                 bss_init
    ba2c     ba2c        0     1                 $d.1
    ba34     ba34        0     1                 $a.2
    ba34     ba34       6c     1                 kmemset
    baa0     baa0       68     1                 kmemcpy
    bb08     bb08       a8     1                 getValue
    bbb0     bbb0       28     1                 panic
    bbd4     bbd4        0     1                 $d.3
    bbd8     bbd8        0     1                 $a.4
    bbd8     bbd8       44     1                 toupper
    bc1c     bc1c       c4     1                 kmemcmp
    bce0     bce0       44     1                 Min32
    bd24     bd24      108     4         timer.c.o:(.text)
    bd24     bd24        0     1                 $a.0
    bd24     bd24       4c     1                 timer_init
    bd60     bd60        0     1                 $d.1
    bd70     bd70        0     1                 $a.2
    bd70     bd70       84     1                 timer_interrupt
    bde4     bde4        0     1                 $d.3
    bdf4     bdf4        0     1                 $a.4
    bdf4     bdf4       38     1                 get_uptime
    be20     be20        0     1                 $d.5
    be2c     be2c     2c90     4         kprintf.c.o:(.text)
    be2c     be2c        0     1                 $a.0
    be2c     be2c       3c     1                 stbsp_set_separators
    be60     be60        0     1                 $d.1
    be68     be68        0     1                 $a.2
    be68     be68     2178     1                 stbsp_vsprintfcb
    c0ac     c0ac        0     1                 $d.3
    c1ac     c1ac        0     1                 $a.4
    c494     c494        0     1                 $d.5
    c55c     c55c        0     1                 $a.6
    c6cc     c6cc        0     1                 $d.7
    c7ac     c7ac        0     1                 $a.8
    cf90     cf90        0     1                 $d.9
    cf9c     cf9c        0     1                 $a.10
    d7d0     d7d0        0     1                 $d.11
    d7d4     d7d4        0     1                 $a.12
    d8ac     d8ac        0     1                 $d.13
    d8b0     d8b0        0     1                 $a.14
    d8e4     d8e4        0     1                 $d.15
    d8ec     d8ec        0     1                 $a.16
    d968     d968        0     1                 $d.17
    d96c     d96c        0     1                 $a.18
    d9a0     d9a0        0     1                 $d.19
    d9a8     d9a8        0     1                 $a.20
    dbd8     dbd8        0     1                 $d.21
    dbdc     dbdc        0     1                 $a.22
    dd58     dd58        0     1                 $d.23
    dd5c     dd5c        0     1                 $a.24
    de04     de04        0     1                 $d.25
    de08     de08        0     1                 $a.26
    de70     de70        0     1                 $d.27
    de74     de74        0     1                 $a.28
    dfa8     dfa8        0     1                 $d.29
    dfac     dfac        0     1                 $a.30
    dfd4     dfd4        0     1                 $d.31
    dfe0     dfe0      168     1                 stbsp__strlen_limited
    dfe0     dfe0        0     1                 $a.32
    e140     e140        0     1                 $d.33
    e148     e148       f8     1                 mod64
    e148     e148        0     1                 $a.34
    e240     e240      128     1                 div64
    e368     e368       ac     1                 mod
    e414     e414       c8     1                 div
    e4dc     e4dc       ac     1                 stbsp__lead_sign
    e588     e588       60     1                 stbsp_sprintf
    e5e8     e5e8      114     1                 stbsp_vsnprintf
    e6f4     e6f4        0     1                 $d.35
    e6fc     e6fc       3c     1                 stbsp__count_clamp_callback
    e6fc     e6fc        0     1                 $a.36
    e738     e738      17c     1                 stbsp__clamp_callback
    e8b4     e8b4       54     1                 stbsp_snprintf
    e908     e908       40     1                 stbsp_vsprintf
    e948     e948       68     1                 kprintf
    e9ac     e9ac        0     1                 $d.37
    e9b0     e9b0       68     1                 callback
    e9b0     e9b0        0     1                 $a.38
    ea18     ea18       50     1                 ksprintf
    ea68     ea68       54     1                 ksnprintf
    eabc     eabc       14     4         memory.c.o:(.text)
    eabc     eabc        0     1                 $a.0
    eabc     eabc       14     1                 memory_barrier
    ead0     ead0        0     1 _end_text = .
    ead0     ead0       10     4 .ARM.exidx
    ead0     ead0       10     4         <internal>:(.ARM.exidx)
    eae0     eae0      520     1 . = ALIGN ( 4096 )
    f000     f000        0     1 _start_rodata = .
    f000     f000     b50c     4 .rodata
    f000     f000      364     1         <internal>:(.rodata)
    f364     f364     61a8     4         testsuite.c.o:(.rodata)
    f364     f364     33cd     1                 article1
   12731    12731     1713     1                 article2
   13e44    13e44      829     1                 article3
   1466d    1466d      77b     1                 article4
   14de8    14de8      353     1                 article5
   1513b    1513b      3b6     1                 article6
   154f4    154f4       18     1                 .L__const.sweet.order
   1550c    1550c     5000     4         video.c.o:(.rodata)
   1550c    1550c     5000     1                 font_data
   1a50c    1a50c        0     1 _end_rodata = .
   1a50c    1a50c       48     4 .data.rel.ro
   1a50c    1a50c       48     4         testsuite.c.o:(.data.rel.ro)
   1a50c    1a50c       18     1                 .L__const.sweet.article_content
   1a524    1a524       18     1                 .L__const.sweet.filenames
   1a53c    1a53c       18     1                 .L__const.sweet.p
   1a554    1a554       3c     4 .got
   1a554    1a554       3c     4         <internal>:(.got)
   1a590    1a590      a70     1 . = ALIGN ( 4096 )
   1b000    1b000        0     1 _start_data = .
   1b000    1b000      104     4 .data
   1b000    1b000        c     4         console.c.o:(.data)
   1b000    1b000        4     1                 console_putc.col
   1b004    1b004        4     1                 console_putc.curr_fg
   1b008    1b008        4     1                 console_putc.max_col
   1b00c    1b00c        4     4         timer.c.o:(.data)
   1b00c    1b00c        4     1                 delta
   1b010    1b010       f4     2         kprintf.c.o:(.data)
   1b010    1b010        1     1                 stbsp__period
   1b011    1b011        1     1                 stbsp__comma
   1b012    1b012       13     1                 stbsp_vsprintfcb.hex
   1b025    1b025       13     1                 stbsp_vsprintfcb.hexu
   1b038    1b038       cc     1                 stbsp__digitpair
   1b104    1b104        0     1 _end_data = .
   1b104    1b104      efc     1 . = ALIGN ( 4096 )
   1c000    1c000        0     1 _start_bss = .
   1c000    1c000    2acd8     4 .bss
   1c000    1c000     66bc     1         testsuite.c.o:(.bss)
   1c000    1c000     36e2     1                 sweet.article1_
   1f6e2    1f6e2     17a2     1                 sweet.article2_
   20e84    20e84      866     1                 sweet.article3_
   216ea    216ea      802     1                 sweet.article4_
   21eec    21eec      3b6     1                 sweet.article5_
   222a2    222a2      41a     1                 sweet.article6_
   226bc    226bc        c     4         console.c.o:(.bss)
   226bc    226bc        4     1                 doingColor
   226c0    226c0        4     1                 console_putc.row
   226c4    226c4        4     1                 console_putc.curr_bg
   226c8    226c8    1b404     4         fs.c.o:(.bss)
   226c8    226c8      200     1                 sectorbuffer
   228c8    228c8        4     1                 first_sector
   228cc    228cc      200     1                 vbr
   22acc    22acc     1000     1                 buff
   23acc    23acc    19000     1                 fat
   3cacc    3cacc     1000     1                 buff2
   3dacc    3dacc       10     4         video.c.o:(.bss)
   3dacc    3dacc        3     1                 foregroundColor
   3dacf    3dacf        3     1                 backgroundColor
   3dad4    3dad4        4     1                 framebuffer
   3dad8    3dad8        4     1                 pitch
   3dadc    3dadc     8024     4         interrupt.c.o:(.bss)
   3dadc    3dadc        4     1                 numHandlers
   3dae0    3dae0       20     1                 handlers
   3db00    3db00     1000     1                 reset_stack
   3eb00    3eb00     1000     1                 undefined_stack
   3fb00    3fb00     1000     1                 svc_stack
   40b00    40b00     1000     1                 prefetch_abort_stack
   41b00    41b00     1000     1                 data_abort_stack
   42b00    42b00     1000     1                 reserved_stack
   43b00    43b00     1000     1                 irq_stack
   44b00    44b00     1000     1                 fiq_stack
   45b00    45b00       54     4         ELF.c.o:(.bss)
   45b00    45b00       34     1                 exec.elfHeader
   45b34    45b34       20     1                 exec.pentry
   45b54    45b54     1180     4         file.c.o:(.bss)
   45b54    45b54      180     1                 fileTable
   45cd4    45cd4     1000     1                 clusterBuffer
   46cd4    46cd4        4     4         timer.c.o:(.bss)
   46cd4    46cd4        4     1                 jiffies
   46cd8    46cd8        0     1 _end_bss = .
   46cd8    46cd8      328     1 . = ALIGN ( 4096 )
       0        0       29     1 .comment
       0        0       29     1         <internal>:(.comment)
       0        0       4a     1 .ARM.attributes
       0        0       4a     1         kmain.c.o:(.ARM.attributes)
       0        0     12a0     4 .symtab
       0        0     12a0     4         <internal>:(.symtab)
       0        0       6a     1 .shstrtab
       0        0       6a     1         <internal>:(.shstrtab)
       0        0      b57     1 .strtab
       0        0      b57     1         <internal>:(.strtab)
