     VMA      LMA     Size Align Out     In      Symbol
       0        0     8000     1 . = 0x8000
    8000        0        0     1 _start_text = .
    8000     8000     6b04     4 .text
    8000     8000       5c     4         kmain.c.o:(.text)
    8000     8000        0     1                 $a.0
    8000     8000        0     1                 _start
    8008     8008       54     1                 kmain
    8054     8054        0     1                 $d.1
    805c     805c       94     4         serial.c.o:(.text)
    805c     805c        0     1                 $a.0
    805c     805c       54     1                 serial_init
    80a0     80a0        0     1                 $d.1
    80b0     80b0        0     1                 $a.2
    80b0     80b0       40     1                 serial_putc
    80e8     80e8        0     1                 $d.3
    80f0     80f0      f14     4         testsuite.c.o:(.text)
    80f0     80f0        0     1                 $a.0
    80f0     80f0      cc8     1                 sweet
    8c94     8c94        0     1                 $d.1
    8db8     8db8       50     1                 mystrlen
    8db8     8db8        0     1                 $a.2
    8e08     8e08      1fc     1                 memdump
    8fec     8fec        0     1                 $d.3
    9004     9004      714     4         console.c.o:(.text)
    9004     9004        0     1                 $a.0
    9004     9004      714     1                 console_putc
    9630     9630        0     1                 $d.1
    9718     9718      d60     4         file.c.o:(.text)
    9718     9718        0     1                 $a.0
    9718     9718      210     1                 file_open
    990c     990c        0     1                 $d.1
    9928     9928        0     1                 $a.2
    9928     9928      44c     1                 scanForMatchingFilename
    9d58     9d58        0     1                 $d.3
    9d74     9d74        0     1                 $a.4
    9d74     9d74       94     1                 file_close
    9e00     9e00        0     1                 $d.5
    9e08     9e08        0     1                 $a.6
    9e08     9e08      29c     1                 file_read
    a074     a074        0     1                 $d.7
    a0a4     a0a4        0     1                 $a.8
    a0a4     a0a4      354     1                 file_seek
    a3cc     a3cc        0     1                 $d.9
    a3f8     a3f8        0     1                 $a.10
    a3f8     a3f8       64     1                 file_tell
    a458     a458        0     1                 $d.11
    a45c     a45c        0     1                 $a.12
    a45c     a45c       1c     1                 file_write
    a478     a478      468     4         video.c.o:(.text)
    a478     a478        0     1                 $a.0
    a478     a478      120     1                 video_init
    a588     a588        0     1                 $d.1
    a598     a598       64     1                 mailbox_write
    a598     a598        0     1                 $a.2
    a5f4     a5f4        0     1                 $d.3
    a5fc     a5fc       80     1                 mailbox_read
    a5fc     a5fc        0     1                 $a.4
    a674     a674        0     1                 $d.5
    a67c     a67c        0     1                 $a.6
    a67c     a67c       a4     1                 video_set_pixel
    a718     a718        0     1                 $d.7
    a720     a720        0     1                 $a.8
    a720     a720      1c0     1                 video_draw_character
    a8cc     a8cc        0     1                 $d.9
    a8e0     a8e0      3c4     4         interrupt.c.o:(.text)
    a8e0     a8e0        0     1                 interrupt_table_begin
    a8e0     a8e0        0     1                 $a.0
    a900     a900        0     1                 $d.1
    a920     a920        0     1                 asm_handler_reset
    a920     a920        0     1                 interrupt_table_end
    a920     a920        0     1                 $a.2
    a93c     a93c        0     1                 asm_handler_undefined
    a958     a958        0     1                 asm_handler_svc
    a970     a970        0     1                 asm_handler_prefetch_abort
    a98c     a98c        0     1                 asm_handler_data_abort
    a9a8     a9a8        0     1                 asm_handler_reserved
    a9c4     a9c4        0     1                 asm_handler_irq
    a9e0     a9e0        0     1                 asm_handler_fiq
    a9fc     a9fc       50     1                 interrupt_init
    aa44     aa44        0     1                 $d.3
    aa4c     aa4c        0     1                 $a.4
    aa4c     aa4c        c     1                 halt
    aa58     aa58       20     1                 handler_reset
    aa74     aa74        0     1                 $d.5
    aa78     aa78        0     1                 $a.6
    aa78     aa78       20     1                 handler_undefined
    aa94     aa94        0     1                 $d.7
    aa98     aa98        0     1                 $a.8
    aa98     aa98       20     1                 handler_svc
    aab4     aab4        0     1                 $d.9
    aab8     aab8        0     1                 $a.10
    aab8     aab8       20     1                 handler_prefetch_abort
    aad4     aad4        0     1                 $d.11
    aad8     aad8        0     1                 $a.12
    aad8     aad8       20     1                 handler_data_abort
    aaf4     aaf4        0     1                 $d.13
    aaf8     aaf8        0     1                 $a.14
    aaf8     aaf8       20     1                 handler_reserved
    ab14     ab14        0     1                 $d.15
    ab18     ab18        0     1                 $a.16
    ab18     ab18       68     1                 handler_irq
    ab78     ab78        0     1                 $d.17
    ab80     ab80        0     1                 $a.18
    ab80     ab80       20     1                 handler_fiq
    ab9c     ab9c        0     1                 $d.19
    aba0     aba0        0     1                 $a.20
    aba0     aba0       10     1                 interrupt_enable
    abb0     abb0       d4     1                 register_interrupt_handler
    ac68     ac68        0     1                 $d.21
    aca4     aca4        0     4         errno.c.o:(.text)
    aca4     aca4      338     4         utils.c.o:(.text)
    aca4     aca4        0     1                 $a.0
    aca4     aca4       48     1                 bss_init
    ace4     ace4        0     1                 $d.1
    acec     acec        0     1                 $a.2
    acec     acec       6c     1                 kmemset
    ad58     ad58       68     1                 kmemcpy
    adc0     adc0       a8     1                 getValue
    ae68     ae68       28     1                 panic
    ae8c     ae8c        0     1                 $d.3
    ae90     ae90        0     1                 $a.4
    ae90     ae90       44     1                 toupper
    aed4     aed4       c4     1                 kmemcmp
    af98     af98       44     1                 Min32
    afdc     afdc      9cc     4         sd.c.o:(.text)
    afdc     afdc        0     1                 $a.0
    afdc     afdc      2a0     1                 sd_init
    b244     b244        0     1                 $d.1
    b27c     b27c        0     1                 $a.2
    b27c     b27c       50     1                 delay_millisec
    b2cc     b2cc      1c8     1                 setClock
    b480     b480        0     1                 $d.3
    b494     b494      194     1                 sendCommand
    b494     b494        0     1                 $a.4
    b608     b608        0     1                 $d.5
    b628     b628       6c     1                 sendAppCommand
    b628     b628        0     1                 $a.6
    b694     b694       c0     1                 waitForStatusBitsToBeZero
    b744     b744        0     1                 $d.7
    b754     b754       cc     1                 waitForInterrupt
    b754     b754        0     1                 $a.8
    b814     b814        0     1                 $d.9
    b820     b820        0     1                 $a.10
    b820     b820       b8     1                 sd_read_sector
    b8cc     b8cc        0     1                 $d.11
    b8d8     b8d8        0     1                 $a.12
    b8d8     b8d8       b8     1                 sd_write_sector
    b988     b988        0     1                 $d.13
    b990     b990       18     1                 getHostControllerVersion
    b990     b990        0     1                 $a.14
    b9a4     b9a4        0     1                 $d.15
    b9a8     b9a8      108     4         timer.c.o:(.text)
    b9a8     b9a8        0     1                 $a.0
    b9a8     b9a8       4c     1                 timer_init
    b9e4     b9e4        0     1                 $d.1
    b9f4     b9f4        0     1                 $a.2
    b9f4     b9f4       84     1                 timer_interrupt
    ba68     ba68        0     1                 $d.3
    ba78     ba78        0     1                 $a.4
    ba78     ba78       38     1                 get_uptime
    baa4     baa4        0     1                 $d.5
    bab0     bab0      3b0     4         fs.c.o:(.text)
    bab0     bab0        0     1                 $a.0
    bab0     bab0      28c     1                 disk_init
    bd1c     bd1c        0     1                 $d.1
    bd3c     bd3c        0     1                 $a.2
    bd3c     bd3c       7c     1                 clusterNumberToSectorNumber
    bdb0     bdb0        0     1                 $d.3
    bdb8     bdb8        0     1                 $a.4
    bdb8     bdb8       a8     1                 read_cluster
    be60     be60     2c90     4         kprintf.c.o:(.text)
    be60     be60        0     1                 $a.0
    be60     be60       3c     1                 stbsp_set_separators
    be94     be94        0     1                 $d.1
    be9c     be9c        0     1                 $a.2
    be9c     be9c     2178     1                 stbsp_vsprintfcb
    c0e0     c0e0        0     1                 $d.3
    c1e0     c1e0        0     1                 $a.4
    c4c8     c4c8        0     1                 $d.5
    c590     c590        0     1                 $a.6
    c700     c700        0     1                 $d.7
    c7e0     c7e0        0     1                 $a.8
    cfc4     cfc4        0     1                 $d.9
    cfd0     cfd0        0     1                 $a.10
    d804     d804        0     1                 $d.11
    d808     d808        0     1                 $a.12
    d8e0     d8e0        0     1                 $d.13
    d8e4     d8e4        0     1                 $a.14
    d918     d918        0     1                 $d.15
    d920     d920        0     1                 $a.16
    d99c     d99c        0     1                 $d.17
    d9a0     d9a0        0     1                 $a.18
    d9d4     d9d4        0     1                 $d.19
    d9dc     d9dc        0     1                 $a.20
    dc0c     dc0c        0     1                 $d.21
    dc10     dc10        0     1                 $a.22
    dd8c     dd8c        0     1                 $d.23
    dd90     dd90        0     1                 $a.24
    de38     de38        0     1                 $d.25
    de3c     de3c        0     1                 $a.26
    dea4     dea4        0     1                 $d.27
    dea8     dea8        0     1                 $a.28
    dfdc     dfdc        0     1                 $d.29
    dfe0     dfe0        0     1                 $a.30
    e008     e008        0     1                 $d.31
    e014     e014      168     1                 stbsp__strlen_limited
    e014     e014        0     1                 $a.32
    e174     e174        0     1                 $d.33
    e17c     e17c       f8     1                 mod64
    e17c     e17c        0     1                 $a.34
    e274     e274      128     1                 div64
    e39c     e39c       ac     1                 mod
    e448     e448       c8     1                 div
    e510     e510       ac     1                 stbsp__lead_sign
    e5bc     e5bc       60     1                 stbsp_sprintf
    e61c     e61c      114     1                 stbsp_vsnprintf
    e728     e728        0     1                 $d.35
    e730     e730       3c     1                 stbsp__count_clamp_callback
    e730     e730        0     1                 $a.36
    e76c     e76c      17c     1                 stbsp__clamp_callback
    e8e8     e8e8       54     1                 stbsp_snprintf
    e93c     e93c       40     1                 stbsp_vsprintf
    e97c     e97c       68     1                 kprintf
    e9e0     e9e0        0     1                 $d.37
    e9e4     e9e4       68     1                 callback
    e9e4     e9e4        0     1                 $a.38
    ea4c     ea4c       50     1                 ksprintf
    ea9c     ea9c       54     1                 ksnprintf
    eaf0     eaf0       14     4         memory.c.o:(.text)
    eaf0     eaf0        0     1                 $a.0
    eaf0     eaf0       14     1                 memory_barrier
    eb04     eb04        0     1 _end_text = .
    eb04     eb04       10     4 .ARM.exidx
    eb04     eb04       10     4         <internal>:(.ARM.exidx)
    eb14     eb14      4ec     1 . = ALIGN ( 4096 )
    f000     f000        0     1 _start_rodata = .
    f000     f000     60c0     4 .rodata
    f000     f000      9a7     1         <internal>:(.rodata)
    f9a8     f9a8      718     4         testsuite.c.o:(.rodata)
    f9a8     f9a8      3b6     1                 article6
    fd5e     fd5e      353     1                 article5
   100c0    100c0     5000     4         video.c.o:(.rodata)
   100c0    100c0     5000     1                 font_data
   150c0    150c0        0     1 _end_rodata = .
   150c0    150c0        c     4 .data.rel.ro
   150c0    150c0        c     4         testsuite.c.o:(.data.rel.ro)
   150c0    150c0        c     1                 .L__const.sweet.p
   150cc    150cc       38     4 .got
   150cc    150cc       38     4         <internal>:(.got)
   15104    15104      efc     1 . = ALIGN ( 4096 )
   16000    16000        0     1 _start_data = .
   16000    16000      374     4 .data
   16000    16000      270     4         testsuite.c.o:(.data)
   16000    16000      270     1                 seeks
   16270    16270        c     4         console.c.o:(.data)
   16270    16270        4     1                 console_putc.col
   16274    16274        4     1                 console_putc.curr_fg
   16278    16278        4     1                 console_putc.max_col
   1627c    1627c        4     4         timer.c.o:(.data)
   1627c    1627c        4     1                 delta
   16280    16280       f4     2         kprintf.c.o:(.data)
   16280    16280        1     1                 stbsp__period
   16281    16281        1     1                 stbsp__comma
   16282    16282       13     1                 stbsp_vsprintfcb.hex
   16295    16295       13     1                 stbsp_vsprintfcb.hexu
   162a8    162a8       cc     1                 stbsp__digitpair
   16374    16374        0     1 _end_data = .
   16374    16374      c8c     1 . = ALIGN ( 4096 )
   17000    17000        0     1 _start_bss = .
   17000    17000     c1e8     4 .bss
   17000    17000      c20     1         testsuite.c.o:(.bss)
   17000    17000      400     1                 sweet.a6a
   17400    17400      400     1                 sweet.a6b
   17800    17800      400     1                 sweet.a5
   17c00    17c00       20     1                 sweet.buf
   17c20    17c20        c     4         console.c.o:(.bss)
   17c20    17c20        4     1                 doingColor
   17c24    17c24        4     1                 console_putc.row
   17c28    17c28        4     1                 console_putc.curr_bg
   17c2c    17c2c     1180     4         file.c.o:(.bss)
   17c2c    17c2c      180     1                 fileTable
   17dac    17dac     1000     1                 clusterBuffer
   18dac    18dac       10     4         video.c.o:(.bss)
   18dac    18dac        3     1                 foregroundColor
   18daf    18daf        3     1                 backgroundColor
   18db4    18db4        4     1                 framebuffer
   18db8    18db8        4     1                 pitch
   18dbc    18dbc     8024     4         interrupt.c.o:(.bss)
   18dbc    18dbc        4     1                 numHandlers
   18dc0    18dc0       20     1                 handlers
   18de0    18de0     1000     1                 reset_stack
   19de0    19de0     1000     1                 undefined_stack
   1ade0    1ade0     1000     1                 svc_stack
   1bde0    1bde0     1000     1                 prefetch_abort_stack
   1cde0    1cde0     1000     1                 data_abort_stack
   1dde0    1dde0     1000     1                 reserved_stack
   1ede0    1ede0     1000     1                 irq_stack
   1fde0    1fde0     1000     1                 fiq_stack
   20de0    20de0        4     4         timer.c.o:(.bss)
   20de0    20de0        4     1                 jiffies
   20de4    20de4     2404     4         fs.c.o:(.bss)
   20de4    20de4      200     1                 sectorbuffer
   20fe4    20fe4        4     1                 first_sector
   20fe8    20fe8      200     1                 vbr
   211e8    211e8     1000     1                 buff
   221e8    221e8     1000     1                 buff2
   231e8    231e8        0     1 _end_bss = .
   231e8    231e8      e18     1 . = ALIGN ( 4096 )
       0        0       29     1 .comment
       0        0       29     1         <internal>:(.comment)
       0        0       4a     1 .ARM.attributes
       0        0       4a     1         kmain.c.o:(.ARM.attributes)
       0        0     1180     4 .symtab
       0        0     1180     4         <internal>:(.symtab)
       0        0       6a     1 .shstrtab
       0        0       6a     1         <internal>:(.shstrtab)
       0        0      a55     1 .strtab
       0        0      a55     1         <internal>:(.strtab)
