     VMA      LMA     Size Align Out     In      Symbol
       0        0     8000     1 . = 0x8000
    8000        0        0     1 _start_text = .
    8000     8000     4098     4 .text
    8000     8000       7c     4         kmain.c.o:(.text)
    8000     8000        0     1                 $a.0
    8000     8000        0     1                 _start
    8008     8008       74     1                 kmain
    8078     8078        0     1                 $d.1
    807c     807c       94     4         serial.c.o:(.text)
    807c     807c        0     1                 $a.0
    807c     807c       54     1                 serial_init
    80c0     80c0        0     1                 $d.1
    80d0     80d0        0     1                 $a.2
    80d0     80d0       40     1                 serial_putc
    8108     8108        0     1                 $d.3
    8110     8110       b0     4         testsuite.c.o:(.text)
    8110     8110        0     1                 $a.0
    8110     8110       48     1                 div1000
    8154     8154        0     1                 $d.1
    8158     8158        0     1                 $a.2
    8158     8158       68     1                 sweet
    81bc     81bc        0     1                 $d.3
    81c0     81c0      714     4         console.c.o:(.text)
    81c0     81c0        0     1                 $a.0
    81c0     81c0      714     1                 console_putc
    87ec     87ec        0     1                 $d.1
    88d4     88d4      468     4         video.c.o:(.text)
    88d4     88d4        0     1                 $a.0
    88d4     88d4      120     1                 video_init
    89e4     89e4        0     1                 $d.1
    89f4     89f4       64     1                 mailbox_write
    89f4     89f4        0     1                 $a.2
    8a50     8a50        0     1                 $d.3
    8a58     8a58       80     1                 mailbox_read
    8a58     8a58        0     1                 $a.4
    8ad0     8ad0        0     1                 $d.5
    8ad8     8ad8        0     1                 $a.6
    8ad8     8ad8       a4     1                 video_set_pixel
    8b74     8b74        0     1                 $d.7
    8b7c     8b7c        0     1                 $a.8
    8b7c     8b7c      1c0     1                 video_draw_character
    8d28     8d28        0     1                 $d.9
    8d3c     8d3c      3c4     4         interrupt.c.o:(.text)
    8d3c     8d3c        0     1                 interrupt_table_begin
    8d3c     8d3c        0     1                 $a.0
    8d5c     8d5c        0     1                 $d.1
    8d7c     8d7c        0     1                 asm_handler_reset
    8d7c     8d7c        0     1                 interrupt_table_end
    8d7c     8d7c        0     1                 $a.2
    8d98     8d98        0     1                 asm_handler_undefined
    8db4     8db4        0     1                 asm_handler_svc
    8dcc     8dcc        0     1                 asm_handler_prefetch_abort
    8de8     8de8        0     1                 asm_handler_data_abort
    8e04     8e04        0     1                 asm_handler_reserved
    8e20     8e20        0     1                 asm_handler_irq
    8e3c     8e3c        0     1                 asm_handler_fiq
    8e58     8e58       50     1                 interrupt_init
    8ea0     8ea0        0     1                 $d.3
    8ea8     8ea8        0     1                 $a.4
    8ea8     8ea8        c     1                 halt
    8eb4     8eb4       20     1                 handler_reset
    8ed0     8ed0        0     1                 $d.5
    8ed4     8ed4        0     1                 $a.6
    8ed4     8ed4       20     1                 handler_undefined
    8ef0     8ef0        0     1                 $d.7
    8ef4     8ef4        0     1                 $a.8
    8ef4     8ef4       20     1                 handler_svc
    8f10     8f10        0     1                 $d.9
    8f14     8f14        0     1                 $a.10
    8f14     8f14       20     1                 handler_prefetch_abort
    8f30     8f30        0     1                 $d.11
    8f34     8f34        0     1                 $a.12
    8f34     8f34       20     1                 handler_data_abort
    8f50     8f50        0     1                 $d.13
    8f54     8f54        0     1                 $a.14
    8f54     8f54       20     1                 handler_reserved
    8f70     8f70        0     1                 $d.15
    8f74     8f74        0     1                 $a.16
    8f74     8f74       68     1                 handler_irq
    8fd4     8fd4        0     1                 $d.17
    8fdc     8fdc        0     1                 $a.18
    8fdc     8fdc       20     1                 handler_fiq
    8ff8     8ff8        0     1                 $d.19
    8ffc     8ffc        0     1                 $a.20
    8ffc     8ffc       10     1                 interrupt_enable
    900c     900c       d4     1                 register_interrupt_handler
    90c4     90c4        0     1                 $d.21
    9100     9100      1ec     4         utils.c.o:(.text)
    9100     9100        0     1                 $a.0
    9100     9100       48     1                 bss_init
    9140     9140        0     1                 $d.1
    9148     9148        0     1                 $a.2
    9148     9148       6c     1                 kmemset
    91b4     91b4       68     1                 kmemcpy
    921c     921c       a8     1                 getValue
    92c4     92c4       28     1                 panic
    92e8     92e8        0     1                 $d.3
    92ec     92ec      108     4         timer.c.o:(.text)
    92ec     92ec        0     1                 $a.0
    92ec     92ec       4c     1                 timer_init
    9328     9328        0     1                 $d.1
    9338     9338        0     1                 $a.2
    9338     9338       84     1                 timer_interrupt
    93ac     93ac        0     1                 $d.3
    93bc     93bc        0     1                 $a.4
    93bc     93bc       38     1                 get_uptime
    93e8     93e8        0     1                 $d.5
    93f4     93f4     2c90     4         kprintf.c.o:(.text)
    93f4     93f4        0     1                 $a.0
    93f4     93f4       3c     1                 stbsp_set_separators
    9428     9428        0     1                 $d.1
    9430     9430        0     1                 $a.2
    9430     9430     2178     1                 stbsp_vsprintfcb
    9674     9674        0     1                 $d.3
    9774     9774        0     1                 $a.4
    9a5c     9a5c        0     1                 $d.5
    9b24     9b24        0     1                 $a.6
    9c94     9c94        0     1                 $d.7
    9d74     9d74        0     1                 $a.8
    a558     a558        0     1                 $d.9
    a564     a564        0     1                 $a.10
    ad98     ad98        0     1                 $d.11
    ad9c     ad9c        0     1                 $a.12
    ae74     ae74        0     1                 $d.13
    ae78     ae78        0     1                 $a.14
    aeac     aeac        0     1                 $d.15
    aeb4     aeb4        0     1                 $a.16
    af30     af30        0     1                 $d.17
    af34     af34        0     1                 $a.18
    af68     af68        0     1                 $d.19
    af70     af70        0     1                 $a.20
    b1a0     b1a0        0     1                 $d.21
    b1a4     b1a4        0     1                 $a.22
    b320     b320        0     1                 $d.23
    b324     b324        0     1                 $a.24
    b3cc     b3cc        0     1                 $d.25
    b3d0     b3d0        0     1                 $a.26
    b438     b438        0     1                 $d.27
    b43c     b43c        0     1                 $a.28
    b570     b570        0     1                 $d.29
    b574     b574        0     1                 $a.30
    b59c     b59c        0     1                 $d.31
    b5a8     b5a8      168     1                 stbsp__strlen_limited
    b5a8     b5a8        0     1                 $a.32
    b708     b708        0     1                 $d.33
    b710     b710       f8     1                 mod64
    b710     b710        0     1                 $a.34
    b808     b808      128     1                 div64
    b930     b930       ac     1                 mod
    b9dc     b9dc       c8     1                 div
    baa4     baa4       ac     1                 stbsp__lead_sign
    bb50     bb50       60     1                 stbsp_sprintf
    bbb0     bbb0      114     1                 stbsp_vsnprintf
    bcbc     bcbc        0     1                 $d.35
    bcc4     bcc4       3c     1                 stbsp__count_clamp_callback
    bcc4     bcc4        0     1                 $a.36
    bd00     bd00      17c     1                 stbsp__clamp_callback
    be7c     be7c       54     1                 stbsp_snprintf
    bed0     bed0       40     1                 stbsp_vsprintf
    bf10     bf10       68     1                 kprintf
    bf74     bf74        0     1                 $d.37
    bf78     bf78       68     1                 callback
    bf78     bf78        0     1                 $a.38
    bfe0     bfe0       50     1                 ksprintf
    c030     c030       54     1                 ksnprintf
    c084     c084       14     4         memory.c.o:(.text)
    c084     c084        0     1                 $a.0
    c084     c084       14     1                 memory_barrier
    c098     c098        0     1 _end_text = .
    c098     c098       10     4 .ARM.exidx
    c098     c098       10     4         <internal>:(.ARM.exidx)
    c0a8     c0a8      f58     1 . = ALIGN ( 4096 )
    d000     d000        0     1 _start_rodata = .
    d000     d000     50a8     4 .rodata
    d000     d000       a7     1         <internal>:(.rodata)
    d0a8     d0a8     5000     4         video.c.o:(.rodata)
    d0a8     d0a8     5000     1                 font_data
   120a8    120a8        0     1 _end_rodata = .
   120a8    120a8       30     4 .got
   120a8    120a8       30     4         <internal>:(.got)
   120d8    120d8      f28     1 . = ALIGN ( 4096 )
   13000    13000        0     1 _start_data = .
   13000    13000      104     4 .data
   13000    13000        c     4         console.c.o:(.data)
   13000    13000        4     1                 console_putc.col
   13004    13004        4     1                 console_putc.curr_fg
   13008    13008        4     1                 console_putc.max_col
   1300c    1300c        4     4         timer.c.o:(.data)
   1300c    1300c        4     1                 delta
   13010    13010       f4     2         kprintf.c.o:(.data)
   13010    13010        1     1                 stbsp__period
   13011    13011        1     1                 stbsp__comma
   13012    13012       13     1                 stbsp_vsprintfcb.hex
   13025    13025       13     1                 stbsp_vsprintfcb.hexu
   13038    13038       cc     1                 stbsp__digitpair
   13104    13104        0     1 _end_data = .
   13104    13104      efc     1 . = ALIGN ( 4096 )
   14000    14000        0     1 _start_bss = .
   14000    14000     8044     4 .bss
   14000    14000        c     4         console.c.o:(.bss)
   14000    14000        4     1                 doingColor
   14004    14004        4     1                 console_putc.row
   14008    14008        4     1                 console_putc.curr_bg
   1400c    1400c       10     4         video.c.o:(.bss)
   1400c    1400c        3     1                 foregroundColor
   1400f    1400f        3     1                 backgroundColor
   14014    14014        4     1                 framebuffer
   14018    14018        4     1                 pitch
   1401c    1401c     8024     4         interrupt.c.o:(.bss)
   1401c    1401c        4     1                 numHandlers
   14020    14020       20     1                 handlers
   14040    14040     1000     1                 reset_stack
   15040    15040     1000     1                 undefined_stack
   16040    16040     1000     1                 svc_stack
   17040    17040     1000     1                 prefetch_abort_stack
   18040    18040     1000     1                 data_abort_stack
   19040    19040     1000     1                 reserved_stack
   1a040    1a040     1000     1                 irq_stack
   1b040    1b040     1000     1                 fiq_stack
   1c040    1c040        4     4         timer.c.o:(.bss)
   1c040    1c040        4     1                 jiffies
   1c044    1c044        0     1 _end_bss = .
   1c044    1c044      fbc     1 . = ALIGN ( 4096 )
       0        0       29     1 .comment
       0        0       29     1         <internal>:(.comment)
       0        0       4a     1 .ARM.attributes
       0        0       4a     1         kmain.c.o:(.ARM.attributes)
       0        0      ca0     4 .symtab
       0        0      ca0     4         <internal>:(.symtab)
       0        0       5d     1 .shstrtab
       0        0       5d     1         <internal>:(.shstrtab)
       0        0      7ac     1 .strtab
       0        0      7ac     1         <internal>:(.strtab)
