     VMA      LMA     Size Align Out     In      Symbol
       0        0     8000     1 . = 0x8000
    8000        0        0     1 _start_text = .
    8000     8000     4d48     4 .text
    8000     8000       58     4         kmain.c.o:(.text)
    8000     8000        0     1                 $a.0
    8000     8000        0     1                 _start
    8008     8008       50     1                 kmain
    8050     8050        0     1                 $d.1
    8058     8058       94     4         serial.c.o:(.text)
    8058     8058        0     1                 $a.0
    8058     8058       54     1                 serial_init
    809c     809c        0     1                 $d.1
    80ac     80ac        0     1                 $a.2
    80ac     80ac       40     1                 serial_putc
    80e4     80e4        0     1                 $d.3
    80ec     80ec       b0     4         testsuite.c.o:(.text)
    80ec     80ec        0     1                 $a.0
    80ec     80ec       48     1                 div1000
    8130     8130        0     1                 $d.1
    8134     8134        0     1                 $a.2
    8134     8134       68     1                 sweet
    8198     8198        0     1                 $d.3
    819c     819c      714     4         console.c.o:(.text)
    819c     819c        0     1                 $a.0
    819c     819c      714     1                 console_putc
    87c8     87c8        0     1                 $d.1
    88b0     88b0      468     4         video.c.o:(.text)
    88b0     88b0        0     1                 $a.0
    88b0     88b0      120     1                 video_init
    89c0     89c0        0     1                 $d.1
    89d0     89d0       64     1                 mailbox_write
    89d0     89d0        0     1                 $a.2
    8a2c     8a2c        0     1                 $d.3
    8a34     8a34       80     1                 mailbox_read
    8a34     8a34        0     1                 $a.4
    8aac     8aac        0     1                 $d.5
    8ab4     8ab4        0     1                 $a.6
    8ab4     8ab4       a4     1                 video_set_pixel
    8b50     8b50        0     1                 $d.7
    8b58     8b58        0     1                 $a.8
    8b58     8b58      1c0     1                 video_draw_character
    8d04     8d04        0     1                 $d.9
    8d18     8d18      3c4     4         interrupt.c.o:(.text)
    8d18     8d18        0     1                 interrupt_table_begin
    8d18     8d18        0     1                 $a.0
    8d38     8d38        0     1                 $d.1
    8d58     8d58        0     1                 asm_handler_reset
    8d58     8d58        0     1                 interrupt_table_end
    8d58     8d58        0     1                 $a.2
    8d74     8d74        0     1                 asm_handler_undefined
    8d90     8d90        0     1                 asm_handler_svc
    8da8     8da8        0     1                 asm_handler_prefetch_abort
    8dc4     8dc4        0     1                 asm_handler_data_abort
    8de0     8de0        0     1                 asm_handler_reserved
    8dfc     8dfc        0     1                 asm_handler_irq
    8e18     8e18        0     1                 asm_handler_fiq
    8e34     8e34       50     1                 interrupt_init
    8e7c     8e7c        0     1                 $d.3
    8e84     8e84        0     1                 $a.4
    8e84     8e84        c     1                 halt
    8e90     8e90       20     1                 handler_reset
    8eac     8eac        0     1                 $d.5
    8eb0     8eb0        0     1                 $a.6
    8eb0     8eb0       20     1                 handler_undefined
    8ecc     8ecc        0     1                 $d.7
    8ed0     8ed0        0     1                 $a.8
    8ed0     8ed0       20     1                 handler_svc
    8eec     8eec        0     1                 $d.9
    8ef0     8ef0        0     1                 $a.10
    8ef0     8ef0       20     1                 handler_prefetch_abort
    8f0c     8f0c        0     1                 $d.11
    8f10     8f10        0     1                 $a.12
    8f10     8f10       20     1                 handler_data_abort
    8f2c     8f2c        0     1                 $d.13
    8f30     8f30        0     1                 $a.14
    8f30     8f30       20     1                 handler_reserved
    8f4c     8f4c        0     1                 $d.15
    8f50     8f50        0     1                 $a.16
    8f50     8f50       68     1                 handler_irq
    8fb0     8fb0        0     1                 $d.17
    8fb8     8fb8        0     1                 $a.18
    8fb8     8fb8       20     1                 handler_fiq
    8fd4     8fd4        0     1                 $d.19
    8fd8     8fd8        0     1                 $a.20
    8fd8     8fd8       10     1                 interrupt_enable
    8fe8     8fe8       d4     1                 register_interrupt_handler
    90a0     90a0        0     1                 $d.21
    90dc     90dc        0     4         errno.c.o:(.text)
    90dc     90dc      1ec     4         utils.c.o:(.text)
    90dc     90dc        0     1                 $a.0
    90dc     90dc       48     1                 bss_init
    911c     911c        0     1                 $d.1
    9124     9124        0     1                 $a.2
    9124     9124       6c     1                 kmemset
    9190     9190       68     1                 kmemcpy
    91f8     91f8       a8     1                 getValue
    92a0     92a0       28     1                 panic
    92c4     92c4        0     1                 $d.3
    92c8     92c8      9cc     4         sd.c.o:(.text)
    92c8     92c8        0     1                 $a.0
    92c8     92c8      2a0     1                 sd_init
    9530     9530        0     1                 $d.1
    9568     9568        0     1                 $a.2
    9568     9568       50     1                 delay_millisec
    95b8     95b8      1c8     1                 setClock
    976c     976c        0     1                 $d.3
    9780     9780      194     1                 sendCommand
    9780     9780        0     1                 $a.4
    98f4     98f4        0     1                 $d.5
    9914     9914       6c     1                 sendAppCommand
    9914     9914        0     1                 $a.6
    9980     9980       c0     1                 waitForStatusBitsToBeZero
    9a30     9a30        0     1                 $d.7
    9a40     9a40       cc     1                 waitForInterrupt
    9a40     9a40        0     1                 $a.8
    9b00     9b00        0     1                 $d.9
    9b0c     9b0c        0     1                 $a.10
    9b0c     9b0c       b8     1                 sd_read_sector
    9bb8     9bb8        0     1                 $d.11
    9bc4     9bc4        0     1                 $a.12
    9bc4     9bc4       b8     1                 sd_write_sector
    9c74     9c74        0     1                 $d.13
    9c7c     9c7c       18     1                 getHostControllerVersion
    9c7c     9c7c        0     1                 $a.14
    9c90     9c90        0     1                 $d.15
    9c94     9c94      108     4         timer.c.o:(.text)
    9c94     9c94        0     1                 $a.0
    9c94     9c94       4c     1                 timer_init
    9cd0     9cd0        0     1                 $d.1
    9ce0     9ce0        0     1                 $a.2
    9ce0     9ce0       84     1                 timer_interrupt
    9d54     9d54        0     1                 $d.3
    9d64     9d64        0     1                 $a.4
    9d64     9d64       38     1                 get_uptime
    9d90     9d90        0     1                 $d.5
    9d9c     9d9c      308     4         fs.c.o:(.text)
    9d9c     9d9c        0     1                 $a.0
    9d9c     9d9c      28c     1                 disk_init
    a008     a008        0     1                 $d.1
    a028     a028        0     1                 $a.2
    a028     a028       7c     1                 clusterNumberToSectorNumber
    a09c     a09c        0     1                 $d.3
    a0a4     a0a4     2c90     4         kprintf.c.o:(.text)
    a0a4     a0a4        0     1                 $a.0
    a0a4     a0a4       3c     1                 stbsp_set_separators
    a0d8     a0d8        0     1                 $d.1
    a0e0     a0e0        0     1                 $a.2
    a0e0     a0e0     2178     1                 stbsp_vsprintfcb
    a324     a324        0     1                 $d.3
    a424     a424        0     1                 $a.4
    a70c     a70c        0     1                 $d.5
    a7d4     a7d4        0     1                 $a.6
    a944     a944        0     1                 $d.7
    aa24     aa24        0     1                 $a.8
    b208     b208        0     1                 $d.9
    b214     b214        0     1                 $a.10
    ba48     ba48        0     1                 $d.11
    ba4c     ba4c        0     1                 $a.12
    bb24     bb24        0     1                 $d.13
    bb28     bb28        0     1                 $a.14
    bb5c     bb5c        0     1                 $d.15
    bb64     bb64        0     1                 $a.16
    bbe0     bbe0        0     1                 $d.17
    bbe4     bbe4        0     1                 $a.18
    bc18     bc18        0     1                 $d.19
    bc20     bc20        0     1                 $a.20
    be50     be50        0     1                 $d.21
    be54     be54        0     1                 $a.22
    bfd0     bfd0        0     1                 $d.23
    bfd4     bfd4        0     1                 $a.24
    c07c     c07c        0     1                 $d.25
    c080     c080        0     1                 $a.26
    c0e8     c0e8        0     1                 $d.27
    c0ec     c0ec        0     1                 $a.28
    c220     c220        0     1                 $d.29
    c224     c224        0     1                 $a.30
    c24c     c24c        0     1                 $d.31
    c258     c258      168     1                 stbsp__strlen_limited
    c258     c258        0     1                 $a.32
    c3b8     c3b8        0     1                 $d.33
    c3c0     c3c0       f8     1                 mod64
    c3c0     c3c0        0     1                 $a.34
    c4b8     c4b8      128     1                 div64
    c5e0     c5e0       ac     1                 mod
    c68c     c68c       c8     1                 div
    c754     c754       ac     1                 stbsp__lead_sign
    c800     c800       60     1                 stbsp_sprintf
    c860     c860      114     1                 stbsp_vsnprintf
    c96c     c96c        0     1                 $d.35
    c974     c974       3c     1                 stbsp__count_clamp_callback
    c974     c974        0     1                 $a.36
    c9b0     c9b0      17c     1                 stbsp__clamp_callback
    cb2c     cb2c       54     1                 stbsp_snprintf
    cb80     cb80       40     1                 stbsp_vsprintf
    cbc0     cbc0       68     1                 kprintf
    cc24     cc24        0     1                 $d.37
    cc28     cc28       68     1                 callback
    cc28     cc28        0     1                 $a.38
    cc90     cc90       50     1                 ksprintf
    cce0     cce0       54     1                 ksnprintf
    cd34     cd34       14     4         memory.c.o:(.text)
    cd34     cd34        0     1                 $a.0
    cd34     cd34       14     1                 memory_barrier
    cd48     cd48        0     1 _end_text = .
    cd48     cd48       10     4 .ARM.exidx
    cd48     cd48       10     4         <internal>:(.ARM.exidx)
    cd58     cd58      2a8     1 . = ALIGN ( 4096 )
    d000     d000        0     1 _start_rodata = .
    d000     d000     51c4     4 .rodata
    d000     d000      1c3     1         <internal>:(.rodata)
    d1c4     d1c4     5000     4         video.c.o:(.rodata)
    d1c4     d1c4     5000     1                 font_data
   121c4    121c4        0     1 _end_rodata = .
   121c4    121c4       34     4 .got
   121c4    121c4       34     4         <internal>:(.got)
   121f8    121f8      e08     1 . = ALIGN ( 4096 )
   13000    13000        0     1 _start_data = .
   13000    13000      104     4 .data
   13000    13000        c     4         console.c.o:(.data)
   13000    13000        4     1                 console_putc.col
   13004    13004        4     1                 console_putc.curr_fg
   13008    13008        4     1                 console_putc.max_col
   1300c    1300c        4     4         timer.c.o:(.data)
   1300c    1300c        4     1                 delta
   13010    13010       f4     2         kprintf.c.o:(.data)
   13010    13010        1     1                 stbsp__period
   13011    13011        1     1                 stbsp__comma
   13012    13012       13     1                 stbsp_vsprintfcb.hex
   13025    13025       13     1                 stbsp_vsprintfcb.hexu
   13038    13038       cc     1                 stbsp__digitpair
   13104    13104        0     1 _end_data = .
   13104    13104      efc     1 . = ALIGN ( 4096 )
   14000    14000        0     1 _start_bss = .
   14000    14000     a448     4 .bss
   14000    14000        c     4         console.c.o:(.bss)
   14000    14000        4     1                 doingColor
   14004    14004        4     1                 console_putc.row
   14008    14008        4     1                 console_putc.curr_bg
   1400c    1400c       10     4         video.c.o:(.bss)
   1400c    1400c        3     1                 foregroundColor
   1400f    1400f        3     1                 backgroundColor
   14014    14014        4     1                 framebuffer
   14018    14018        4     1                 pitch
   1401c    1401c     8024     4         interrupt.c.o:(.bss)
   1401c    1401c        4     1                 numHandlers
   14020    14020       20     1                 handlers
   14040    14040     1000     1                 reset_stack
   15040    15040     1000     1                 undefined_stack
   16040    16040     1000     1                 svc_stack
   17040    17040     1000     1                 prefetch_abort_stack
   18040    18040     1000     1                 data_abort_stack
   19040    19040     1000     1                 reserved_stack
   1a040    1a040     1000     1                 irq_stack
   1b040    1b040     1000     1                 fiq_stack
   1c040    1c040        4     4         timer.c.o:(.bss)
   1c040    1c040        4     1                 jiffies
   1c044    1c044     2404     4         fs.c.o:(.bss)
   1c044    1c044      200     1                 sectorbuffer
   1c244    1c244        4     1                 first_sector
   1c248    1c248      200     1                 vbr
   1c448    1c448     1000     1                 buff
   1d448    1d448     1000     1                 buff2
   1e448    1e448        0     1 _end_bss = .
   1e448    1e448      bb8     1 . = ALIGN ( 4096 )
       0        0       29     1 .comment
       0        0       29     1         <internal>:(.comment)
       0        0       4a     1 .ARM.attributes
       0        0       4a     1         kmain.c.o:(.ARM.attributes)
       0        0      f20     4 .symtab
       0        0      f20     4         <internal>:(.symtab)
       0        0       5d     1 .shstrtab
       0        0       5d     1         <internal>:(.shstrtab)
       0        0      915     1 .strtab
       0        0      915     1         <internal>:(.strtab)
