     VMA      LMA     Size Align Out     In      Symbol
       0        0     8000     1 . = 0x8000
    8000        0        0     1 _start_text = .
    8000     8000     6428     4 .text
    8000     8000       5c     4         kmain.c.o:(.text)
    8000     8000        0     1                 $a.0
    8000     8000        0     1                 _start
    8008     8008       54     1                 kmain
    8054     8054        0     1                 $d.1
    805c     805c       94     4         serial.c.o:(.text)
    805c     805c        0     1                 $a.0
    805c     805c       54     1                 serial_init
    80a0     80a0        0     1                 $d.1
    80b0     80b0        0     1                 $a.2
    80b0     80b0       40     1                 serial_putc
    80e8     80e8        0     1                 $d.3
    80f0     80f0      7c4     4         testsuite.c.o:(.text)
    80f0     80f0        0     1                 $a.0
    80f0     80f0      578     1                 sweet
    862c     862c        0     1                 $d.1
    8668     8668       50     1                 mystrlen
    8668     8668        0     1                 $a.2
    86b8     86b8      1fc     1                 memdump
    889c     889c        0     1                 $d.3
    88b4     88b4      714     4         console.c.o:(.text)
    88b4     88b4        0     1                 $a.0
    88b4     88b4      714     1                 console_putc
    8ee0     8ee0        0     1                 $d.1
    8fc8     8fc8      d5c     4         file.c.o:(.text)
    8fc8     8fc8        0     1                 $a.0
    8fc8     8fc8      200     1                 file_open
    91b0     91b0        0     1                 $d.1
    91c8     91c8        0     1                 $a.2
    91c8     91c8      3d4     1                 scanForMatchingFilename
    959c     959c       94     1                 file_close
    9628     9628        0     1                 $d.3
    9630     9630        0     1                 $a.4
    9630     9630      2d0     1                 file_read
    98d8     98d8        0     1                 $d.5
    9900     9900        0     1                 $a.6
    9900     9900      388     1                 file_seek
    9c48     9c48        0     1                 $d.7
    9c88     9c88        0     1                 $a.8
    9c88     9c88       80     1                 file_tell
    9d04     9d04        0     1                 $d.9
    9d08     9d08        0     1                 $a.10
    9d08     9d08       1c     1                 file_write
    9d24     9d24      468     4         video.c.o:(.text)
    9d24     9d24        0     1                 $a.0
    9d24     9d24      120     1                 video_init
    9e34     9e34        0     1                 $d.1
    9e44     9e44       64     1                 mailbox_write
    9e44     9e44        0     1                 $a.2
    9ea0     9ea0        0     1                 $d.3
    9ea8     9ea8       80     1                 mailbox_read
    9ea8     9ea8        0     1                 $a.4
    9f20     9f20        0     1                 $d.5
    9f28     9f28        0     1                 $a.6
    9f28     9f28       a4     1                 video_set_pixel
    9fc4     9fc4        0     1                 $d.7
    9fcc     9fcc        0     1                 $a.8
    9fcc     9fcc      1c0     1                 video_draw_character
    a178     a178        0     1                 $d.9
    a18c     a18c      3c4     4         interrupt.c.o:(.text)
    a18c     a18c        0     1                 interrupt_table_begin
    a18c     a18c        0     1                 $a.0
    a1ac     a1ac        0     1                 $d.1
    a1cc     a1cc        0     1                 asm_handler_reset
    a1cc     a1cc        0     1                 interrupt_table_end
    a1cc     a1cc        0     1                 $a.2
    a1e8     a1e8        0     1                 asm_handler_undefined
    a204     a204        0     1                 asm_handler_svc
    a21c     a21c        0     1                 asm_handler_prefetch_abort
    a238     a238        0     1                 asm_handler_data_abort
    a254     a254        0     1                 asm_handler_reserved
    a270     a270        0     1                 asm_handler_irq
    a28c     a28c        0     1                 asm_handler_fiq
    a2a8     a2a8       50     1                 interrupt_init
    a2f0     a2f0        0     1                 $d.3
    a2f8     a2f8        0     1                 $a.4
    a2f8     a2f8        c     1                 halt
    a304     a304       20     1                 handler_reset
    a320     a320        0     1                 $d.5
    a324     a324        0     1                 $a.6
    a324     a324       20     1                 handler_undefined
    a340     a340        0     1                 $d.7
    a344     a344        0     1                 $a.8
    a344     a344       20     1                 handler_svc
    a360     a360        0     1                 $d.9
    a364     a364        0     1                 $a.10
    a364     a364       20     1                 handler_prefetch_abort
    a380     a380        0     1                 $d.11
    a384     a384        0     1                 $a.12
    a384     a384       20     1                 handler_data_abort
    a3a0     a3a0        0     1                 $d.13
    a3a4     a3a4        0     1                 $a.14
    a3a4     a3a4       20     1                 handler_reserved
    a3c0     a3c0        0     1                 $d.15
    a3c4     a3c4        0     1                 $a.16
    a3c4     a3c4       68     1                 handler_irq
    a424     a424        0     1                 $d.17
    a42c     a42c        0     1                 $a.18
    a42c     a42c       20     1                 handler_fiq
    a448     a448        0     1                 $d.19
    a44c     a44c        0     1                 $a.20
    a44c     a44c       10     1                 interrupt_enable
    a45c     a45c       d4     1                 register_interrupt_handler
    a514     a514        0     1                 $d.21
    a550     a550        0     4         errno.c.o:(.text)
    a550     a550      a78     4         sd.c.o:(.text)
    a550     a550        0     1                 $a.0
    a550     a550      2a0     1                 sd_init
    a7b8     a7b8        0     1                 $d.1
    a7f0     a7f0        0     1                 $a.2
    a7f0     a7f0       50     1                 delay_millisec
    a840     a840      1c8     1                 setClock
    a9f4     a9f4        0     1                 $d.3
    aa08     aa08      194     1                 sendCommand
    aa08     aa08        0     1                 $a.4
    ab7c     ab7c        0     1                 $d.5
    ab9c     ab9c       6c     1                 sendAppCommand
    ab9c     ab9c        0     1                 $a.6
    ac08     ac08       c0     1                 waitForStatusBitsToBeZero
    acb8     acb8        0     1                 $d.7
    acc8     acc8       cc     1                 waitForInterrupt
    acc8     acc8        0     1                 $a.8
    ad88     ad88        0     1                 $d.9
    ad94     ad94        0     1                 $a.10
    ad94     ad94       b8     1                 sd_read_sector
    ae40     ae40        0     1                 $d.11
    ae4c     ae4c        0     1                 $a.12
    ae4c     ae4c       b8     1                 sd_write_sector
    aefc     aefc        0     1                 $d.13
    af04     af04        0     1                 $a.14
    af04     af04       ac     1                 disc_read_sectors
    afb0     afb0       18     1                 getHostControllerVersion
    afc4     afc4        0     1                 $d.15
    afc8     afc8      338     4         utils.c.o:(.text)
    afc8     afc8        0     1                 $a.0
    afc8     afc8       48     1                 bss_init
    b008     b008        0     1                 $d.1
    b010     b010        0     1                 $a.2
    b010     b010       6c     1                 kmemset
    b07c     b07c       68     1                 kmemcpy
    b0e4     b0e4       a8     1                 getValue
    b18c     b18c       28     1                 panic
    b1b0     b1b0        0     1                 $d.3
    b1b4     b1b4        0     1                 $a.4
    b1b4     b1b4       44     1                 toupper
    b1f8     b1f8       c4     1                 kmemcmp
    b2bc     b2bc       44     1                 Min32
    b300     b300      108     4         timer.c.o:(.text)
    b300     b300        0     1                 $a.0
    b300     b300       4c     1                 timer_init
    b33c     b33c        0     1                 $d.1
    b34c     b34c        0     1                 $a.2
    b34c     b34c       84     1                 timer_interrupt
    b3c0     b3c0        0     1                 $d.3
    b3d0     b3d0        0     1                 $a.4
    b3d0     b3d0       38     1                 get_uptime
    b3fc     b3fc        0     1                 $d.5
    b408     b408      37c     4         fs.c.o:(.text)
    b408     b408        0     1                 $a.0
    b408     b408      248     1                 disk_init
    b638     b638        0     1                 $d.1
    b650     b650        0     1                 $a.2
    b650     b650       7c     1                 clusterNumberToSectorNumber
    b6c4     b6c4        0     1                 $d.3
    b6cc     b6cc        0     1                 $a.4
    b6cc     b6cc       a8     1                 read_cluster
    b774     b774       10     1                 getVBR
    b780     b780        0     1                 $d.5
    b784     b784     2c90     4         kprintf.c.o:(.text)
    b784     b784        0     1                 $a.0
    b784     b784       3c     1                 stbsp_set_separators
    b7b8     b7b8        0     1                 $d.1
    b7c0     b7c0        0     1                 $a.2
    b7c0     b7c0     2178     1                 stbsp_vsprintfcb
    ba04     ba04        0     1                 $d.3
    bb04     bb04        0     1                 $a.4
    bdec     bdec        0     1                 $d.5
    beb4     beb4        0     1                 $a.6
    c024     c024        0     1                 $d.7
    c104     c104        0     1                 $a.8
    c8e8     c8e8        0     1                 $d.9
    c8f4     c8f4        0     1                 $a.10
    d128     d128        0     1                 $d.11
    d12c     d12c        0     1                 $a.12
    d204     d204        0     1                 $d.13
    d208     d208        0     1                 $a.14
    d23c     d23c        0     1                 $d.15
    d244     d244        0     1                 $a.16
    d2c0     d2c0        0     1                 $d.17
    d2c4     d2c4        0     1                 $a.18
    d2f8     d2f8        0     1                 $d.19
    d300     d300        0     1                 $a.20
    d530     d530        0     1                 $d.21
    d534     d534        0     1                 $a.22
    d6b0     d6b0        0     1                 $d.23
    d6b4     d6b4        0     1                 $a.24
    d75c     d75c        0     1                 $d.25
    d760     d760        0     1                 $a.26
    d7c8     d7c8        0     1                 $d.27
    d7cc     d7cc        0     1                 $a.28
    d900     d900        0     1                 $d.29
    d904     d904        0     1                 $a.30
    d92c     d92c        0     1                 $d.31
    d938     d938      168     1                 stbsp__strlen_limited
    d938     d938        0     1                 $a.32
    da98     da98        0     1                 $d.33
    daa0     daa0       f8     1                 mod64
    daa0     daa0        0     1                 $a.34
    db98     db98      128     1                 div64
    dcc0     dcc0       ac     1                 mod
    dd6c     dd6c       c8     1                 div
    de34     de34       ac     1                 stbsp__lead_sign
    dee0     dee0       60     1                 stbsp_sprintf
    df40     df40      114     1                 stbsp_vsnprintf
    e04c     e04c        0     1                 $d.35
    e054     e054       3c     1                 stbsp__count_clamp_callback
    e054     e054        0     1                 $a.36
    e090     e090      17c     1                 stbsp__clamp_callback
    e20c     e20c       54     1                 stbsp_snprintf
    e260     e260       40     1                 stbsp_vsprintf
    e2a0     e2a0       68     1                 kprintf
    e304     e304        0     1                 $d.37
    e308     e308       68     1                 callback
    e308     e308        0     1                 $a.38
    e370     e370       50     1                 ksprintf
    e3c0     e3c0       54     1                 ksnprintf
    e414     e414       14     4         memory.c.o:(.text)
    e414     e414        0     1                 $a.0
    e414     e414       14     1                 memory_barrier
    e428     e428        0     1 _end_text = .
    e428     e428       10     4 .ARM.exidx
    e428     e428       10     4         <internal>:(.ARM.exidx)
    e438     e438      bc8     1 . = ALIGN ( 4096 )
    f000     f000        0     1 _start_rodata = .
    f000     f000     b4fc     4 .rodata
    f000     f000      354     1         <internal>:(.rodata)
    f354     f354     61a8     4         testsuite.c.o:(.rodata)
    f354     f354     33cd     1                 article1
   12721    12721     1713     1                 article2
   13e34    13e34      829     1                 article3
   1465d    1465d      77b     1                 article4
   14dd8    14dd8      353     1                 article5
   1512b    1512b      3b6     1                 article6
   154e4    154e4       18     1                 .L__const.sweet.order
   154fc    154fc     5000     4         video.c.o:(.rodata)
   154fc    154fc     5000     1                 font_data
   1a4fc    1a4fc        0     1 _end_rodata = .
   1a4fc    1a4fc       48     4 .data.rel.ro
   1a4fc    1a4fc       48     4         testsuite.c.o:(.data.rel.ro)
   1a4fc    1a4fc       18     1                 .L__const.sweet.article_content
   1a514    1a514       18     1                 .L__const.sweet.filenames
   1a52c    1a52c       18     1                 .L__const.sweet.p
   1a544    1a544       38     4 .got
   1a544    1a544       38     4         <internal>:(.got)
   1a57c    1a57c      a84     1 . = ALIGN ( 4096 )
   1b000    1b000        0     1 _start_data = .
   1b000    1b000      104     4 .data
   1b000    1b000        c     4         console.c.o:(.data)
   1b000    1b000        4     1                 console_putc.col
   1b004    1b004        4     1                 console_putc.curr_fg
   1b008    1b008        4     1                 console_putc.max_col
   1b00c    1b00c        4     4         timer.c.o:(.data)
   1b00c    1b00c        4     1                 delta
   1b010    1b010       f4     2         kprintf.c.o:(.data)
   1b010    1b010        1     1                 stbsp__period
   1b011    1b011        1     1                 stbsp__comma
   1b012    1b012       13     1                 stbsp_vsprintfcb.hex
   1b025    1b025       13     1                 stbsp_vsprintfcb.hexu
   1b038    1b038       cc     1                 stbsp__digitpair
   1b104    1b104        0     1 _end_data = .
   1b104    1b104      efc     1 . = ALIGN ( 4096 )
   1c000    1c000        0     1 _start_bss = .
   1c000    1c000    2ac84     4 .bss
   1c000    1c000     66bc     1         testsuite.c.o:(.bss)
   1c000    1c000     36e2     1                 sweet.article1_
   1f6e2    1f6e2     17a2     1                 sweet.article2_
   20e84    20e84      866     1                 sweet.article3_
   216ea    216ea      802     1                 sweet.article4_
   21eec    21eec      3b6     1                 sweet.article5_
   222a2    222a2      41a     1                 sweet.article6_
   226bc    226bc        c     4         console.c.o:(.bss)
   226bc    226bc        4     1                 doingColor
   226c0    226c0        4     1                 console_putc.row
   226c4    226c4        4     1                 console_putc.curr_bg
   226c8    226c8    1a180     4         file.c.o:(.bss)
   226c8    226c8      180     1                 fileTable
   22848    22848     1000     1                 clusterBuffer
   23848    23848    19000     1                 fat
   3c848    3c848       10     4         video.c.o:(.bss)
   3c848    3c848        3     1                 foregroundColor
   3c84b    3c84b        3     1                 backgroundColor
   3c850    3c850        4     1                 framebuffer
   3c854    3c854        4     1                 pitch
   3c858    3c858     8024     4         interrupt.c.o:(.bss)
   3c858    3c858        4     1                 numHandlers
   3c85c    3c85c       20     1                 handlers
   3c87c    3c87c     1000     1                 reset_stack
   3d87c    3d87c     1000     1                 undefined_stack
   3e87c    3e87c     1000     1                 svc_stack
   3f87c    3f87c     1000     1                 prefetch_abort_stack
   4087c    4087c     1000     1                 data_abort_stack
   4187c    4187c     1000     1                 reserved_stack
   4287c    4287c     1000     1                 irq_stack
   4387c    4387c     1000     1                 fiq_stack
   4487c    4487c        4     4         timer.c.o:(.bss)
   4487c    4487c        4     1                 jiffies
   44880    44880     2404     4         fs.c.o:(.bss)
   44880    44880      200     1                 sectorbuffer
   44a80    44a80        4     1                 first_sector
   44a84    44a84      200     1                 vbr
   44c84    44c84     1000     1                 buff
   45c84    45c84     1000     1                 buff2
   46c84    46c84        0     1 _end_bss = .
   46c84    46c84      37c     1 . = ALIGN ( 4096 )
       0        0       29     1 .comment
       0        0       29     1         <internal>:(.comment)
       0        0       4a     1 .ARM.attributes
       0        0       4a     1         kmain.c.o:(.ARM.attributes)
       0        0     1220     4 .symtab
       0        0     1220     4         <internal>:(.symtab)
       0        0       6a     1 .shstrtab
       0        0       6a     1         <internal>:(.shstrtab)
       0        0      b12     1 .strtab
       0        0      b12     1         <internal>:(.strtab)
