     VMA      LMA     Size Align Out     In      Symbol
       0        0     8000     1 . = 0x8000
    8000        0        0     1 _start_text = .
    8000     8000     5a64     4 .text
    8000     8000       5c     4         kmain.c.o:(.text)
    8000     8000        0     1                 $a.0
    8000     8000        0     1                 _start
    8008     8008       54     1                 kmain
    8054     8054        0     1                 $d.1
    805c     805c       94     4         serial.c.o:(.text)
    805c     805c        0     1                 $a.0
    805c     805c       54     1                 serial_init
    80a0     80a0        0     1                 $d.1
    80b0     80b0        0     1                 $a.2
    80b0     80b0       40     1                 serial_putc
    80e8     80e8        0     1                 $d.3
    80f0     80f0      5b4     4         testsuite.c.o:(.text)
    80f0     80f0        0     1                 $a.0
    80f0     80f0      5b4     1                 sweet
    8624     8624        0     1                 $d.1
    86a4     86a4      714     4         console.c.o:(.text)
    86a4     86a4        0     1                 $a.0
    86a4     86a4      714     1                 console_putc
    8cd0     8cd0        0     1                 $d.1
    8db8     8db8      664     4         file.c.o:(.text)
    8db8     8db8        0     1                 $a.0
    8db8     8db8      18c     1                 file_open
    8f28     8f28        0     1                 $d.1
    8f44     8f44        0     1                 $a.2
    8f44     8f44      44c     1                 scanForMatchingFilename
    9374     9374        0     1                 $d.3
    9390     9390        0     1                 $a.4
    9390     9390       8c     1                 file_close
    9414     9414        0     1                 $d.5
    941c     941c      468     4         video.c.o:(.text)
    941c     941c        0     1                 $a.0
    941c     941c      120     1                 video_init
    952c     952c        0     1                 $d.1
    953c     953c       64     1                 mailbox_write
    953c     953c        0     1                 $a.2
    9598     9598        0     1                 $d.3
    95a0     95a0       80     1                 mailbox_read
    95a0     95a0        0     1                 $a.4
    9618     9618        0     1                 $d.5
    9620     9620        0     1                 $a.6
    9620     9620       a4     1                 video_set_pixel
    96bc     96bc        0     1                 $d.7
    96c4     96c4        0     1                 $a.8
    96c4     96c4      1c0     1                 video_draw_character
    9870     9870        0     1                 $d.9
    9884     9884      3c4     4         interrupt.c.o:(.text)
    9884     9884        0     1                 interrupt_table_begin
    9884     9884        0     1                 $a.0
    98a4     98a4        0     1                 $d.1
    98c4     98c4        0     1                 asm_handler_reset
    98c4     98c4        0     1                 interrupt_table_end
    98c4     98c4        0     1                 $a.2
    98e0     98e0        0     1                 asm_handler_undefined
    98fc     98fc        0     1                 asm_handler_svc
    9914     9914        0     1                 asm_handler_prefetch_abort
    9930     9930        0     1                 asm_handler_data_abort
    994c     994c        0     1                 asm_handler_reserved
    9968     9968        0     1                 asm_handler_irq
    9984     9984        0     1                 asm_handler_fiq
    99a0     99a0       50     1                 interrupt_init
    99e8     99e8        0     1                 $d.3
    99f0     99f0        0     1                 $a.4
    99f0     99f0        c     1                 halt
    99fc     99fc       20     1                 handler_reset
    9a18     9a18        0     1                 $d.5
    9a1c     9a1c        0     1                 $a.6
    9a1c     9a1c       20     1                 handler_undefined
    9a38     9a38        0     1                 $d.7
    9a3c     9a3c        0     1                 $a.8
    9a3c     9a3c       20     1                 handler_svc
    9a58     9a58        0     1                 $d.9
    9a5c     9a5c        0     1                 $a.10
    9a5c     9a5c       20     1                 handler_prefetch_abort
    9a78     9a78        0     1                 $d.11
    9a7c     9a7c        0     1                 $a.12
    9a7c     9a7c       20     1                 handler_data_abort
    9a98     9a98        0     1                 $d.13
    9a9c     9a9c        0     1                 $a.14
    9a9c     9a9c       20     1                 handler_reserved
    9ab8     9ab8        0     1                 $d.15
    9abc     9abc        0     1                 $a.16
    9abc     9abc       68     1                 handler_irq
    9b1c     9b1c        0     1                 $d.17
    9b24     9b24        0     1                 $a.18
    9b24     9b24       20     1                 handler_fiq
    9b40     9b40        0     1                 $d.19
    9b44     9b44        0     1                 $a.20
    9b44     9b44       10     1                 interrupt_enable
    9b54     9b54       d4     1                 register_interrupt_handler
    9c0c     9c0c        0     1                 $d.21
    9c48     9c48        0     4         errno.c.o:(.text)
    9c48     9c48      9cc     4         sd.c.o:(.text)
    9c48     9c48        0     1                 $a.0
    9c48     9c48      2a0     1                 sd_init
    9eb0     9eb0        0     1                 $d.1
    9ee8     9ee8        0     1                 $a.2
    9ee8     9ee8       50     1                 delay_millisec
    9f38     9f38      1c8     1                 setClock
    a0ec     a0ec        0     1                 $d.3
    a100     a100      194     1                 sendCommand
    a100     a100        0     1                 $a.4
    a274     a274        0     1                 $d.5
    a294     a294       6c     1                 sendAppCommand
    a294     a294        0     1                 $a.6
    a300     a300       c0     1                 waitForStatusBitsToBeZero
    a3b0     a3b0        0     1                 $d.7
    a3c0     a3c0       cc     1                 waitForInterrupt
    a3c0     a3c0        0     1                 $a.8
    a480     a480        0     1                 $d.9
    a48c     a48c        0     1                 $a.10
    a48c     a48c       b8     1                 sd_read_sector
    a538     a538        0     1                 $d.11
    a544     a544        0     1                 $a.12
    a544     a544       b8     1                 sd_write_sector
    a5f4     a5f4        0     1                 $d.13
    a5fc     a5fc       18     1                 getHostControllerVersion
    a5fc     a5fc        0     1                 $a.14
    a610     a610        0     1                 $d.15
    a614     a614      2f4     4         utils.c.o:(.text)
    a614     a614        0     1                 $a.0
    a614     a614       48     1                 bss_init
    a654     a654        0     1                 $d.1
    a65c     a65c        0     1                 $a.2
    a65c     a65c       6c     1                 kmemset
    a6c8     a6c8       68     1                 kmemcpy
    a730     a730       a8     1                 getValue
    a7d8     a7d8       28     1                 panic
    a7fc     a7fc        0     1                 $d.3
    a800     a800        0     1                 $a.4
    a800     a800       44     1                 toupper
    a844     a844       c4     1                 kmemcmp
    a908     a908      108     4         timer.c.o:(.text)
    a908     a908        0     1                 $a.0
    a908     a908       4c     1                 timer_init
    a944     a944        0     1                 $d.1
    a954     a954        0     1                 $a.2
    a954     a954       84     1                 timer_interrupt
    a9c8     a9c8        0     1                 $d.3
    a9d8     a9d8        0     1                 $a.4
    a9d8     a9d8       38     1                 get_uptime
    aa04     aa04        0     1                 $d.5
    aa10     aa10      3b0     4         fs.c.o:(.text)
    aa10     aa10        0     1                 $a.0
    aa10     aa10      28c     1                 disk_init
    ac7c     ac7c        0     1                 $d.1
    ac9c     ac9c        0     1                 $a.2
    ac9c     ac9c       7c     1                 clusterNumberToSectorNumber
    ad10     ad10        0     1                 $d.3
    ad18     ad18        0     1                 $a.4
    ad18     ad18       a8     1                 read_cluster
    adc0     adc0     2c90     4         kprintf.c.o:(.text)
    adc0     adc0        0     1                 $a.0
    adc0     adc0       3c     1                 stbsp_set_separators
    adf4     adf4        0     1                 $d.1
    adfc     adfc        0     1                 $a.2
    adfc     adfc     2178     1                 stbsp_vsprintfcb
    b040     b040        0     1                 $d.3
    b140     b140        0     1                 $a.4
    b428     b428        0     1                 $d.5
    b4f0     b4f0        0     1                 $a.6
    b660     b660        0     1                 $d.7
    b740     b740        0     1                 $a.8
    bf24     bf24        0     1                 $d.9
    bf30     bf30        0     1                 $a.10
    c764     c764        0     1                 $d.11
    c768     c768        0     1                 $a.12
    c840     c840        0     1                 $d.13
    c844     c844        0     1                 $a.14
    c878     c878        0     1                 $d.15
    c880     c880        0     1                 $a.16
    c8fc     c8fc        0     1                 $d.17
    c900     c900        0     1                 $a.18
    c934     c934        0     1                 $d.19
    c93c     c93c        0     1                 $a.20
    cb6c     cb6c        0     1                 $d.21
    cb70     cb70        0     1                 $a.22
    ccec     ccec        0     1                 $d.23
    ccf0     ccf0        0     1                 $a.24
    cd98     cd98        0     1                 $d.25
    cd9c     cd9c        0     1                 $a.26
    ce04     ce04        0     1                 $d.27
    ce08     ce08        0     1                 $a.28
    cf3c     cf3c        0     1                 $d.29
    cf40     cf40        0     1                 $a.30
    cf68     cf68        0     1                 $d.31
    cf74     cf74      168     1                 stbsp__strlen_limited
    cf74     cf74        0     1                 $a.32
    d0d4     d0d4        0     1                 $d.33
    d0dc     d0dc       f8     1                 mod64
    d0dc     d0dc        0     1                 $a.34
    d1d4     d1d4      128     1                 div64
    d2fc     d2fc       ac     1                 mod
    d3a8     d3a8       c8     1                 div
    d470     d470       ac     1                 stbsp__lead_sign
    d51c     d51c       60     1                 stbsp_sprintf
    d57c     d57c      114     1                 stbsp_vsnprintf
    d688     d688        0     1                 $d.35
    d690     d690       3c     1                 stbsp__count_clamp_callback
    d690     d690        0     1                 $a.36
    d6cc     d6cc      17c     1                 stbsp__clamp_callback
    d848     d848       54     1                 stbsp_snprintf
    d89c     d89c       40     1                 stbsp_vsprintf
    d8dc     d8dc       68     1                 kprintf
    d940     d940        0     1                 $d.37
    d944     d944       68     1                 callback
    d944     d944        0     1                 $a.38
    d9ac     d9ac       50     1                 ksprintf
    d9fc     d9fc       54     1                 ksnprintf
    da50     da50       14     4         memory.c.o:(.text)
    da50     da50        0     1                 $a.0
    da50     da50       14     1                 memory_barrier
    da64     da64        0     1 _end_text = .
    da64     da64       10     4 .ARM.exidx
    da64     da64       10     4         <internal>:(.ARM.exidx)
    da74     da74      58c     1 . = ALIGN ( 4096 )
    e000     e000        0     1 _start_rodata = .
    e000     e000     56ec     4 .rodata
    e000     e000      6ea     1         <internal>:(.rodata)
    e6ec     e6ec     5000     4         video.c.o:(.rodata)
    e6ec     e6ec     5000     1                 font_data
   136ec    136ec        0     1 _end_rodata = .
   136ec    136ec       38     4 .got
   136ec    136ec       38     4         <internal>:(.got)
   13724    13724      8dc     1 . = ALIGN ( 4096 )
   14000    14000        0     1 _start_data = .
   14000    14000      194     4 .data
   14000    14000       90     4         testsuite.c.o:(.data)
   14000    14000       70     1                 nonexist
   14070    14070       20     1                 exist
   14090    14090        c     4         console.c.o:(.data)
   14090    14090        4     1                 console_putc.col
   14094    14094        4     1                 console_putc.curr_fg
   14098    14098        4     1                 console_putc.max_col
   1409c    1409c        4     4         timer.c.o:(.data)
   1409c    1409c        4     1                 delta
   140a0    140a0       f4     2         kprintf.c.o:(.data)
   140a0    140a0        1     1                 stbsp__period
   140a1    140a1        1     1                 stbsp__comma
   140a2    140a2       13     1                 stbsp_vsprintfcb.hex
   140b5    140b5       13     1                 stbsp_vsprintfcb.hexu
   140c8    140c8       cc     1                 stbsp__digitpair
   14194    14194        0     1 _end_data = .
   14194    14194      e6c     1 . = ALIGN ( 4096 )
   15000    15000        0     1 _start_bss = .
   15000    15000     b4c8     4 .bss
   15000    15000        c     4         console.c.o:(.bss)
   15000    15000        4     1                 doingColor
   15004    15004        4     1                 console_putc.row
   15008    15008        4     1                 console_putc.curr_bg
   1500c    1500c     1080     4         file.c.o:(.bss)
   1500c    1500c       80     1                 fileTable
   1508c    1508c     1000     1                 file_open.clusterBuffer
   1608c    1608c       10     4         video.c.o:(.bss)
   1608c    1608c        3     1                 foregroundColor
   1608f    1608f        3     1                 backgroundColor
   16094    16094        4     1                 framebuffer
   16098    16098        4     1                 pitch
   1609c    1609c     8024     4         interrupt.c.o:(.bss)
   1609c    1609c        4     1                 numHandlers
   160a0    160a0       20     1                 handlers
   160c0    160c0     1000     1                 reset_stack
   170c0    170c0     1000     1                 undefined_stack
   180c0    180c0     1000     1                 svc_stack
   190c0    190c0     1000     1                 prefetch_abort_stack
   1a0c0    1a0c0     1000     1                 data_abort_stack
   1b0c0    1b0c0     1000     1                 reserved_stack
   1c0c0    1c0c0     1000     1                 irq_stack
   1d0c0    1d0c0     1000     1                 fiq_stack
   1e0c0    1e0c0        4     4         timer.c.o:(.bss)
   1e0c0    1e0c0        4     1                 jiffies
   1e0c4    1e0c4     2404     4         fs.c.o:(.bss)
   1e0c4    1e0c4      200     1                 sectorbuffer
   1e2c4    1e2c4        4     1                 first_sector
   1e2c8    1e2c8      200     1                 vbr
   1e4c8    1e4c8     1000     1                 buff
   1f4c8    1f4c8     1000     1                 buff2
   204c8    204c8        0     1 _end_bss = .
   204c8    204c8      b38     1 . = ALIGN ( 4096 )
       0        0       29     1 .comment
       0        0       29     1         <internal>:(.comment)
       0        0       4a     1 .ARM.attributes
       0        0       4a     1         kmain.c.o:(.ARM.attributes)
       0        0     1020     4 .symtab
       0        0     1020     4         <internal>:(.symtab)
       0        0       5d     1 .shstrtab
       0        0       5d     1         <internal>:(.shstrtab)
       0        0      9ad     1 .strtab
       0        0      9ad     1         <internal>:(.strtab)
