     VMA      LMA     Size Align Out     In      Symbol
       0        0     8000     1 . = 0x8000
    8000        0        0     1 _start_text = .
    8000     8000     4060     4 .text
    8000     8000       6c     4         kmain.c.o:(.text)
    8000     8000        0     1                 $a.0
    8000     8000        0     1                 _start
    8008     8008       64     1                 kmain
    806c     806c       94     4         serial.c.o:(.text)
    806c     806c        0     1                 $a.0
    806c     806c       54     1                 serial_init
    80b0     80b0        0     1                 $d.1
    80c0     80c0        0     1                 $a.2
    80c0     80c0       40     1                 serial_putc
    80f8     80f8        0     1                 $d.3
    8100     8100       b0     4         testsuite.c.o:(.text)
    8100     8100        0     1                 $a.0
    8100     8100       48     1                 div1000
    8144     8144        0     1                 $d.1
    8148     8148        0     1                 $a.2
    8148     8148       68     1                 sweet
    81ac     81ac        0     1                 $d.3
    81b0     81b0      714     4         console.c.o:(.text)
    81b0     81b0        0     1                 $a.0
    81b0     81b0      714     1                 console_putc
    87dc     87dc        0     1                 $d.1
    88c4     88c4      468     4         video.c.o:(.text)
    88c4     88c4        0     1                 $a.0
    88c4     88c4      120     1                 video_init
    89d4     89d4        0     1                 $d.1
    89e4     89e4       64     1                 mailbox_write
    89e4     89e4        0     1                 $a.2
    8a40     8a40        0     1                 $d.3
    8a48     8a48       80     1                 mailbox_read
    8a48     8a48        0     1                 $a.4
    8ac0     8ac0        0     1                 $d.5
    8ac8     8ac8        0     1                 $a.6
    8ac8     8ac8       a4     1                 video_set_pixel
    8b64     8b64        0     1                 $d.7
    8b6c     8b6c        0     1                 $a.8
    8b6c     8b6c      1c0     1                 video_draw_character
    8d18     8d18        0     1                 $d.9
    8d2c     8d2c      3c4     4         interrupt.c.o:(.text)
    8d2c     8d2c        0     1                 interrupt_table_begin
    8d2c     8d2c        0     1                 $a.0
    8d4c     8d4c        0     1                 $d.1
    8d6c     8d6c        0     1                 asm_handler_reset
    8d6c     8d6c        0     1                 interrupt_table_end
    8d6c     8d6c        0     1                 $a.2
    8d88     8d88        0     1                 asm_handler_undefined
    8da4     8da4        0     1                 asm_handler_svc
    8dbc     8dbc        0     1                 asm_handler_prefetch_abort
    8dd8     8dd8        0     1                 asm_handler_data_abort
    8df4     8df4        0     1                 asm_handler_reserved
    8e10     8e10        0     1                 asm_handler_irq
    8e2c     8e2c        0     1                 asm_handler_fiq
    8e48     8e48       50     1                 interrupt_init
    8e90     8e90        0     1                 $d.3
    8e98     8e98        0     1                 $a.4
    8e98     8e98        c     1                 halt
    8ea4     8ea4       20     1                 handler_reset
    8ec0     8ec0        0     1                 $d.5
    8ec4     8ec4        0     1                 $a.6
    8ec4     8ec4       20     1                 handler_undefined
    8ee0     8ee0        0     1                 $d.7
    8ee4     8ee4        0     1                 $a.8
    8ee4     8ee4       20     1                 handler_svc
    8f00     8f00        0     1                 $d.9
    8f04     8f04        0     1                 $a.10
    8f04     8f04       20     1                 handler_prefetch_abort
    8f20     8f20        0     1                 $d.11
    8f24     8f24        0     1                 $a.12
    8f24     8f24       20     1                 handler_data_abort
    8f40     8f40        0     1                 $d.13
    8f44     8f44        0     1                 $a.14
    8f44     8f44       20     1                 handler_reserved
    8f60     8f60        0     1                 $d.15
    8f64     8f64        0     1                 $a.16
    8f64     8f64       68     1                 handler_irq
    8fc4     8fc4        0     1                 $d.17
    8fcc     8fcc        0     1                 $a.18
    8fcc     8fcc       20     1                 handler_fiq
    8fe8     8fe8        0     1                 $d.19
    8fec     8fec        0     1                 $a.20
    8fec     8fec       10     1                 interrupt_enable
    8ffc     8ffc       d4     1                 register_interrupt_handler
    90b4     90b4        0     1                 $d.21
    90f0     90f0       e0     4         timer.c.o:(.text)
    90f0     90f0        0     1                 $a.0
    90f0     90f0       4c     1                 timer_init
    912c     912c        0     1                 $d.1
    913c     913c        0     1                 $a.2
    913c     913c       6c     1                 timer_interrupt
    91a0     91a0        0     1                 $d.3
    91a8     91a8        0     1                 $a.4
    91a8     91a8       28     1                 get_uptime
    91c8     91c8        0     1                 $d.5
    91d0     91d0      1ec     4         utils.c.o:(.text)
    91d0     91d0        0     1                 $a.0
    91d0     91d0       48     1                 bss_init
    9210     9210        0     1                 $d.1
    9218     9218        0     1                 $a.2
    9218     9218       6c     1                 kmemset
    9284     9284       68     1                 kmemcpy
    92ec     92ec       a8     1                 getValue
    9394     9394       28     1                 panic
    93b8     93b8        0     1                 $d.3
    93bc     93bc     2c90     4         kprintf.c.o:(.text)
    93bc     93bc        0     1                 $a.0
    93bc     93bc       3c     1                 stbsp_set_separators
    93f0     93f0        0     1                 $d.1
    93f8     93f8        0     1                 $a.2
    93f8     93f8     2178     1                 stbsp_vsprintfcb
    963c     963c        0     1                 $d.3
    973c     973c        0     1                 $a.4
    9a24     9a24        0     1                 $d.5
    9aec     9aec        0     1                 $a.6
    9c5c     9c5c        0     1                 $d.7
    9d3c     9d3c        0     1                 $a.8
    a520     a520        0     1                 $d.9
    a52c     a52c        0     1                 $a.10
    ad60     ad60        0     1                 $d.11
    ad64     ad64        0     1                 $a.12
    ae3c     ae3c        0     1                 $d.13
    ae40     ae40        0     1                 $a.14
    ae74     ae74        0     1                 $d.15
    ae7c     ae7c        0     1                 $a.16
    aef8     aef8        0     1                 $d.17
    aefc     aefc        0     1                 $a.18
    af30     af30        0     1                 $d.19
    af38     af38        0     1                 $a.20
    b168     b168        0     1                 $d.21
    b16c     b16c        0     1                 $a.22
    b2e8     b2e8        0     1                 $d.23
    b2ec     b2ec        0     1                 $a.24
    b394     b394        0     1                 $d.25
    b398     b398        0     1                 $a.26
    b400     b400        0     1                 $d.27
    b404     b404        0     1                 $a.28
    b538     b538        0     1                 $d.29
    b53c     b53c        0     1                 $a.30
    b564     b564        0     1                 $d.31
    b570     b570      168     1                 stbsp__strlen_limited
    b570     b570        0     1                 $a.32
    b6d0     b6d0        0     1                 $d.33
    b6d8     b6d8       f8     1                 mod64
    b6d8     b6d8        0     1                 $a.34
    b7d0     b7d0      128     1                 div64
    b8f8     b8f8       ac     1                 mod
    b9a4     b9a4       c8     1                 div
    ba6c     ba6c       ac     1                 stbsp__lead_sign
    bb18     bb18       60     1                 stbsp_sprintf
    bb78     bb78      114     1                 stbsp_vsnprintf
    bc84     bc84        0     1                 $d.35
    bc8c     bc8c       3c     1                 stbsp__count_clamp_callback
    bc8c     bc8c        0     1                 $a.36
    bcc8     bcc8      17c     1                 stbsp__clamp_callback
    be44     be44       54     1                 stbsp_snprintf
    be98     be98       40     1                 stbsp_vsprintf
    bed8     bed8       68     1                 kprintf
    bf3c     bf3c        0     1                 $d.37
    bf40     bf40       68     1                 callback
    bf40     bf40        0     1                 $a.38
    bfa8     bfa8       50     1                 ksprintf
    bff8     bff8       54     1                 ksnprintf
    c04c     c04c       14     4         memory.c.o:(.text)
    c04c     c04c        0     1                 $a.0
    c04c     c04c       14     1                 memory_barrier
    c060     c060        0     1 _end_text = .
    c060     c060       10     4 .ARM.exidx
    c060     c060       10     4         <internal>:(.ARM.exidx)
    c070     c070      f90     1 . = ALIGN ( 4096 )
    d000     d000        0     1 _start_rodata = .
    d000     d000     50a8     4 .rodata
    d000     d000       a5     1         <internal>:(.rodata)
    d0a8     d0a8     5000     4         video.c.o:(.rodata)
    d0a8     d0a8     5000     1                 font_data
   120a8    120a8        0     1 _end_rodata = .
   120a8    120a8       30     4 .got
   120a8    120a8       30     4         <internal>:(.got)
   120d8    120d8      f28     1 . = ALIGN ( 4096 )
   13000    13000        0     1 _start_data = .
   13000    13000      100     4 .data
   13000    13000        8     4         console.c.o:(.data)
   13000    13000        4     1                 console_putc.col
   13004    13004        4     1                 console_putc.max_col
   13008    13008        4     4         timer.c.o:(.data)
   13008    13008        4     1                 delta
   1300c    1300c       f4     2         kprintf.c.o:(.data)
   1300c    1300c        1     1                 stbsp__period
   1300d    1300d        1     1                 stbsp__comma
   1300e    1300e       13     1                 stbsp_vsprintfcb.hex
   13021    13021       13     1                 stbsp_vsprintfcb.hexu
   13034    13034       cc     1                 stbsp__digitpair
   13100    13100        0     1 _end_data = .
   13100    13100      f00     1 . = ALIGN ( 4096 )
   14000    14000        0     1 _start_bss = .
   14000    14000     8048     4 .bss
   14000    14000       10     4         console.c.o:(.bss)
   14000    14000        4     1                 doingColor
   14004    14004        4     1                 console_putc.row
   14008    14008        4     1                 console_putc.curr_fg
   1400c    1400c        4     1                 console_putc.curr_bg
   14010    14010       10     4         video.c.o:(.bss)
   14010    14010        3     1                 foregroundColor
   14013    14013        3     1                 backgroundColor
   14018    14018        4     1                 framebuffer
   1401c    1401c        4     1                 pitch
   14020    14020     8024     4         interrupt.c.o:(.bss)
   14020    14020        4     1                 numHandlers
   14024    14024       20     1                 handlers
   14044    14044     1000     1                 reset_stack
   15044    15044     1000     1                 undefined_stack
   16044    16044     1000     1                 svc_stack
   17044    17044     1000     1                 prefetch_abort_stack
   18044    18044     1000     1                 data_abort_stack
   19044    19044     1000     1                 reserved_stack
   1a044    1a044     1000     1                 irq_stack
   1b044    1b044     1000     1                 fiq_stack
   1c044    1c044        4     4         timer.c.o:(.bss)
   1c044    1c044        4     1                 jiffies
   1c048    1c048        0     1 _end_bss = .
   1c048    1c048      fb8     1 . = ALIGN ( 4096 )
       0        0       29     1 .comment
       0        0       29     1         <internal>:(.comment)
       0        0       4a     1 .ARM.attributes
       0        0       4a     1         kmain.c.o:(.ARM.attributes)
       0        0      c90     4 .symtab
       0        0      c90     4         <internal>:(.symtab)
       0        0       5d     1 .shstrtab
       0        0       5d     1         <internal>:(.shstrtab)
       0        0      7a7     1 .strtab
       0        0      7a7     1         <internal>:(.strtab)
