     VMA      LMA     Size Align Out     In      Symbol
       0        0     8000     1 . = 0x8000
    8000        0        0     1 _start_text = .
    8000     8000     6a24     4 .text
    8000     8000       74     4         kmain.c.o:(.text)
    8000     8000        0     1                 $a.0
    8000     8000        0     1                 _start
    8008     8008       6c     1                 kmain
    8068     8068        0     1                 $d.1
    8074     8074       94     4         serial.c.o:(.text)
    8074     8074        0     1                 $a.0
    8074     8074       54     1                 serial_init
    80b8     80b8        0     1                 $d.1
    80c8     80c8        0     1                 $a.2
    80c8     80c8       40     1                 serial_putc
    8100     8100        0     1                 $d.3
    8108     8108      790     4         testsuite.c.o:(.text)
    8108     8108        0     1                 $a.0
    8108     8108      544     1                 sweet
    8614     8614        0     1                 $d.1
    864c     864c       50     1                 mystrlen
    864c     864c        0     1                 $a.2
    869c     869c      1fc     1                 memdump
    8880     8880        0     1                 $d.3
    8898     8898      714     4         console.c.o:(.text)
    8898     8898        0     1                 $a.0
    8898     8898      714     1                 console_putc
    8ec4     8ec4        0     1                 $d.1
    8fac     8fac      3e4     4         fs.c.o:(.text)
    8fac     8fac        0     1                 $a.0
    8fac     8fac      2b0     1                 disk_init
    923c     923c        0     1                 $d.1
    925c     925c        0     1                 $a.2
    925c     925c       7c     1                 clusterNumberToSectorNumber
    92d0     92d0        0     1                 $d.3
    92d8     92d8        0     1                 $a.4
    92d8     92d8       a8     1                 read_cluster
    9380     9380       10     1                 getVBR
    938c     938c        0     1                 $d.5
    9390     9390      468     4         video.c.o:(.text)
    9390     9390        0     1                 $a.0
    9390     9390      120     1                 video_init
    94a0     94a0        0     1                 $d.1
    94b0     94b0       64     1                 mailbox_write
    94b0     94b0        0     1                 $a.2
    950c     950c        0     1                 $d.3
    9514     9514       80     1                 mailbox_read
    9514     9514        0     1                 $a.4
    958c     958c        0     1                 $d.5
    9594     9594        0     1                 $a.6
    9594     9594       a4     1                 video_set_pixel
    9630     9630        0     1                 $d.7
    9638     9638        0     1                 $a.8
    9638     9638      1c0     1                 video_draw_character
    97e4     97e4        0     1                 $d.9
    97f8     97f8      3c4     4         interrupt.c.o:(.text)
    97f8     97f8        0     1                 interrupt_table_begin
    97f8     97f8        0     1                 $a.0
    9818     9818        0     1                 $d.1
    9838     9838        0     1                 asm_handler_reset
    9838     9838        0     1                 interrupt_table_end
    9838     9838        0     1                 $a.2
    9854     9854        0     1                 asm_handler_undefined
    9870     9870        0     1                 asm_handler_svc
    9888     9888        0     1                 asm_handler_prefetch_abort
    98a4     98a4        0     1                 asm_handler_data_abort
    98c0     98c0        0     1                 asm_handler_reserved
    98dc     98dc        0     1                 asm_handler_irq
    98f8     98f8        0     1                 asm_handler_fiq
    9914     9914       50     1                 interrupt_init
    995c     995c        0     1                 $d.3
    9964     9964        0     1                 $a.4
    9964     9964        c     1                 halt
    9970     9970       20     1                 handler_reset
    998c     998c        0     1                 $d.5
    9990     9990        0     1                 $a.6
    9990     9990       20     1                 handler_undefined
    99ac     99ac        0     1                 $d.7
    99b0     99b0        0     1                 $a.8
    99b0     99b0       20     1                 handler_svc
    99cc     99cc        0     1                 $d.9
    99d0     99d0        0     1                 $a.10
    99d0     99d0       20     1                 handler_prefetch_abort
    99ec     99ec        0     1                 $d.11
    99f0     99f0        0     1                 $a.12
    99f0     99f0       20     1                 handler_data_abort
    9a0c     9a0c        0     1                 $d.13
    9a10     9a10        0     1                 $a.14
    9a10     9a10       20     1                 handler_reserved
    9a2c     9a2c        0     1                 $d.15
    9a30     9a30        0     1                 $a.16
    9a30     9a30       68     1                 handler_irq
    9a90     9a90        0     1                 $d.17
    9a98     9a98        0     1                 $a.18
    9a98     9a98       20     1                 handler_fiq
    9ab4     9ab4        0     1                 $d.19
    9ab8     9ab8        0     1                 $a.20
    9ab8     9ab8       10     1                 interrupt_enable
    9ac8     9ac8       d4     1                 register_interrupt_handler
    9b80     9b80        0     1                 $d.21
    9bbc     9bbc        0     4         errno.c.o:(.text)
    9bbc     9bbc      a78     4         sd.c.o:(.text)
    9bbc     9bbc        0     1                 $a.0
    9bbc     9bbc      2a0     1                 sd_init
    9e24     9e24        0     1                 $d.1
    9e5c     9e5c        0     1                 $a.2
    9e5c     9e5c       50     1                 delay_millisec
    9eac     9eac      1c8     1                 setClock
    a060     a060        0     1                 $d.3
    a074     a074      194     1                 sendCommand
    a074     a074        0     1                 $a.4
    a1e8     a1e8        0     1                 $d.5
    a208     a208       6c     1                 sendAppCommand
    a208     a208        0     1                 $a.6
    a274     a274       c0     1                 waitForStatusBitsToBeZero
    a324     a324        0     1                 $d.7
    a334     a334       cc     1                 waitForInterrupt
    a334     a334        0     1                 $a.8
    a3f4     a3f4        0     1                 $d.9
    a400     a400        0     1                 $a.10
    a400     a400       b8     1                 sd_read_sector
    a4ac     a4ac        0     1                 $d.11
    a4b8     a4b8        0     1                 $a.12
    a4b8     a4b8       b8     1                 sd_write_sector
    a568     a568        0     1                 $d.13
    a570     a570        0     1                 $a.14
    a570     a570       ac     1                 disc_read_sectors
    a61c     a61c       18     1                 getHostControllerVersion
    a630     a630        0     1                 $d.15
    a634     a634      d08     4         file.c.o:(.text)
    a634     a634        0     1                 $a.0
    a634     a634      200     1                 file_open
    a81c     a81c        0     1                 $d.1
    a834     a834        0     1                 $a.2
    a834     a834      3d4     1                 scanForMatchingFilename
    ac08     ac08       94     1                 file_close
    ac94     ac94        0     1                 $d.3
    ac9c     ac9c        0     1                 $a.4
    ac9c     ac9c      27c     1                 file_read
    aef8     aef8        0     1                 $d.5
    af18     af18        0     1                 $a.6
    af18     af18      388     1                 file_seek
    b260     b260        0     1                 $d.7
    b2a0     b2a0        0     1                 $a.8
    b2a0     b2a0       80     1                 file_tell
    b31c     b31c        0     1                 $d.9
    b320     b320        0     1                 $a.10
    b320     b320       1c     1                 file_write
    b33c     b33c      338     4         utils.c.o:(.text)
    b33c     b33c        0     1                 $a.0
    b33c     b33c       48     1                 bss_init
    b37c     b37c        0     1                 $d.1
    b384     b384        0     1                 $a.2
    b384     b384       6c     1                 kmemset
    b3f0     b3f0       68     1                 kmemcpy
    b458     b458       a8     1                 getValue
    b500     b500       28     1                 panic
    b524     b524        0     1                 $d.3
    b528     b528        0     1                 $a.4
    b528     b528       44     1                 toupper
    b56c     b56c       c4     1                 kmemcmp
    b630     b630       44     1                 Min32
    b674     b674      108     4         timer.c.o:(.text)
    b674     b674        0     1                 $a.0
    b674     b674       4c     1                 timer_init
    b6b0     b6b0        0     1                 $d.1
    b6c0     b6c0        0     1                 $a.2
    b6c0     b6c0       84     1                 timer_interrupt
    b734     b734        0     1                 $d.3
    b744     b744        0     1                 $a.4
    b744     b744       38     1                 get_uptime
    b770     b770        0     1                 $d.5
    b77c     b77c      604     4         ELF.c.o:(.text)
    b77c     b77c        0     1                 $a.0
    b77c     b77c      538     1                 exec
    bc70     bc70        0     1                 $d.1
    bcb4     bcb4        0     1                 $a.2
    bcb4     bcb4       cc     1                 file_read_fully
    bd80     bd80     2c90     4         kprintf.c.o:(.text)
    bd80     bd80        0     1                 $a.0
    bd80     bd80       3c     1                 stbsp_set_separators
    bdb4     bdb4        0     1                 $d.1
    bdbc     bdbc        0     1                 $a.2
    bdbc     bdbc     2178     1                 stbsp_vsprintfcb
    c000     c000        0     1                 $d.3
    c100     c100        0     1                 $a.4
    c3e8     c3e8        0     1                 $d.5
    c4b0     c4b0        0     1                 $a.6
    c620     c620        0     1                 $d.7
    c700     c700        0     1                 $a.8
    cee4     cee4        0     1                 $d.9
    cef0     cef0        0     1                 $a.10
    d724     d724        0     1                 $d.11
    d728     d728        0     1                 $a.12
    d800     d800        0     1                 $d.13
    d804     d804        0     1                 $a.14
    d838     d838        0     1                 $d.15
    d840     d840        0     1                 $a.16
    d8bc     d8bc        0     1                 $d.17
    d8c0     d8c0        0     1                 $a.18
    d8f4     d8f4        0     1                 $d.19
    d8fc     d8fc        0     1                 $a.20
    db2c     db2c        0     1                 $d.21
    db30     db30        0     1                 $a.22
    dcac     dcac        0     1                 $d.23
    dcb0     dcb0        0     1                 $a.24
    dd58     dd58        0     1                 $d.25
    dd5c     dd5c        0     1                 $a.26
    ddc4     ddc4        0     1                 $d.27
    ddc8     ddc8        0     1                 $a.28
    defc     defc        0     1                 $d.29
    df00     df00        0     1                 $a.30
    df28     df28        0     1                 $d.31
    df34     df34      168     1                 stbsp__strlen_limited
    df34     df34        0     1                 $a.32
    e094     e094        0     1                 $d.33
    e09c     e09c       f8     1                 mod64
    e09c     e09c        0     1                 $a.34
    e194     e194      128     1                 div64
    e2bc     e2bc       ac     1                 mod
    e368     e368       c8     1                 div
    e430     e430       ac     1                 stbsp__lead_sign
    e4dc     e4dc       60     1                 stbsp_sprintf
    e53c     e53c      114     1                 stbsp_vsnprintf
    e648     e648        0     1                 $d.35
    e650     e650       3c     1                 stbsp__count_clamp_callback
    e650     e650        0     1                 $a.36
    e68c     e68c      17c     1                 stbsp__clamp_callback
    e808     e808       54     1                 stbsp_snprintf
    e85c     e85c       40     1                 stbsp_vsprintf
    e89c     e89c       68     1                 kprintf
    e900     e900        0     1                 $d.37
    e904     e904       68     1                 callback
    e904     e904        0     1                 $a.38
    e96c     e96c       50     1                 ksprintf
    e9bc     e9bc       54     1                 ksnprintf
    ea10     ea10       14     4         memory.c.o:(.text)
    ea10     ea10        0     1                 $a.0
    ea10     ea10       14     1                 memory_barrier
    ea24     ea24        0     1 _end_text = .
    ea24     ea24       10     4 .ARM.exidx
    ea24     ea24       10     4         <internal>:(.ARM.exidx)
    ea34     ea34      5cc     1 . = ALIGN ( 4096 )
    f000     f000        0     1 _start_rodata = .
    f000     f000     b4f8     4 .rodata
    f000     f000      34d     1         <internal>:(.rodata)
    f350     f350     61a8     4         testsuite.c.o:(.rodata)
    f350     f350     33cd     1                 article1
   1271d    1271d     1713     1                 article2
   13e30    13e30      829     1                 article3
   14659    14659      77b     1                 article4
   14dd4    14dd4      353     1                 article5
   15127    15127      3b6     1                 article6
   154e0    154e0       18     1                 .L__const.sweet.order
   154f8    154f8     5000     4         video.c.o:(.rodata)
   154f8    154f8     5000     1                 font_data
   1a4f8    1a4f8        0     1 _end_rodata = .
   1a4f8    1a4f8       48     4 .data.rel.ro
   1a4f8    1a4f8       48     4         testsuite.c.o:(.data.rel.ro)
   1a4f8    1a4f8       18     1                 .L__const.sweet.article_content
   1a510    1a510       18     1                 .L__const.sweet.filenames
   1a528    1a528       18     1                 .L__const.sweet.p
   1a540    1a540       3c     4 .got
   1a540    1a540       3c     4         <internal>:(.got)
   1a57c    1a57c      a84     1 . = ALIGN ( 4096 )
   1b000    1b000        0     1 _start_data = .
   1b000    1b000      104     4 .data
   1b000    1b000        c     4         console.c.o:(.data)
   1b000    1b000        4     1                 console_putc.col
   1b004    1b004        4     1                 console_putc.curr_fg
   1b008    1b008        4     1                 console_putc.max_col
   1b00c    1b00c        4     4         timer.c.o:(.data)
   1b00c    1b00c        4     1                 delta
   1b010    1b010       f4     2         kprintf.c.o:(.data)
   1b010    1b010        1     1                 stbsp__period
   1b011    1b011        1     1                 stbsp__comma
   1b012    1b012       13     1                 stbsp_vsprintfcb.hex
   1b025    1b025       13     1                 stbsp_vsprintfcb.hexu
   1b038    1b038       cc     1                 stbsp__digitpair
   1b104    1b104        0     1 _end_data = .
   1b104    1b104      efc     1 . = ALIGN ( 4096 )
   1c000    1c000        0     1 _start_bss = .
   1c000    1c000    2acd8     4 .bss
   1c000    1c000     66bc     1         testsuite.c.o:(.bss)
   1c000    1c000     36e2     1                 sweet.article1_
   1f6e2    1f6e2     17a2     1                 sweet.article2_
   20e84    20e84      866     1                 sweet.article3_
   216ea    216ea      802     1                 sweet.article4_
   21eec    21eec      3b6     1                 sweet.article5_
   222a2    222a2      41a     1                 sweet.article6_
   226bc    226bc        c     4         console.c.o:(.bss)
   226bc    226bc        4     1                 doingColor
   226c0    226c0        4     1                 console_putc.row
   226c4    226c4        4     1                 console_putc.curr_bg
   226c8    226c8    1b404     4         fs.c.o:(.bss)
   226c8    226c8      200     1                 sectorbuffer
   228c8    228c8        4     1                 first_sector
   228cc    228cc      200     1                 vbr
   22acc    22acc     1000     1                 buff
   23acc    23acc    19000     1                 fat
   3cacc    3cacc     1000     1                 buff2
   3dacc    3dacc       10     4         video.c.o:(.bss)
   3dacc    3dacc        3     1                 foregroundColor
   3dacf    3dacf        3     1                 backgroundColor
   3dad4    3dad4        4     1                 framebuffer
   3dad8    3dad8        4     1                 pitch
   3dadc    3dadc     8024     4         interrupt.c.o:(.bss)
   3dadc    3dadc        4     1                 numHandlers
   3dae0    3dae0       20     1                 handlers
   3db00    3db00     1000     1                 reset_stack
   3eb00    3eb00     1000     1                 undefined_stack
   3fb00    3fb00     1000     1                 svc_stack
   40b00    40b00     1000     1                 prefetch_abort_stack
   41b00    41b00     1000     1                 data_abort_stack
   42b00    42b00     1000     1                 reserved_stack
   43b00    43b00     1000     1                 irq_stack
   44b00    44b00     1000     1                 fiq_stack
   45b00    45b00     1180     4         file.c.o:(.bss)
   45b00    45b00      180     1                 fileTable
   45c80    45c80     1000     1                 clusterBuffer
   46c80    46c80        4     4         timer.c.o:(.bss)
   46c80    46c80        4     1                 jiffies
   46c84    46c84       54     4         ELF.c.o:(.bss)
   46c84    46c84       34     1                 exec.elfHeader
   46cb8    46cb8       20     1                 exec.pentry
   46cd8    46cd8        0     1 _end_bss = .
   46cd8    46cd8      328     1 . = ALIGN ( 4096 )
       0        0       29     1 .comment
       0        0       29     1         <internal>:(.comment)
       0        0       4a     1 .ARM.attributes
       0        0       4a     1         kmain.c.o:(.ARM.attributes)
       0        0     12a0     4 .symtab
       0        0     12a0     4         <internal>:(.symtab)
       0        0       6a     1 .shstrtab
       0        0       6a     1         <internal>:(.shstrtab)
       0        0      b57     1 .strtab
       0        0      b57     1         <internal>:(.strtab)
