     VMA      LMA     Size Align Out     In      Symbol
       0        0     8000     1 . = 0x8000
    8000        0        0     1 _start_text = .
    8000     8000     3528     4 .text
    8000     8000      328     4         kmain.c.o:(.text)
    8000     8000        0     1                 $a.0
    8000     8000        0     1                 _start
    8008     8008      320     1                 kmain
    8324     8324        0     1                 $d.1
    8328     8328       94     4         serial.c.o:(.text)
    8328     8328        0     1                 $a.0
    8328     8328       54     1                 serial_init
    836c     836c        0     1                 $d.1
    837c     837c        0     1                 $a.2
    837c     837c       40     1                 serial_putc
    83b4     83b4        0     1                 $d.3
    83bc     83bc       b4     4         utils.c.o:(.text)
    83bc     83bc        0     1                 $a.0
    83bc     83bc       48     1                 bss_init
    83fc     83fc        0     1                 $d.1
    8404     8404        0     1                 $a.2
    8404     8404       6c     1                 kmemset
    8470     8470       20     4         console.c.o:(.text)
    8470     8470        0     1                 $a.0
    8470     8470       20     1                 console_putc
    8490     8490     2c90     4         kprintf.c.o:(.text)
    8490     8490        0     1                 $a.0
    8490     8490       3c     1                 stbsp_set_separators
    84c4     84c4        0     1                 $d.1
    84cc     84cc        0     1                 $a.2
    84cc     84cc     2178     1                 stbsp_vsprintfcb
    8710     8710        0     1                 $d.3
    8810     8810        0     1                 $a.4
    8af8     8af8        0     1                 $d.5
    8bc0     8bc0        0     1                 $a.6
    8d30     8d30        0     1                 $d.7
    8e10     8e10        0     1                 $a.8
    95f4     95f4        0     1                 $d.9
    9600     9600        0     1                 $a.10
    9e34     9e34        0     1                 $d.11
    9e38     9e38        0     1                 $a.12
    9f10     9f10        0     1                 $d.13
    9f14     9f14        0     1                 $a.14
    9f48     9f48        0     1                 $d.15
    9f50     9f50        0     1                 $a.16
    9fcc     9fcc        0     1                 $d.17
    9fd0     9fd0        0     1                 $a.18
    a004     a004        0     1                 $d.19
    a00c     a00c        0     1                 $a.20
    a23c     a23c        0     1                 $d.21
    a240     a240        0     1                 $a.22
    a3bc     a3bc        0     1                 $d.23
    a3c0     a3c0        0     1                 $a.24
    a468     a468        0     1                 $d.25
    a46c     a46c        0     1                 $a.26
    a4d4     a4d4        0     1                 $d.27
    a4d8     a4d8        0     1                 $a.28
    a60c     a60c        0     1                 $d.29
    a610     a610        0     1                 $a.30
    a638     a638        0     1                 $d.31
    a644     a644      168     1                 stbsp__strlen_limited
    a644     a644        0     1                 $a.32
    a7a4     a7a4        0     1                 $d.33
    a7ac     a7ac       f8     1                 mod64
    a7ac     a7ac        0     1                 $a.34
    a8a4     a8a4      128     1                 div64
    a9cc     a9cc       ac     1                 mod
    aa78     aa78       c8     1                 div
    ab40     ab40       ac     1                 stbsp__lead_sign
    abec     abec       60     1                 stbsp_sprintf
    ac4c     ac4c      114     1                 stbsp_vsnprintf
    ad58     ad58        0     1                 $d.35
    ad60     ad60       3c     1                 stbsp__count_clamp_callback
    ad60     ad60        0     1                 $a.36
    ad9c     ad9c      17c     1                 stbsp__clamp_callback
    af18     af18       54     1                 stbsp_snprintf
    af6c     af6c       40     1                 stbsp_vsprintf
    afac     afac       68     1                 kprintf
    b010     b010        0     1                 $d.37
    b014     b014       68     1                 callback
    b014     b014        0     1                 $a.38
    b07c     b07c       50     1                 ksprintf
    b0cc     b0cc       54     1                 ksnprintf
    b120     b120      3f4     4         video.c.o:(.text)
    b120     b120        0     1                 $a.0
    b120     b120      120     1                 video_init
    b230     b230        0     1                 $d.1
    b240     b240       64     1                 mailbox_write
    b240     b240        0     1                 $a.2
    b29c     b29c        0     1                 $d.3
    b2a4     b2a4       80     1                 mailbox_read
    b2a4     b2a4        0     1                 $a.4
    b31c     b31c        0     1                 $d.5
    b324     b324        0     1                 $a.6
    b324     b324       9c     1                 video_set_pixel
    b3b8     b3b8        0     1                 $d.7
    b3c0     b3c0        0     1                 $a.8
    b3c0     b3c0      154     1                 video_draw_character
    b508     b508        0     1                 $d.9
    b514     b514       14     4         memory.c.o:(.text)
    b514     b514        0     1                 $a.0
    b514     b514       14     1                 memory_barrier
    b528     b528        0     1 _end_text = .
    b528     b528       10     4 .ARM.exidx
    b528     b528       10     4         <internal>:(.ARM.exidx)
    b538     b538      ac8     1 . = ALIGN ( 4096 )
    c000     c000        0     1 _start_rodata = .
    c000     c000     5018     4 .rodata
    c000     c000       16     1         <internal>:(.rodata)
    c018     c018     5000     4         video.c.o:(.rodata)
    c018     c018     5000     1                 font_data
   11018    11018        0     1 _end_rodata = .
   11018    11018       10     4 .got
   11018    11018       10     4         <internal>:(.got)
   11028    11028      fd8     1 . = ALIGN ( 4096 )
   12000    12000        0     1 _start_data = .
   12000    12000       f4     2 .data
   12000    12000       f4     2         kprintf.c.o:(.data)
   12000    12000        1     1                 stbsp__period
   12001    12001        1     1                 stbsp__comma
   12002    12002       13     1                 stbsp_vsprintfcb.hex
   12015    12015       13     1                 stbsp_vsprintfcb.hexu
   12028    12028       cc     1                 stbsp__digitpair
   120f4    120f4        0     1 _end_data = .
   120f4    120f4      f0c     1 . = ALIGN ( 4096 )
   13000    13000        0     1 _start_bss = .
   13000    13000       10     4 .bss
   13000    13000       10     4         video.c.o:(.bss)
   13000    13000        3     1                 foregroundColor
   13003    13003        3     1                 backgroundColor
   13008    13008        4     1                 framebuffer
   1300c    1300c        4     1                 pitch
   13010    13010        0     1 _end_bss = .
   13010    13010      ff0     1 . = ALIGN ( 4096 )
       0        0       29     1 .comment
       0        0       29     1         <internal>:(.comment)
       0        0       4a     1 .ARM.attributes
       0        0       4a     1         kmain.c.o:(.ARM.attributes)
       0        0      750     4 .symtab
       0        0      750     4         <internal>:(.symtab)
       0        0       5d     1 .shstrtab
       0        0       5d     1         <internal>:(.shstrtab)
       0        0      405     1 .strtab
       0        0      405     1         <internal>:(.strtab)
