     VMA      LMA     Size Align Out     In      Symbol
       0        0     8000     1 . = 0x8000
    8000        0        0     1 _start_text = .
    8000     8000     6a64     4 .text
    8000     8000       5c     4         kmain.c.o:(.text)
    8000     8000        0     1                 $a.0
    8000     8000        0     1                 _start
    8008     8008       54     1                 kmain
    8054     8054        0     1                 $d.1
    805c     805c       94     4         serial.c.o:(.text)
    805c     805c        0     1                 $a.0
    805c     805c       54     1                 serial_init
    80a0     80a0        0     1                 $d.1
    80b0     80b0        0     1                 $a.2
    80b0     80b0       40     1                 serial_putc
    80e8     80e8        0     1                 $d.3
    80f0     80f0      f14     4         testsuite.c.o:(.text)
    80f0     80f0        0     1                 $a.0
    80f0     80f0      cc8     1                 sweet
    8c94     8c94        0     1                 $d.1
    8db8     8db8       50     1                 mystrlen
    8db8     8db8        0     1                 $a.2
    8e08     8e08      1fc     1                 memdump
    8fec     8fec        0     1                 $d.3
    9004     9004      714     4         console.c.o:(.text)
    9004     9004        0     1                 $a.0
    9004     9004      714     1                 console_putc
    9630     9630        0     1                 $d.1
    9718     9718      cc0     4         file.c.o:(.text)
    9718     9718        0     1                 $a.0
    9718     9718      238     1                 file_open
    9930     9930        0     1                 $d.1
    9950     9950        0     1                 $a.2
    9950     9950      37c     1                 scanForMatchingFilename
    9ccc     9ccc       94     1                 file_close
    9d58     9d58        0     1                 $d.3
    9d60     9d60        0     1                 $a.4
    9d60     9d60      2a4     1                 file_read
    9fd4     9fd4        0     1                 $d.5
    a004     a004        0     1                 $a.6
    a004     a004      354     1                 file_seek
    a32c     a32c        0     1                 $d.7
    a358     a358        0     1                 $a.8
    a358     a358       64     1                 file_tell
    a3b8     a3b8        0     1                 $d.9
    a3bc     a3bc        0     1                 $a.10
    a3bc     a3bc       1c     1                 file_write
    a3d8     a3d8      468     4         video.c.o:(.text)
    a3d8     a3d8        0     1                 $a.0
    a3d8     a3d8      120     1                 video_init
    a4e8     a4e8        0     1                 $d.1
    a4f8     a4f8       64     1                 mailbox_write
    a4f8     a4f8        0     1                 $a.2
    a554     a554        0     1                 $d.3
    a55c     a55c       80     1                 mailbox_read
    a55c     a55c        0     1                 $a.4
    a5d4     a5d4        0     1                 $d.5
    a5dc     a5dc        0     1                 $a.6
    a5dc     a5dc       a4     1                 video_set_pixel
    a678     a678        0     1                 $d.7
    a680     a680        0     1                 $a.8
    a680     a680      1c0     1                 video_draw_character
    a82c     a82c        0     1                 $d.9
    a840     a840      3c4     4         interrupt.c.o:(.text)
    a840     a840        0     1                 interrupt_table_begin
    a840     a840        0     1                 $a.0
    a860     a860        0     1                 $d.1
    a880     a880        0     1                 asm_handler_reset
    a880     a880        0     1                 interrupt_table_end
    a880     a880        0     1                 $a.2
    a89c     a89c        0     1                 asm_handler_undefined
    a8b8     a8b8        0     1                 asm_handler_svc
    a8d0     a8d0        0     1                 asm_handler_prefetch_abort
    a8ec     a8ec        0     1                 asm_handler_data_abort
    a908     a908        0     1                 asm_handler_reserved
    a924     a924        0     1                 asm_handler_irq
    a940     a940        0     1                 asm_handler_fiq
    a95c     a95c       50     1                 interrupt_init
    a9a4     a9a4        0     1                 $d.3
    a9ac     a9ac        0     1                 $a.4
    a9ac     a9ac        c     1                 halt
    a9b8     a9b8       20     1                 handler_reset
    a9d4     a9d4        0     1                 $d.5
    a9d8     a9d8        0     1                 $a.6
    a9d8     a9d8       20     1                 handler_undefined
    a9f4     a9f4        0     1                 $d.7
    a9f8     a9f8        0     1                 $a.8
    a9f8     a9f8       20     1                 handler_svc
    aa14     aa14        0     1                 $d.9
    aa18     aa18        0     1                 $a.10
    aa18     aa18       20     1                 handler_prefetch_abort
    aa34     aa34        0     1                 $d.11
    aa38     aa38        0     1                 $a.12
    aa38     aa38       20     1                 handler_data_abort
    aa54     aa54        0     1                 $d.13
    aa58     aa58        0     1                 $a.14
    aa58     aa58       20     1                 handler_reserved
    aa74     aa74        0     1                 $d.15
    aa78     aa78        0     1                 $a.16
    aa78     aa78       68     1                 handler_irq
    aad8     aad8        0     1                 $d.17
    aae0     aae0        0     1                 $a.18
    aae0     aae0       20     1                 handler_fiq
    aafc     aafc        0     1                 $d.19
    ab00     ab00        0     1                 $a.20
    ab00     ab00       10     1                 interrupt_enable
    ab10     ab10       d4     1                 register_interrupt_handler
    abc8     abc8        0     1                 $d.21
    ac04     ac04        0     4         errno.c.o:(.text)
    ac04     ac04      9cc     4         sd.c.o:(.text)
    ac04     ac04        0     1                 $a.0
    ac04     ac04      2a0     1                 sd_init
    ae6c     ae6c        0     1                 $d.1
    aea4     aea4        0     1                 $a.2
    aea4     aea4       50     1                 delay_millisec
    aef4     aef4      1c8     1                 setClock
    b0a8     b0a8        0     1                 $d.3
    b0bc     b0bc      194     1                 sendCommand
    b0bc     b0bc        0     1                 $a.4
    b230     b230        0     1                 $d.5
    b250     b250       6c     1                 sendAppCommand
    b250     b250        0     1                 $a.6
    b2bc     b2bc       c0     1                 waitForStatusBitsToBeZero
    b36c     b36c        0     1                 $d.7
    b37c     b37c       cc     1                 waitForInterrupt
    b37c     b37c        0     1                 $a.8
    b43c     b43c        0     1                 $d.9
    b448     b448        0     1                 $a.10
    b448     b448       b8     1                 sd_read_sector
    b4f4     b4f4        0     1                 $d.11
    b500     b500        0     1                 $a.12
    b500     b500       b8     1                 sd_write_sector
    b5b0     b5b0        0     1                 $d.13
    b5b8     b5b8       18     1                 getHostControllerVersion
    b5b8     b5b8        0     1                 $a.14
    b5cc     b5cc        0     1                 $d.15
    b5d0     b5d0      338     4         utils.c.o:(.text)
    b5d0     b5d0        0     1                 $a.0
    b5d0     b5d0       48     1                 bss_init
    b610     b610        0     1                 $d.1
    b618     b618        0     1                 $a.2
    b618     b618       6c     1                 kmemset
    b684     b684       68     1                 kmemcpy
    b6ec     b6ec       a8     1                 getValue
    b794     b794       28     1                 panic
    b7b8     b7b8        0     1                 $d.3
    b7bc     b7bc        0     1                 $a.4
    b7bc     b7bc       44     1                 toupper
    b800     b800       c4     1                 kmemcmp
    b8c4     b8c4       44     1                 Min32
    b908     b908      108     4         timer.c.o:(.text)
    b908     b908        0     1                 $a.0
    b908     b908       4c     1                 timer_init
    b944     b944        0     1                 $d.1
    b954     b954        0     1                 $a.2
    b954     b954       84     1                 timer_interrupt
    b9c8     b9c8        0     1                 $d.3
    b9d8     b9d8        0     1                 $a.4
    b9d8     b9d8       38     1                 get_uptime
    ba04     ba04        0     1                 $d.5
    ba10     ba10      3b0     4         fs.c.o:(.text)
    ba10     ba10        0     1                 $a.0
    ba10     ba10      28c     1                 disk_init
    bc7c     bc7c        0     1                 $d.1
    bc9c     bc9c        0     1                 $a.2
    bc9c     bc9c       7c     1                 clusterNumberToSectorNumber
    bd10     bd10        0     1                 $d.3
    bd18     bd18        0     1                 $a.4
    bd18     bd18       a8     1                 read_cluster
    bdc0     bdc0     2c90     4         kprintf.c.o:(.text)
    bdc0     bdc0        0     1                 $a.0
    bdc0     bdc0       3c     1                 stbsp_set_separators
    bdf4     bdf4        0     1                 $d.1
    bdfc     bdfc        0     1                 $a.2
    bdfc     bdfc     2178     1                 stbsp_vsprintfcb
    c040     c040        0     1                 $d.3
    c140     c140        0     1                 $a.4
    c428     c428        0     1                 $d.5
    c4f0     c4f0        0     1                 $a.6
    c660     c660        0     1                 $d.7
    c740     c740        0     1                 $a.8
    cf24     cf24        0     1                 $d.9
    cf30     cf30        0     1                 $a.10
    d764     d764        0     1                 $d.11
    d768     d768        0     1                 $a.12
    d840     d840        0     1                 $d.13
    d844     d844        0     1                 $a.14
    d878     d878        0     1                 $d.15
    d880     d880        0     1                 $a.16
    d8fc     d8fc        0     1                 $d.17
    d900     d900        0     1                 $a.18
    d934     d934        0     1                 $d.19
    d93c     d93c        0     1                 $a.20
    db6c     db6c        0     1                 $d.21
    db70     db70        0     1                 $a.22
    dcec     dcec        0     1                 $d.23
    dcf0     dcf0        0     1                 $a.24
    dd98     dd98        0     1                 $d.25
    dd9c     dd9c        0     1                 $a.26
    de04     de04        0     1                 $d.27
    de08     de08        0     1                 $a.28
    df3c     df3c        0     1                 $d.29
    df40     df40        0     1                 $a.30
    df68     df68        0     1                 $d.31
    df74     df74      168     1                 stbsp__strlen_limited
    df74     df74        0     1                 $a.32
    e0d4     e0d4        0     1                 $d.33
    e0dc     e0dc       f8     1                 mod64
    e0dc     e0dc        0     1                 $a.34
    e1d4     e1d4      128     1                 div64
    e2fc     e2fc       ac     1                 mod
    e3a8     e3a8       c8     1                 div
    e470     e470       ac     1                 stbsp__lead_sign
    e51c     e51c       60     1                 stbsp_sprintf
    e57c     e57c      114     1                 stbsp_vsnprintf
    e688     e688        0     1                 $d.35
    e690     e690       3c     1                 stbsp__count_clamp_callback
    e690     e690        0     1                 $a.36
    e6cc     e6cc      17c     1                 stbsp__clamp_callback
    e848     e848       54     1                 stbsp_snprintf
    e89c     e89c       40     1                 stbsp_vsprintf
    e8dc     e8dc       68     1                 kprintf
    e940     e940        0     1                 $d.37
    e944     e944       68     1                 callback
    e944     e944        0     1                 $a.38
    e9ac     e9ac       50     1                 ksprintf
    e9fc     e9fc       54     1                 ksnprintf
    ea50     ea50       14     4         memory.c.o:(.text)
    ea50     ea50        0     1                 $a.0
    ea50     ea50       14     1                 memory_barrier
    ea64     ea64        0     1 _end_text = .
    ea64     ea64       10     4 .ARM.exidx
    ea64     ea64       10     4         <internal>:(.ARM.exidx)
    ea74     ea74      58c     1 . = ALIGN ( 4096 )
    f000     f000        0     1 _start_rodata = .
    f000     f000     6060     4 .rodata
    f000     f000      945     1         <internal>:(.rodata)
    f948     f948      718     4         testsuite.c.o:(.rodata)
    f948     f948      3b6     1                 article6
    fcfe     fcfe      353     1                 article5
   10060    10060     5000     4         video.c.o:(.rodata)
   10060    10060     5000     1                 font_data
   15060    15060        0     1 _end_rodata = .
   15060    15060        c     4 .data.rel.ro
   15060    15060        c     4         testsuite.c.o:(.data.rel.ro)
   15060    15060        c     1                 .L__const.sweet.p
   1506c    1506c       38     4 .got
   1506c    1506c       38     4         <internal>:(.got)
   150a4    150a4      f5c     1 . = ALIGN ( 4096 )
   16000    16000        0     1 _start_data = .
   16000    16000      374     4 .data
   16000    16000      270     4         testsuite.c.o:(.data)
   16000    16000      270     1                 seeks
   16270    16270        c     4         console.c.o:(.data)
   16270    16270        4     1                 console_putc.col
   16274    16274        4     1                 console_putc.curr_fg
   16278    16278        4     1                 console_putc.max_col
   1627c    1627c        4     4         timer.c.o:(.data)
   1627c    1627c        4     1                 delta
   16280    16280       f4     2         kprintf.c.o:(.data)
   16280    16280        1     1                 stbsp__period
   16281    16281        1     1                 stbsp__comma
   16282    16282       13     1                 stbsp_vsprintfcb.hex
   16295    16295       13     1                 stbsp_vsprintfcb.hexu
   162a8    162a8       cc     1                 stbsp__digitpair
   16374    16374        0     1 _end_data = .
   16374    16374      c8c     1 . = ALIGN ( 4096 )
   17000    17000        0     1 _start_bss = .
   17000    17000     c1e8     4 .bss
   17000    17000      c20     1         testsuite.c.o:(.bss)
   17000    17000      400     1                 sweet.a6a
   17400    17400      400     1                 sweet.a6b
   17800    17800      400     1                 sweet.a5
   17c00    17c00       20     1                 sweet.buf
   17c20    17c20        c     4         console.c.o:(.bss)
   17c20    17c20        4     1                 doingColor
   17c24    17c24        4     1                 console_putc.row
   17c28    17c28        4     1                 console_putc.curr_bg
   17c2c    17c2c     1180     4         file.c.o:(.bss)
   17c2c    17c2c      180     1                 fileTable
   17dac    17dac     1000     1                 clusterBuffer
   18dac    18dac       10     4         video.c.o:(.bss)
   18dac    18dac        3     1                 foregroundColor
   18daf    18daf        3     1                 backgroundColor
   18db4    18db4        4     1                 framebuffer
   18db8    18db8        4     1                 pitch
   18dbc    18dbc     8024     4         interrupt.c.o:(.bss)
   18dbc    18dbc        4     1                 numHandlers
   18dc0    18dc0       20     1                 handlers
   18de0    18de0     1000     1                 reset_stack
   19de0    19de0     1000     1                 undefined_stack
   1ade0    1ade0     1000     1                 svc_stack
   1bde0    1bde0     1000     1                 prefetch_abort_stack
   1cde0    1cde0     1000     1                 data_abort_stack
   1dde0    1dde0     1000     1                 reserved_stack
   1ede0    1ede0     1000     1                 irq_stack
   1fde0    1fde0     1000     1                 fiq_stack
   20de0    20de0        4     4         timer.c.o:(.bss)
   20de0    20de0        4     1                 jiffies
   20de4    20de4     2404     4         fs.c.o:(.bss)
   20de4    20de4      200     1                 sectorbuffer
   20fe4    20fe4        4     1                 first_sector
   20fe8    20fe8      200     1                 vbr
   211e8    211e8     1000     1                 buff
   221e8    221e8     1000     1                 buff2
   231e8    231e8        0     1 _end_bss = .
   231e8    231e8      e18     1 . = ALIGN ( 4096 )
       0        0       29     1 .comment
       0        0       29     1         <internal>:(.comment)
       0        0       4a     1 .ARM.attributes
       0        0       4a     1         kmain.c.o:(.ARM.attributes)
       0        0     1160     4 .symtab
       0        0     1160     4         <internal>:(.symtab)
       0        0       6a     1 .shstrtab
       0        0       6a     1         <internal>:(.shstrtab)
       0        0      a49     1 .strtab
       0        0      a49     1         <internal>:(.strtab)
