     VMA      LMA     Size Align Out     In      Symbol
       0        0     8000     1 . = 0x8000
    8000        0        0     1 _start_text = .
    8000     8000     6b38     4 .text
    8000     8000       74     4         kmain.c.o:(.text)
    8000     8000        0     1                 $a.0
    8000     8000        0     1                 _start
    8008     8008       6c     1                 kmain
    8068     8068        0     1                 $d.1
    8074     8074       94     4         serial.c.o:(.text)
    8074     8074        0     1                 $a.0
    8074     8074       54     1                 serial_init
    80b8     80b8        0     1                 $d.1
    80c8     80c8        0     1                 $a.2
    80c8     80c8       40     1                 serial_putc
    8100     8100        0     1                 $d.3
    8108     8108      790     4         testsuite.c.o:(.text)
    8108     8108        0     1                 $a.0
    8108     8108      544     1                 sweet
    8614     8614        0     1                 $d.1
    864c     864c       50     1                 mystrlen
    864c     864c        0     1                 $a.2
    869c     869c      1fc     1                 memdump
    8880     8880        0     1                 $d.3
    8898     8898      714     4         console.c.o:(.text)
    8898     8898        0     1                 $a.0
    8898     8898      714     1                 console_putc
    8ec4     8ec4        0     1                 $d.1
    8fac     8fac      3e4     4         fs.c.o:(.text)
    8fac     8fac        0     1                 $a.0
    8fac     8fac      2b0     1                 disk_init
    923c     923c        0     1                 $d.1
    925c     925c        0     1                 $a.2
    925c     925c       7c     1                 clusterNumberToSectorNumber
    92d0     92d0        0     1                 $d.3
    92d8     92d8        0     1                 $a.4
    92d8     92d8       a8     1                 read_cluster
    9380     9380       10     1                 getVBR
    938c     938c        0     1                 $d.5
    9390     9390      468     4         video.c.o:(.text)
    9390     9390        0     1                 $a.0
    9390     9390      120     1                 video_init
    94a0     94a0        0     1                 $d.1
    94b0     94b0       64     1                 mailbox_write
    94b0     94b0        0     1                 $a.2
    950c     950c        0     1                 $d.3
    9514     9514       80     1                 mailbox_read
    9514     9514        0     1                 $a.4
    958c     958c        0     1                 $d.5
    9594     9594        0     1                 $a.6
    9594     9594       a4     1                 video_set_pixel
    9630     9630        0     1                 $d.7
    9638     9638        0     1                 $a.8
    9638     9638      1c0     1                 video_draw_character
    97e4     97e4        0     1                 $d.9
    97f8     97f8      400     4         interrupt.c.o:(.text)
    97f8     97f8        0     1                 interrupt_table_begin
    97f8     97f8        0     1                 $a.0
    9818     9818        0     1                 $d.1
    9838     9838        0     1                 asm_handler_reset
    9838     9838        0     1                 interrupt_table_end
    9838     9838        0     1                 $a.2
    9854     9854        0     1                 asm_handler_undefined
    9874     9874        0     1                 asm_handler_svc
    988c     988c        0     1                 asm_handler_prefetch_abort
    98ac     98ac        0     1                 asm_handler_data_abort
    98cc     98cc        0     1                 asm_handler_reserved
    98e8     98e8        0     1                 asm_handler_irq
    9904     9904        0     1                 asm_handler_fiq
    9920     9920       50     1                 interrupt_init
    9968     9968        0     1                 $d.3
    9970     9970        0     1                 $a.4
    9970     9970        c     1                 halt
    997c     997c       20     1                 handler_reset
    9998     9998        0     1                 $d.5
    999c     999c        0     1                 $a.6
    999c     999c       30     1                 handler_undefined
    99c8     99c8        0     1                 $d.7
    99cc     99cc        0     1                 $a.8
    99cc     99cc       20     1                 handler_svc
    99e8     99e8        0     1                 $d.9
    99ec     99ec        0     1                 $a.10
    99ec     99ec       30     1                 handler_prefetch_abort
    9a18     9a18        0     1                 $d.11
    9a1c     9a1c        0     1                 $a.12
    9a1c     9a1c       30     1                 handler_data_abort
    9a48     9a48        0     1                 $d.13
    9a4c     9a4c        0     1                 $a.14
    9a4c     9a4c       20     1                 handler_reserved
    9a68     9a68        0     1                 $d.15
    9a6c     9a6c        0     1                 $a.16
    9a6c     9a6c       68     1                 handler_irq
    9acc     9acc        0     1                 $d.17
    9ad4     9ad4        0     1                 $a.18
    9ad4     9ad4       20     1                 handler_fiq
    9af0     9af0        0     1                 $d.19
    9af4     9af4        0     1                 $a.20
    9af4     9af4       10     1                 interrupt_enable
    9b04     9b04       d4     1                 register_interrupt_handler
    9bbc     9bbc        0     1                 $d.21
    9bf8     9bf8      6dc     4         ELF.c.o:(.text)
    9bf8     9bf8        0     1                 $a.0
    9bf8     9bf8      610     1                 exec
    a1c4     a1c4        0     1                 $d.1
    a208     a208        0     1                 $a.2
    a208     a208       cc     1                 file_read_fully
    a2d4     a2d4        0     4         errno.c.o:(.text)
    a2d4     a2d4      a78     4         sd.c.o:(.text)
    a2d4     a2d4        0     1                 $a.0
    a2d4     a2d4      2a0     1                 sd_init
    a53c     a53c        0     1                 $d.1
    a574     a574        0     1                 $a.2
    a574     a574       50     1                 delay_millisec
    a5c4     a5c4      1c8     1                 setClock
    a778     a778        0     1                 $d.3
    a78c     a78c      194     1                 sendCommand
    a78c     a78c        0     1                 $a.4
    a900     a900        0     1                 $d.5
    a920     a920       6c     1                 sendAppCommand
    a920     a920        0     1                 $a.6
    a98c     a98c       c0     1                 waitForStatusBitsToBeZero
    aa3c     aa3c        0     1                 $d.7
    aa4c     aa4c       cc     1                 waitForInterrupt
    aa4c     aa4c        0     1                 $a.8
    ab0c     ab0c        0     1                 $d.9
    ab18     ab18        0     1                 $a.10
    ab18     ab18       b8     1                 sd_read_sector
    abc4     abc4        0     1                 $d.11
    abd0     abd0        0     1                 $a.12
    abd0     abd0       b8     1                 sd_write_sector
    ac80     ac80        0     1                 $d.13
    ac88     ac88        0     1                 $a.14
    ac88     ac88       ac     1                 disc_read_sectors
    ad34     ad34       18     1                 getHostControllerVersion
    ad48     ad48        0     1                 $d.15
    ad4c     ad4c      d08     4         file.c.o:(.text)
    ad4c     ad4c        0     1                 $a.0
    ad4c     ad4c      200     1                 file_open
    af34     af34        0     1                 $d.1
    af4c     af4c        0     1                 $a.2
    af4c     af4c      3d4     1                 scanForMatchingFilename
    b320     b320       94     1                 file_close
    b3ac     b3ac        0     1                 $d.3
    b3b4     b3b4        0     1                 $a.4
    b3b4     b3b4      27c     1                 file_read
    b610     b610        0     1                 $d.5
    b630     b630        0     1                 $a.6
    b630     b630      388     1                 file_seek
    b978     b978        0     1                 $d.7
    b9b8     b9b8        0     1                 $a.8
    b9b8     b9b8       80     1                 file_tell
    ba34     ba34        0     1                 $d.9
    ba38     ba38        0     1                 $a.10
    ba38     ba38       1c     1                 file_write
    ba54     ba54      338     4         utils.c.o:(.text)
    ba54     ba54        0     1                 $a.0
    ba54     ba54       48     1                 bss_init
    ba94     ba94        0     1                 $d.1
    ba9c     ba9c        0     1                 $a.2
    ba9c     ba9c       6c     1                 kmemset
    bb08     bb08       68     1                 kmemcpy
    bb70     bb70       a8     1                 getValue
    bc18     bc18       28     1                 panic
    bc3c     bc3c        0     1                 $d.3
    bc40     bc40        0     1                 $a.4
    bc40     bc40       44     1                 toupper
    bc84     bc84       c4     1                 kmemcmp
    bd48     bd48       44     1                 Min32
    bd8c     bd8c      108     4         timer.c.o:(.text)
    bd8c     bd8c        0     1                 $a.0
    bd8c     bd8c       4c     1                 timer_init
    bdc8     bdc8        0     1                 $d.1
    bdd8     bdd8        0     1                 $a.2
    bdd8     bdd8       84     1                 timer_interrupt
    be4c     be4c        0     1                 $d.3
    be5c     be5c        0     1                 $a.4
    be5c     be5c       38     1                 get_uptime
    be88     be88        0     1                 $d.5
    be94     be94     2c90     4         kprintf.c.o:(.text)
    be94     be94        0     1                 $a.0
    be94     be94       3c     1                 stbsp_set_separators
    bec8     bec8        0     1                 $d.1
    bed0     bed0        0     1                 $a.2
    bed0     bed0     2178     1                 stbsp_vsprintfcb
    c114     c114        0     1                 $d.3
    c214     c214        0     1                 $a.4
    c4fc     c4fc        0     1                 $d.5
    c5c4     c5c4        0     1                 $a.6
    c734     c734        0     1                 $d.7
    c814     c814        0     1                 $a.8
    cff8     cff8        0     1                 $d.9
    d004     d004        0     1                 $a.10
    d838     d838        0     1                 $d.11
    d83c     d83c        0     1                 $a.12
    d914     d914        0     1                 $d.13
    d918     d918        0     1                 $a.14
    d94c     d94c        0     1                 $d.15
    d954     d954        0     1                 $a.16
    d9d0     d9d0        0     1                 $d.17
    d9d4     d9d4        0     1                 $a.18
    da08     da08        0     1                 $d.19
    da10     da10        0     1                 $a.20
    dc40     dc40        0     1                 $d.21
    dc44     dc44        0     1                 $a.22
    ddc0     ddc0        0     1                 $d.23
    ddc4     ddc4        0     1                 $a.24
    de6c     de6c        0     1                 $d.25
    de70     de70        0     1                 $a.26
    ded8     ded8        0     1                 $d.27
    dedc     dedc        0     1                 $a.28
    e010     e010        0     1                 $d.29
    e014     e014        0     1                 $a.30
    e03c     e03c        0     1                 $d.31
    e048     e048      168     1                 stbsp__strlen_limited
    e048     e048        0     1                 $a.32
    e1a8     e1a8        0     1                 $d.33
    e1b0     e1b0       f8     1                 mod64
    e1b0     e1b0        0     1                 $a.34
    e2a8     e2a8      128     1                 div64
    e3d0     e3d0       ac     1                 mod
    e47c     e47c       c8     1                 div
    e544     e544       ac     1                 stbsp__lead_sign
    e5f0     e5f0       60     1                 stbsp_sprintf
    e650     e650      114     1                 stbsp_vsnprintf
    e75c     e75c        0     1                 $d.35
    e764     e764       3c     1                 stbsp__count_clamp_callback
    e764     e764        0     1                 $a.36
    e7a0     e7a0      17c     1                 stbsp__clamp_callback
    e91c     e91c       54     1                 stbsp_snprintf
    e970     e970       40     1                 stbsp_vsprintf
    e9b0     e9b0       68     1                 kprintf
    ea14     ea14        0     1                 $d.37
    ea18     ea18       68     1                 callback
    ea18     ea18        0     1                 $a.38
    ea80     ea80       50     1                 ksprintf
    ead0     ead0       54     1                 ksnprintf
    eb24     eb24       14     4         memory.c.o:(.text)
    eb24     eb24        0     1                 $a.0
    eb24     eb24       14     1                 memory_barrier
    eb38     eb38        0     1 _end_text = .
    eb38     eb38       10     4 .ARM.exidx
    eb38     eb38       10     4         <internal>:(.ARM.exidx)
    eb48     eb48      4b8     1 . = ALIGN ( 4096 )
    f000     f000        0     1 _start_rodata = .
    f000     f000     b50c     4 .rodata
    f000     f000      364     1         <internal>:(.rodata)
    f364     f364     61a8     4         testsuite.c.o:(.rodata)
    f364     f364     33cd     1                 article1
   12731    12731     1713     1                 article2
   13e44    13e44      829     1                 article3
   1466d    1466d      77b     1                 article4
   14de8    14de8      353     1                 article5
   1513b    1513b      3b6     1                 article6
   154f4    154f4       18     1                 .L__const.sweet.order
   1550c    1550c     5000     4         video.c.o:(.rodata)
   1550c    1550c     5000     1                 font_data
   1a50c    1a50c        0     1 _end_rodata = .
   1a50c    1a50c       48     4 .data.rel.ro
   1a50c    1a50c       48     4         testsuite.c.o:(.data.rel.ro)
   1a50c    1a50c       18     1                 .L__const.sweet.article_content
   1a524    1a524       18     1                 .L__const.sweet.filenames
   1a53c    1a53c       18     1                 .L__const.sweet.p
   1a554    1a554       3c     4 .got
   1a554    1a554       3c     4         <internal>:(.got)
   1a590    1a590      a70     1 . = ALIGN ( 4096 )
   1b000    1b000        0     1 _start_data = .
   1b000    1b000      104     4 .data
   1b000    1b000        c     4         console.c.o:(.data)
   1b000    1b000        4     1                 console_putc.col
   1b004    1b004        4     1                 console_putc.curr_fg
   1b008    1b008        4     1                 console_putc.max_col
   1b00c    1b00c        4     4         timer.c.o:(.data)
   1b00c    1b00c        4     1                 delta
   1b010    1b010       f4     2         kprintf.c.o:(.data)
   1b010    1b010        1     1                 stbsp__period
   1b011    1b011        1     1                 stbsp__comma
   1b012    1b012       13     1                 stbsp_vsprintfcb.hex
   1b025    1b025       13     1                 stbsp_vsprintfcb.hexu
   1b038    1b038       cc     1                 stbsp__digitpair
   1b104    1b104        0     1 _end_data = .
   1b104    1b104      efc     1 . = ALIGN ( 4096 )
   1c000    1c000        0     1 _start_bss = .
   1c000    1c000    2acd8     4 .bss
   1c000    1c000     66bc     1         testsuite.c.o:(.bss)
   1c000    1c000     36e2     1                 sweet.article1_
   1f6e2    1f6e2     17a2     1                 sweet.article2_
   20e84    20e84      866     1                 sweet.article3_
   216ea    216ea      802     1                 sweet.article4_
   21eec    21eec      3b6     1                 sweet.article5_
   222a2    222a2      41a     1                 sweet.article6_
   226bc    226bc        c     4         console.c.o:(.bss)
   226bc    226bc        4     1                 doingColor
   226c0    226c0        4     1                 console_putc.row
   226c4    226c4        4     1                 console_putc.curr_bg
   226c8    226c8    1b404     4         fs.c.o:(.bss)
   226c8    226c8      200     1                 sectorbuffer
   228c8    228c8        4     1                 first_sector
   228cc    228cc      200     1                 vbr
   22acc    22acc     1000     1                 buff
   23acc    23acc    19000     1                 fat
   3cacc    3cacc     1000     1                 buff2
   3dacc    3dacc       10     4         video.c.o:(.bss)
   3dacc    3dacc        3     1                 foregroundColor
   3dacf    3dacf        3     1                 backgroundColor
   3dad4    3dad4        4     1                 framebuffer
   3dad8    3dad8        4     1                 pitch
   3dadc    3dadc     8024     4         interrupt.c.o:(.bss)
   3dadc    3dadc        4     1                 numHandlers
   3dae0    3dae0       20     1                 handlers
   3db00    3db00     1000     1                 reset_stack
   3eb00    3eb00     1000     1                 undefined_stack
   3fb00    3fb00     1000     1                 svc_stack
   40b00    40b00     1000     1                 prefetch_abort_stack
   41b00    41b00     1000     1                 data_abort_stack
   42b00    42b00     1000     1                 reserved_stack
   43b00    43b00     1000     1                 irq_stack
   44b00    44b00     1000     1                 fiq_stack
   45b00    45b00       54     4         ELF.c.o:(.bss)
   45b00    45b00       34     1                 exec.elfHeader
   45b34    45b34       20     1                 exec.pentry
   45b54    45b54     1180     4         file.c.o:(.bss)
   45b54    45b54      180     1                 fileTable
   45cd4    45cd4     1000     1                 clusterBuffer
   46cd4    46cd4        4     4         timer.c.o:(.bss)
   46cd4    46cd4        4     1                 jiffies
   46cd8    46cd8        0     1 _end_bss = .
   46cd8    46cd8      328     1 . = ALIGN ( 4096 )
       0        0       29     1 .comment
       0        0       29     1         <internal>:(.comment)
       0        0       4a     1 .ARM.attributes
       0        0       4a     1         kmain.c.o:(.ARM.attributes)
       0        0     12a0     4 .symtab
       0        0     12a0     4         <internal>:(.symtab)
       0        0       6a     1 .shstrtab
       0        0       6a     1         <internal>:(.shstrtab)
       0        0      b57     1 .strtab
       0        0      b57     1         <internal>:(.strtab)
