     VMA      LMA     Size Align Out     In      Symbol
       0        0     8000     1 . = 0x8000
    8000        0        0     1 _start_text = .
    8000     8000     6790     4 .text
    8000     8000       5c     4         kmain.c.o:(.text)
    8000     8000        0     1                 $a.0
    8000     8000        0     1                 _start
    8008     8008       54     1                 kmain
    8054     8054        0     1                 $d.1
    805c     805c       94     4         serial.c.o:(.text)
    805c     805c        0     1                 $a.0
    805c     805c       54     1                 serial_init
    80a0     80a0        0     1                 $d.1
    80b0     80b0        0     1                 $a.2
    80b0     80b0       40     1                 serial_putc
    80e8     80e8        0     1                 $d.3
    80f0     80f0      c98     4         testsuite.c.o:(.text)
    80f0     80f0        0     1                 $a.0
    80f0     80f0      c38     1                 sweet
    8c24     8c24        0     1                 $d.1
    8d28     8d28       50     1                 mystrlen
    8d28     8d28        0     1                 $a.2
    8d78     8d78       10     1                 vprintf
    8d88     8d88      714     4         console.c.o:(.text)
    8d88     8d88        0     1                 $a.0
    8d88     8d88      714     1                 console_putc
    93b4     93b4        0     1                 $d.1
    949c     949c      c68     4         file.c.o:(.text)
    949c     949c        0     1                 $a.0
    949c     949c      200     1                 file_open
    9684     9684        0     1                 $d.1
    969c     969c        0     1                 $a.2
    969c     969c      3d4     1                 scanForMatchingFilename
    9a70     9a70       94     1                 file_close
    9afc     9afc        0     1                 $d.3
    9b04     9b04        0     1                 $a.4
    9b04     9b04      1dc     1                 file_read
    9cc8     9cc8        0     1                 $d.5
    9ce0     9ce0        0     1                 $a.6
    9ce0     9ce0      388     1                 file_seek
    a028     a028        0     1                 $d.7
    a068     a068        0     1                 $a.8
    a068     a068       80     1                 file_tell
    a0e4     a0e4        0     1                 $d.9
    a0e8     a0e8        0     1                 $a.10
    a0e8     a0e8       1c     1                 file_write
    a104     a104      468     4         video.c.o:(.text)
    a104     a104        0     1                 $a.0
    a104     a104      120     1                 video_init
    a214     a214        0     1                 $d.1
    a224     a224       64     1                 mailbox_write
    a224     a224        0     1                 $a.2
    a280     a280        0     1                 $d.3
    a288     a288       80     1                 mailbox_read
    a288     a288        0     1                 $a.4
    a300     a300        0     1                 $d.5
    a308     a308        0     1                 $a.6
    a308     a308       a4     1                 video_set_pixel
    a3a4     a3a4        0     1                 $d.7
    a3ac     a3ac        0     1                 $a.8
    a3ac     a3ac      1c0     1                 video_draw_character
    a558     a558        0     1                 $d.9
    a56c     a56c      3c4     4         interrupt.c.o:(.text)
    a56c     a56c        0     1                 interrupt_table_begin
    a56c     a56c        0     1                 $a.0
    a58c     a58c        0     1                 $d.1
    a5ac     a5ac        0     1                 asm_handler_reset
    a5ac     a5ac        0     1                 interrupt_table_end
    a5ac     a5ac        0     1                 $a.2
    a5c8     a5c8        0     1                 asm_handler_undefined
    a5e4     a5e4        0     1                 asm_handler_svc
    a5fc     a5fc        0     1                 asm_handler_prefetch_abort
    a618     a618        0     1                 asm_handler_data_abort
    a634     a634        0     1                 asm_handler_reserved
    a650     a650        0     1                 asm_handler_irq
    a66c     a66c        0     1                 asm_handler_fiq
    a688     a688       50     1                 interrupt_init
    a6d0     a6d0        0     1                 $d.3
    a6d8     a6d8        0     1                 $a.4
    a6d8     a6d8        c     1                 halt
    a6e4     a6e4       20     1                 handler_reset
    a700     a700        0     1                 $d.5
    a704     a704        0     1                 $a.6
    a704     a704       20     1                 handler_undefined
    a720     a720        0     1                 $d.7
    a724     a724        0     1                 $a.8
    a724     a724       20     1                 handler_svc
    a740     a740        0     1                 $d.9
    a744     a744        0     1                 $a.10
    a744     a744       20     1                 handler_prefetch_abort
    a760     a760        0     1                 $d.11
    a764     a764        0     1                 $a.12
    a764     a764       20     1                 handler_data_abort
    a780     a780        0     1                 $d.13
    a784     a784        0     1                 $a.14
    a784     a784       20     1                 handler_reserved
    a7a0     a7a0        0     1                 $d.15
    a7a4     a7a4        0     1                 $a.16
    a7a4     a7a4       68     1                 handler_irq
    a804     a804        0     1                 $d.17
    a80c     a80c        0     1                 $a.18
    a80c     a80c       20     1                 handler_fiq
    a828     a828        0     1                 $d.19
    a82c     a82c        0     1                 $a.20
    a82c     a82c       10     1                 interrupt_enable
    a83c     a83c       d4     1                 register_interrupt_handler
    a8f4     a8f4        0     1                 $d.21
    a930     a930        0     4         errno.c.o:(.text)
    a930     a930      9cc     4         sd.c.o:(.text)
    a930     a930        0     1                 $a.0
    a930     a930      2a0     1                 sd_init
    ab98     ab98        0     1                 $d.1
    abd0     abd0        0     1                 $a.2
    abd0     abd0       50     1                 delay_millisec
    ac20     ac20      1c8     1                 setClock
    add4     add4        0     1                 $d.3
    ade8     ade8      194     1                 sendCommand
    ade8     ade8        0     1                 $a.4
    af5c     af5c        0     1                 $d.5
    af7c     af7c       6c     1                 sendAppCommand
    af7c     af7c        0     1                 $a.6
    afe8     afe8       c0     1                 waitForStatusBitsToBeZero
    b098     b098        0     1                 $d.7
    b0a8     b0a8       cc     1                 waitForInterrupt
    b0a8     b0a8        0     1                 $a.8
    b168     b168        0     1                 $d.9
    b174     b174        0     1                 $a.10
    b174     b174       b8     1                 sd_read_sector
    b220     b220        0     1                 $d.11
    b22c     b22c        0     1                 $a.12
    b22c     b22c       b8     1                 sd_write_sector
    b2dc     b2dc        0     1                 $d.13
    b2e4     b2e4       18     1                 getHostControllerVersion
    b2e4     b2e4        0     1                 $a.14
    b2f8     b2f8        0     1                 $d.15
    b2fc     b2fc      338     4         utils.c.o:(.text)
    b2fc     b2fc        0     1                 $a.0
    b2fc     b2fc       48     1                 bss_init
    b33c     b33c        0     1                 $d.1
    b344     b344        0     1                 $a.2
    b344     b344       6c     1                 kmemset
    b3b0     b3b0       68     1                 kmemcpy
    b418     b418       a8     1                 getValue
    b4c0     b4c0       28     1                 panic
    b4e4     b4e4        0     1                 $d.3
    b4e8     b4e8        0     1                 $a.4
    b4e8     b4e8       44     1                 toupper
    b52c     b52c       c4     1                 kmemcmp
    b5f0     b5f0       44     1                 Min32
    b634     b634      108     4         timer.c.o:(.text)
    b634     b634        0     1                 $a.0
    b634     b634       4c     1                 timer_init
    b670     b670        0     1                 $d.1
    b680     b680        0     1                 $a.2
    b680     b680       84     1                 timer_interrupt
    b6f4     b6f4        0     1                 $d.3
    b704     b704        0     1                 $a.4
    b704     b704       38     1                 get_uptime
    b730     b730        0     1                 $d.5
    b73c     b73c      3b0     4         fs.c.o:(.text)
    b73c     b73c        0     1                 $a.0
    b73c     b73c      28c     1                 disk_init
    b9a8     b9a8        0     1                 $d.1
    b9c8     b9c8        0     1                 $a.2
    b9c8     b9c8       7c     1                 clusterNumberToSectorNumber
    ba3c     ba3c        0     1                 $d.3
    ba44     ba44        0     1                 $a.4
    ba44     ba44       a8     1                 read_cluster
    baec     baec     2c90     4         kprintf.c.o:(.text)
    baec     baec        0     1                 $a.0
    baec     baec       3c     1                 stbsp_set_separators
    bb20     bb20        0     1                 $d.1
    bb28     bb28        0     1                 $a.2
    bb28     bb28     2178     1                 stbsp_vsprintfcb
    bd6c     bd6c        0     1                 $d.3
    be6c     be6c        0     1                 $a.4
    c154     c154        0     1                 $d.5
    c21c     c21c        0     1                 $a.6
    c38c     c38c        0     1                 $d.7
    c46c     c46c        0     1                 $a.8
    cc50     cc50        0     1                 $d.9
    cc5c     cc5c        0     1                 $a.10
    d490     d490        0     1                 $d.11
    d494     d494        0     1                 $a.12
    d56c     d56c        0     1                 $d.13
    d570     d570        0     1                 $a.14
    d5a4     d5a4        0     1                 $d.15
    d5ac     d5ac        0     1                 $a.16
    d628     d628        0     1                 $d.17
    d62c     d62c        0     1                 $a.18
    d660     d660        0     1                 $d.19
    d668     d668        0     1                 $a.20
    d898     d898        0     1                 $d.21
    d89c     d89c        0     1                 $a.22
    da18     da18        0     1                 $d.23
    da1c     da1c        0     1                 $a.24
    dac4     dac4        0     1                 $d.25
    dac8     dac8        0     1                 $a.26
    db30     db30        0     1                 $d.27
    db34     db34        0     1                 $a.28
    dc68     dc68        0     1                 $d.29
    dc6c     dc6c        0     1                 $a.30
    dc94     dc94        0     1                 $d.31
    dca0     dca0      168     1                 stbsp__strlen_limited
    dca0     dca0        0     1                 $a.32
    de00     de00        0     1                 $d.33
    de08     de08       f8     1                 mod64
    de08     de08        0     1                 $a.34
    df00     df00      128     1                 div64
    e028     e028       ac     1                 mod
    e0d4     e0d4       c8     1                 div
    e19c     e19c       ac     1                 stbsp__lead_sign
    e248     e248       60     1                 stbsp_sprintf
    e2a8     e2a8      114     1                 stbsp_vsnprintf
    e3b4     e3b4        0     1                 $d.35
    e3bc     e3bc       3c     1                 stbsp__count_clamp_callback
    e3bc     e3bc        0     1                 $a.36
    e3f8     e3f8      17c     1                 stbsp__clamp_callback
    e574     e574       54     1                 stbsp_snprintf
    e5c8     e5c8       40     1                 stbsp_vsprintf
    e608     e608       68     1                 kprintf
    e66c     e66c        0     1                 $d.37
    e670     e670       68     1                 callback
    e670     e670        0     1                 $a.38
    e6d8     e6d8       50     1                 ksprintf
    e728     e728       54     1                 ksnprintf
    e77c     e77c       14     4         memory.c.o:(.text)
    e77c     e77c        0     1                 $a.0
    e77c     e77c       14     1                 memory_barrier
    e790     e790        0     1 _end_text = .
    e790     e790       10     4 .ARM.exidx
    e790     e790       10     4         <internal>:(.ARM.exidx)
    e7a0     e7a0      860     1 . = ALIGN ( 4096 )
    f000     f000        0     1 _start_rodata = .
    f000     f000     5f58     4 .rodata
    f000     f000      83e     1         <internal>:(.rodata)
    f840     f840      718     4         testsuite.c.o:(.rodata)
    f840     f840      3b6     1                 article6
    fbf6     fbf6      353     1                 article5
    ff58     ff58     5000     4         video.c.o:(.rodata)
    ff58     ff58     5000     1                 font_data
   14f58    14f58        0     1 _end_rodata = .
   14f58    14f58        c     4 .data.rel.ro
   14f58    14f58        c     4         testsuite.c.o:(.data.rel.ro)
   14f58    14f58        c     1                 .L__const.sweet.p
   14f64    14f64       38     4 .got
   14f64    14f64       38     4         <internal>:(.got)
   14f9c    14f9c       64     1 . = ALIGN ( 4096 )
   15000    15000        0     1 _start_data = .
   15000    15000      374     4 .data
   15000    15000      270     4         testsuite.c.o:(.data)
   15000    15000      270     1                 seeks
   15270    15270        c     4         console.c.o:(.data)
   15270    15270        4     1                 console_putc.col
   15274    15274        4     1                 console_putc.curr_fg
   15278    15278        4     1                 console_putc.max_col
   1527c    1527c        4     4         timer.c.o:(.data)
   1527c    1527c        4     1                 delta
   15280    15280       f4     2         kprintf.c.o:(.data)
   15280    15280        1     1                 stbsp__period
   15281    15281        1     1                 stbsp__comma
   15282    15282       13     1                 stbsp_vsprintfcb.hex
   15295    15295       13     1                 stbsp_vsprintfcb.hexu
   152a8    152a8       cc     1                 stbsp__digitpair
   15374    15374        0     1 _end_data = .
   15374    15374      c8c     1 . = ALIGN ( 4096 )
   16000    16000        0     1 _start_bss = .
   16000    16000     c1e8     4 .bss
   16000    16000      c20     1         testsuite.c.o:(.bss)
   16000    16000      400     1                 sweet.a6a
   16400    16400      400     1                 sweet.a6b
   16800    16800      400     1                 sweet.a5
   16c00    16c00       20     1                 sweet.buf
   16c20    16c20        c     4         console.c.o:(.bss)
   16c20    16c20        4     1                 doingColor
   16c24    16c24        4     1                 console_putc.row
   16c28    16c28        4     1                 console_putc.curr_bg
   16c2c    16c2c     1180     4         file.c.o:(.bss)
   16c2c    16c2c      180     1                 fileTable
   16dac    16dac     1000     1                 clusterBuffer
   17dac    17dac       10     4         video.c.o:(.bss)
   17dac    17dac        3     1                 foregroundColor
   17daf    17daf        3     1                 backgroundColor
   17db4    17db4        4     1                 framebuffer
   17db8    17db8        4     1                 pitch
   17dbc    17dbc     8024     4         interrupt.c.o:(.bss)
   17dbc    17dbc        4     1                 numHandlers
   17dc0    17dc0       20     1                 handlers
   17de0    17de0     1000     1                 reset_stack
   18de0    18de0     1000     1                 undefined_stack
   19de0    19de0     1000     1                 svc_stack
   1ade0    1ade0     1000     1                 prefetch_abort_stack
   1bde0    1bde0     1000     1                 data_abort_stack
   1cde0    1cde0     1000     1                 reserved_stack
   1dde0    1dde0     1000     1                 irq_stack
   1ede0    1ede0     1000     1                 fiq_stack
   1fde0    1fde0        4     4         timer.c.o:(.bss)
   1fde0    1fde0        4     1                 jiffies
   1fde4    1fde4     2404     4         fs.c.o:(.bss)
   1fde4    1fde4      200     1                 sectorbuffer
   1ffe4    1ffe4        4     1                 first_sector
   1ffe8    1ffe8      200     1                 vbr
   201e8    201e8     1000     1                 buff
   211e8    211e8     1000     1                 buff2
   221e8    221e8        0     1 _end_bss = .
   221e8    221e8      e18     1 . = ALIGN ( 4096 )
       0        0       29     1 .comment
       0        0       29     1         <internal>:(.comment)
       0        0       4a     1 .ARM.attributes
       0        0       4a     1         kmain.c.o:(.ARM.attributes)
       0        0     1150     4 .symtab
       0        0     1150     4         <internal>:(.symtab)
       0        0       6a     1 .shstrtab
       0        0       6a     1         <internal>:(.shstrtab)
       0        0      a44     1 .strtab
       0        0      a44     1         <internal>:(.strtab)
