     VMA      LMA     Size Align Out     In      Symbol
       0        0     8000     1 . = 0x8000
    8000        0        0     1 _start_text = .
    8000     8000     6adc     4 .text
    8000     8000       5c     4         kmain.c.o:(.text)
    8000     8000        0     1                 $a.0
    8000     8000        0     1                 _start
    8008     8008       54     1                 kmain
    8054     8054        0     1                 $d.1
    805c     805c       94     4         serial.c.o:(.text)
    805c     805c        0     1                 $a.0
    805c     805c       54     1                 serial_init
    80a0     80a0        0     1                 $d.1
    80b0     80b0        0     1                 $a.2
    80b0     80b0       40     1                 serial_putc
    80e8     80e8        0     1                 $d.3
    80f0     80f0      f14     4         testsuite.c.o:(.text)
    80f0     80f0        0     1                 $a.0
    80f0     80f0      cc8     1                 sweet
    8c94     8c94        0     1                 $d.1
    8db8     8db8       50     1                 mystrlen
    8db8     8db8        0     1                 $a.2
    8e08     8e08      1fc     1                 memdump
    8fec     8fec        0     1                 $d.3
    9004     9004      714     4         console.c.o:(.text)
    9004     9004        0     1                 $a.0
    9004     9004      714     1                 console_putc
    9630     9630        0     1                 $d.1
    9718     9718      d38     4         file.c.o:(.text)
    9718     9718        0     1                 $a.0
    9718     9718      238     1                 file_open
    9930     9930        0     1                 $d.1
    9950     9950        0     1                 $a.2
    9950     9950      3f4     1                 scanForMatchingFilename
    9d28     9d28        0     1                 $d.3
    9d44     9d44        0     1                 $a.4
    9d44     9d44       94     1                 file_close
    9dd0     9dd0        0     1                 $d.5
    9dd8     9dd8        0     1                 $a.6
    9dd8     9dd8      2a4     1                 file_read
    a04c     a04c        0     1                 $d.7
    a07c     a07c        0     1                 $a.8
    a07c     a07c      354     1                 file_seek
    a3a4     a3a4        0     1                 $d.9
    a3d0     a3d0        0     1                 $a.10
    a3d0     a3d0       64     1                 file_tell
    a430     a430        0     1                 $d.11
    a434     a434        0     1                 $a.12
    a434     a434       1c     1                 file_write
    a450     a450      468     4         video.c.o:(.text)
    a450     a450        0     1                 $a.0
    a450     a450      120     1                 video_init
    a560     a560        0     1                 $d.1
    a570     a570       64     1                 mailbox_write
    a570     a570        0     1                 $a.2
    a5cc     a5cc        0     1                 $d.3
    a5d4     a5d4       80     1                 mailbox_read
    a5d4     a5d4        0     1                 $a.4
    a64c     a64c        0     1                 $d.5
    a654     a654        0     1                 $a.6
    a654     a654       a4     1                 video_set_pixel
    a6f0     a6f0        0     1                 $d.7
    a6f8     a6f8        0     1                 $a.8
    a6f8     a6f8      1c0     1                 video_draw_character
    a8a4     a8a4        0     1                 $d.9
    a8b8     a8b8      3c4     4         interrupt.c.o:(.text)
    a8b8     a8b8        0     1                 interrupt_table_begin
    a8b8     a8b8        0     1                 $a.0
    a8d8     a8d8        0     1                 $d.1
    a8f8     a8f8        0     1                 asm_handler_reset
    a8f8     a8f8        0     1                 interrupt_table_end
    a8f8     a8f8        0     1                 $a.2
    a914     a914        0     1                 asm_handler_undefined
    a930     a930        0     1                 asm_handler_svc
    a948     a948        0     1                 asm_handler_prefetch_abort
    a964     a964        0     1                 asm_handler_data_abort
    a980     a980        0     1                 asm_handler_reserved
    a99c     a99c        0     1                 asm_handler_irq
    a9b8     a9b8        0     1                 asm_handler_fiq
    a9d4     a9d4       50     1                 interrupt_init
    aa1c     aa1c        0     1                 $d.3
    aa24     aa24        0     1                 $a.4
    aa24     aa24        c     1                 halt
    aa30     aa30       20     1                 handler_reset
    aa4c     aa4c        0     1                 $d.5
    aa50     aa50        0     1                 $a.6
    aa50     aa50       20     1                 handler_undefined
    aa6c     aa6c        0     1                 $d.7
    aa70     aa70        0     1                 $a.8
    aa70     aa70       20     1                 handler_svc
    aa8c     aa8c        0     1                 $d.9
    aa90     aa90        0     1                 $a.10
    aa90     aa90       20     1                 handler_prefetch_abort
    aaac     aaac        0     1                 $d.11
    aab0     aab0        0     1                 $a.12
    aab0     aab0       20     1                 handler_data_abort
    aacc     aacc        0     1                 $d.13
    aad0     aad0        0     1                 $a.14
    aad0     aad0       20     1                 handler_reserved
    aaec     aaec        0     1                 $d.15
    aaf0     aaf0        0     1                 $a.16
    aaf0     aaf0       68     1                 handler_irq
    ab50     ab50        0     1                 $d.17
    ab58     ab58        0     1                 $a.18
    ab58     ab58       20     1                 handler_fiq
    ab74     ab74        0     1                 $d.19
    ab78     ab78        0     1                 $a.20
    ab78     ab78       10     1                 interrupt_enable
    ab88     ab88       d4     1                 register_interrupt_handler
    ac40     ac40        0     1                 $d.21
    ac7c     ac7c        0     4         errno.c.o:(.text)
    ac7c     ac7c      9cc     4         sd.c.o:(.text)
    ac7c     ac7c        0     1                 $a.0
    ac7c     ac7c      2a0     1                 sd_init
    aee4     aee4        0     1                 $d.1
    af1c     af1c        0     1                 $a.2
    af1c     af1c       50     1                 delay_millisec
    af6c     af6c      1c8     1                 setClock
    b120     b120        0     1                 $d.3
    b134     b134      194     1                 sendCommand
    b134     b134        0     1                 $a.4
    b2a8     b2a8        0     1                 $d.5
    b2c8     b2c8       6c     1                 sendAppCommand
    b2c8     b2c8        0     1                 $a.6
    b334     b334       c0     1                 waitForStatusBitsToBeZero
    b3e4     b3e4        0     1                 $d.7
    b3f4     b3f4       cc     1                 waitForInterrupt
    b3f4     b3f4        0     1                 $a.8
    b4b4     b4b4        0     1                 $d.9
    b4c0     b4c0        0     1                 $a.10
    b4c0     b4c0       b8     1                 sd_read_sector
    b56c     b56c        0     1                 $d.11
    b578     b578        0     1                 $a.12
    b578     b578       b8     1                 sd_write_sector
    b628     b628        0     1                 $d.13
    b630     b630       18     1                 getHostControllerVersion
    b630     b630        0     1                 $a.14
    b644     b644        0     1                 $d.15
    b648     b648      338     4         utils.c.o:(.text)
    b648     b648        0     1                 $a.0
    b648     b648       48     1                 bss_init
    b688     b688        0     1                 $d.1
    b690     b690        0     1                 $a.2
    b690     b690       6c     1                 kmemset
    b6fc     b6fc       68     1                 kmemcpy
    b764     b764       a8     1                 getValue
    b80c     b80c       28     1                 panic
    b830     b830        0     1                 $d.3
    b834     b834        0     1                 $a.4
    b834     b834       44     1                 toupper
    b878     b878       c4     1                 kmemcmp
    b93c     b93c       44     1                 Min32
    b980     b980      108     4         timer.c.o:(.text)
    b980     b980        0     1                 $a.0
    b980     b980       4c     1                 timer_init
    b9bc     b9bc        0     1                 $d.1
    b9cc     b9cc        0     1                 $a.2
    b9cc     b9cc       84     1                 timer_interrupt
    ba40     ba40        0     1                 $d.3
    ba50     ba50        0     1                 $a.4
    ba50     ba50       38     1                 get_uptime
    ba7c     ba7c        0     1                 $d.5
    ba88     ba88      3b0     4         fs.c.o:(.text)
    ba88     ba88        0     1                 $a.0
    ba88     ba88      28c     1                 disk_init
    bcf4     bcf4        0     1                 $d.1
    bd14     bd14        0     1                 $a.2
    bd14     bd14       7c     1                 clusterNumberToSectorNumber
    bd88     bd88        0     1                 $d.3
    bd90     bd90        0     1                 $a.4
    bd90     bd90       a8     1                 read_cluster
    be38     be38     2c90     4         kprintf.c.o:(.text)
    be38     be38        0     1                 $a.0
    be38     be38       3c     1                 stbsp_set_separators
    be6c     be6c        0     1                 $d.1
    be74     be74        0     1                 $a.2
    be74     be74     2178     1                 stbsp_vsprintfcb
    c0b8     c0b8        0     1                 $d.3
    c1b8     c1b8        0     1                 $a.4
    c4a0     c4a0        0     1                 $d.5
    c568     c568        0     1                 $a.6
    c6d8     c6d8        0     1                 $d.7
    c7b8     c7b8        0     1                 $a.8
    cf9c     cf9c        0     1                 $d.9
    cfa8     cfa8        0     1                 $a.10
    d7dc     d7dc        0     1                 $d.11
    d7e0     d7e0        0     1                 $a.12
    d8b8     d8b8        0     1                 $d.13
    d8bc     d8bc        0     1                 $a.14
    d8f0     d8f0        0     1                 $d.15
    d8f8     d8f8        0     1                 $a.16
    d974     d974        0     1                 $d.17
    d978     d978        0     1                 $a.18
    d9ac     d9ac        0     1                 $d.19
    d9b4     d9b4        0     1                 $a.20
    dbe4     dbe4        0     1                 $d.21
    dbe8     dbe8        0     1                 $a.22
    dd64     dd64        0     1                 $d.23
    dd68     dd68        0     1                 $a.24
    de10     de10        0     1                 $d.25
    de14     de14        0     1                 $a.26
    de7c     de7c        0     1                 $d.27
    de80     de80        0     1                 $a.28
    dfb4     dfb4        0     1                 $d.29
    dfb8     dfb8        0     1                 $a.30
    dfe0     dfe0        0     1                 $d.31
    dfec     dfec      168     1                 stbsp__strlen_limited
    dfec     dfec        0     1                 $a.32
    e14c     e14c        0     1                 $d.33
    e154     e154       f8     1                 mod64
    e154     e154        0     1                 $a.34
    e24c     e24c      128     1                 div64
    e374     e374       ac     1                 mod
    e420     e420       c8     1                 div
    e4e8     e4e8       ac     1                 stbsp__lead_sign
    e594     e594       60     1                 stbsp_sprintf
    e5f4     e5f4      114     1                 stbsp_vsnprintf
    e700     e700        0     1                 $d.35
    e708     e708       3c     1                 stbsp__count_clamp_callback
    e708     e708        0     1                 $a.36
    e744     e744      17c     1                 stbsp__clamp_callback
    e8c0     e8c0       54     1                 stbsp_snprintf
    e914     e914       40     1                 stbsp_vsprintf
    e954     e954       68     1                 kprintf
    e9b8     e9b8        0     1                 $d.37
    e9bc     e9bc       68     1                 callback
    e9bc     e9bc        0     1                 $a.38
    ea24     ea24       50     1                 ksprintf
    ea74     ea74       54     1                 ksnprintf
    eac8     eac8       14     4         memory.c.o:(.text)
    eac8     eac8        0     1                 $a.0
    eac8     eac8       14     1                 memory_barrier
    eadc     eadc        0     1 _end_text = .
    eadc     eadc       10     4 .ARM.exidx
    eadc     eadc       10     4         <internal>:(.ARM.exidx)
    eaec     eaec      514     1 . = ALIGN ( 4096 )
    f000     f000        0     1 _start_rodata = .
    f000     f000     60d4     4 .rodata
    f000     f000      9b9     1         <internal>:(.rodata)
    f9bc     f9bc      718     4         testsuite.c.o:(.rodata)
    f9bc     f9bc      3b6     1                 article6
    fd72     fd72      353     1                 article5
   100d4    100d4     5000     4         video.c.o:(.rodata)
   100d4    100d4     5000     1                 font_data
   150d4    150d4        0     1 _end_rodata = .
   150d4    150d4        c     4 .data.rel.ro
   150d4    150d4        c     4         testsuite.c.o:(.data.rel.ro)
   150d4    150d4        c     1                 .L__const.sweet.p
   150e0    150e0       38     4 .got
   150e0    150e0       38     4         <internal>:(.got)
   15118    15118      ee8     1 . = ALIGN ( 4096 )
   16000    16000        0     1 _start_data = .
   16000    16000      374     4 .data
   16000    16000      270     4         testsuite.c.o:(.data)
   16000    16000      270     1                 seeks
   16270    16270        c     4         console.c.o:(.data)
   16270    16270        4     1                 console_putc.col
   16274    16274        4     1                 console_putc.curr_fg
   16278    16278        4     1                 console_putc.max_col
   1627c    1627c        4     4         timer.c.o:(.data)
   1627c    1627c        4     1                 delta
   16280    16280       f4     2         kprintf.c.o:(.data)
   16280    16280        1     1                 stbsp__period
   16281    16281        1     1                 stbsp__comma
   16282    16282       13     1                 stbsp_vsprintfcb.hex
   16295    16295       13     1                 stbsp_vsprintfcb.hexu
   162a8    162a8       cc     1                 stbsp__digitpair
   16374    16374        0     1 _end_data = .
   16374    16374      c8c     1 . = ALIGN ( 4096 )
   17000    17000        0     1 _start_bss = .
   17000    17000     c1e8     4 .bss
   17000    17000      c20     1         testsuite.c.o:(.bss)
   17000    17000      400     1                 sweet.a6a
   17400    17400      400     1                 sweet.a6b
   17800    17800      400     1                 sweet.a5
   17c00    17c00       20     1                 sweet.buf
   17c20    17c20        c     4         console.c.o:(.bss)
   17c20    17c20        4     1                 doingColor
   17c24    17c24        4     1                 console_putc.row
   17c28    17c28        4     1                 console_putc.curr_bg
   17c2c    17c2c     1180     4         file.c.o:(.bss)
   17c2c    17c2c      180     1                 fileTable
   17dac    17dac     1000     1                 clusterBuffer
   18dac    18dac       10     4         video.c.o:(.bss)
   18dac    18dac        3     1                 foregroundColor
   18daf    18daf        3     1                 backgroundColor
   18db4    18db4        4     1                 framebuffer
   18db8    18db8        4     1                 pitch
   18dbc    18dbc     8024     4         interrupt.c.o:(.bss)
   18dbc    18dbc        4     1                 numHandlers
   18dc0    18dc0       20     1                 handlers
   18de0    18de0     1000     1                 reset_stack
   19de0    19de0     1000     1                 undefined_stack
   1ade0    1ade0     1000     1                 svc_stack
   1bde0    1bde0     1000     1                 prefetch_abort_stack
   1cde0    1cde0     1000     1                 data_abort_stack
   1dde0    1dde0     1000     1                 reserved_stack
   1ede0    1ede0     1000     1                 irq_stack
   1fde0    1fde0     1000     1                 fiq_stack
   20de0    20de0        4     4         timer.c.o:(.bss)
   20de0    20de0        4     1                 jiffies
   20de4    20de4     2404     4         fs.c.o:(.bss)
   20de4    20de4      200     1                 sectorbuffer
   20fe4    20fe4        4     1                 first_sector
   20fe8    20fe8      200     1                 vbr
   211e8    211e8     1000     1                 buff
   221e8    221e8     1000     1                 buff2
   231e8    231e8        0     1 _end_bss = .
   231e8    231e8      e18     1 . = ALIGN ( 4096 )
       0        0       29     1 .comment
       0        0       29     1         <internal>:(.comment)
       0        0       4a     1 .ARM.attributes
       0        0       4a     1         kmain.c.o:(.ARM.attributes)
       0        0     1180     4 .symtab
       0        0     1180     4         <internal>:(.symtab)
       0        0       6a     1 .shstrtab
       0        0       6a     1         <internal>:(.shstrtab)
       0        0      a55     1 .strtab
       0        0      a55     1         <internal>:(.strtab)
