     VMA      LMA     Size Align Out     In      Symbol
       0        0     8000     1 . = 0x8000
    8000        0        0     1 _start_text = .
    8000     8000     6408     4 .text
    8000     8000       5c     4         kmain.c.o:(.text)
    8000     8000        0     1                 $a.0
    8000     8000        0     1                 _start
    8008     8008       54     1                 kmain
    8054     8054        0     1                 $d.1
    805c     805c       94     4         serial.c.o:(.text)
    805c     805c        0     1                 $a.0
    805c     805c       54     1                 serial_init
    80a0     80a0        0     1                 $d.1
    80b0     80b0        0     1                 $a.2
    80b0     80b0       40     1                 serial_putc
    80e8     80e8        0     1                 $d.3
    80f0     80f0      790     4         testsuite.c.o:(.text)
    80f0     80f0        0     1                 $a.0
    80f0     80f0      544     1                 sweet
    85fc     85fc        0     1                 $d.1
    8634     8634       50     1                 mystrlen
    8634     8634        0     1                 $a.2
    8684     8684      1fc     1                 memdump
    8868     8868        0     1                 $d.3
    8880     8880      714     4         console.c.o:(.text)
    8880     8880        0     1                 $a.0
    8880     8880      714     1                 console_putc
    8eac     8eac        0     1                 $d.1
    8f94     8f94      3e4     4         fs.c.o:(.text)
    8f94     8f94        0     1                 $a.0
    8f94     8f94      2b0     1                 disk_init
    9224     9224        0     1                 $d.1
    9244     9244        0     1                 $a.2
    9244     9244       7c     1                 clusterNumberToSectorNumber
    92b8     92b8        0     1                 $d.3
    92c0     92c0        0     1                 $a.4
    92c0     92c0       a8     1                 read_cluster
    9368     9368       10     1                 getVBR
    9374     9374        0     1                 $d.5
    9378     9378      468     4         video.c.o:(.text)
    9378     9378        0     1                 $a.0
    9378     9378      120     1                 video_init
    9488     9488        0     1                 $d.1
    9498     9498       64     1                 mailbox_write
    9498     9498        0     1                 $a.2
    94f4     94f4        0     1                 $d.3
    94fc     94fc       80     1                 mailbox_read
    94fc     94fc        0     1                 $a.4
    9574     9574        0     1                 $d.5
    957c     957c        0     1                 $a.6
    957c     957c       a4     1                 video_set_pixel
    9618     9618        0     1                 $d.7
    9620     9620        0     1                 $a.8
    9620     9620      1c0     1                 video_draw_character
    97cc     97cc        0     1                 $d.9
    97e0     97e0      3c4     4         interrupt.c.o:(.text)
    97e0     97e0        0     1                 interrupt_table_begin
    97e0     97e0        0     1                 $a.0
    9800     9800        0     1                 $d.1
    9820     9820        0     1                 asm_handler_reset
    9820     9820        0     1                 interrupt_table_end
    9820     9820        0     1                 $a.2
    983c     983c        0     1                 asm_handler_undefined
    9858     9858        0     1                 asm_handler_svc
    9870     9870        0     1                 asm_handler_prefetch_abort
    988c     988c        0     1                 asm_handler_data_abort
    98a8     98a8        0     1                 asm_handler_reserved
    98c4     98c4        0     1                 asm_handler_irq
    98e0     98e0        0     1                 asm_handler_fiq
    98fc     98fc       50     1                 interrupt_init
    9944     9944        0     1                 $d.3
    994c     994c        0     1                 $a.4
    994c     994c        c     1                 halt
    9958     9958       20     1                 handler_reset
    9974     9974        0     1                 $d.5
    9978     9978        0     1                 $a.6
    9978     9978       20     1                 handler_undefined
    9994     9994        0     1                 $d.7
    9998     9998        0     1                 $a.8
    9998     9998       20     1                 handler_svc
    99b4     99b4        0     1                 $d.9
    99b8     99b8        0     1                 $a.10
    99b8     99b8       20     1                 handler_prefetch_abort
    99d4     99d4        0     1                 $d.11
    99d8     99d8        0     1                 $a.12
    99d8     99d8       20     1                 handler_data_abort
    99f4     99f4        0     1                 $d.13
    99f8     99f8        0     1                 $a.14
    99f8     99f8       20     1                 handler_reserved
    9a14     9a14        0     1                 $d.15
    9a18     9a18        0     1                 $a.16
    9a18     9a18       68     1                 handler_irq
    9a78     9a78        0     1                 $d.17
    9a80     9a80        0     1                 $a.18
    9a80     9a80       20     1                 handler_fiq
    9a9c     9a9c        0     1                 $d.19
    9aa0     9aa0        0     1                 $a.20
    9aa0     9aa0       10     1                 interrupt_enable
    9ab0     9ab0       d4     1                 register_interrupt_handler
    9b68     9b68        0     1                 $d.21
    9ba4     9ba4        0     4         errno.c.o:(.text)
    9ba4     9ba4      a78     4         sd.c.o:(.text)
    9ba4     9ba4        0     1                 $a.0
    9ba4     9ba4      2a0     1                 sd_init
    9e0c     9e0c        0     1                 $d.1
    9e44     9e44        0     1                 $a.2
    9e44     9e44       50     1                 delay_millisec
    9e94     9e94      1c8     1                 setClock
    a048     a048        0     1                 $d.3
    a05c     a05c      194     1                 sendCommand
    a05c     a05c        0     1                 $a.4
    a1d0     a1d0        0     1                 $d.5
    a1f0     a1f0       6c     1                 sendAppCommand
    a1f0     a1f0        0     1                 $a.6
    a25c     a25c       c0     1                 waitForStatusBitsToBeZero
    a30c     a30c        0     1                 $d.7
    a31c     a31c       cc     1                 waitForInterrupt
    a31c     a31c        0     1                 $a.8
    a3dc     a3dc        0     1                 $d.9
    a3e8     a3e8        0     1                 $a.10
    a3e8     a3e8       b8     1                 sd_read_sector
    a494     a494        0     1                 $d.11
    a4a0     a4a0        0     1                 $a.12
    a4a0     a4a0       b8     1                 sd_write_sector
    a550     a550        0     1                 $d.13
    a558     a558        0     1                 $a.14
    a558     a558       ac     1                 disc_read_sectors
    a604     a604       18     1                 getHostControllerVersion
    a618     a618        0     1                 $d.15
    a61c     a61c      338     4         utils.c.o:(.text)
    a61c     a61c        0     1                 $a.0
    a61c     a61c       48     1                 bss_init
    a65c     a65c        0     1                 $d.1
    a664     a664        0     1                 $a.2
    a664     a664       6c     1                 kmemset
    a6d0     a6d0       68     1                 kmemcpy
    a738     a738       a8     1                 getValue
    a7e0     a7e0       28     1                 panic
    a804     a804        0     1                 $d.3
    a808     a808        0     1                 $a.4
    a808     a808       44     1                 toupper
    a84c     a84c       c4     1                 kmemcmp
    a910     a910       44     1                 Min32
    a954     a954      108     4         timer.c.o:(.text)
    a954     a954        0     1                 $a.0
    a954     a954       4c     1                 timer_init
    a990     a990        0     1                 $d.1
    a9a0     a9a0        0     1                 $a.2
    a9a0     a9a0       84     1                 timer_interrupt
    aa14     aa14        0     1                 $d.3
    aa24     aa24        0     1                 $a.4
    aa24     aa24       38     1                 get_uptime
    aa50     aa50        0     1                 $d.5
    aa5c     aa5c      d08     4         file.c.o:(.text)
    aa5c     aa5c        0     1                 $a.0
    aa5c     aa5c      200     1                 file_open
    ac44     ac44        0     1                 $d.1
    ac5c     ac5c        0     1                 $a.2
    ac5c     ac5c      3d4     1                 scanForMatchingFilename
    b030     b030       94     1                 file_close
    b0bc     b0bc        0     1                 $d.3
    b0c4     b0c4        0     1                 $a.4
    b0c4     b0c4      27c     1                 file_read
    b320     b320        0     1                 $d.5
    b340     b340        0     1                 $a.6
    b340     b340      388     1                 file_seek
    b688     b688        0     1                 $d.7
    b6c8     b6c8        0     1                 $a.8
    b6c8     b6c8       80     1                 file_tell
    b744     b744        0     1                 $d.9
    b748     b748        0     1                 $a.10
    b748     b748       1c     1                 file_write
    b764     b764     2c90     4         kprintf.c.o:(.text)
    b764     b764        0     1                 $a.0
    b764     b764       3c     1                 stbsp_set_separators
    b798     b798        0     1                 $d.1
    b7a0     b7a0        0     1                 $a.2
    b7a0     b7a0     2178     1                 stbsp_vsprintfcb
    b9e4     b9e4        0     1                 $d.3
    bae4     bae4        0     1                 $a.4
    bdcc     bdcc        0     1                 $d.5
    be94     be94        0     1                 $a.6
    c004     c004        0     1                 $d.7
    c0e4     c0e4        0     1                 $a.8
    c8c8     c8c8        0     1                 $d.9
    c8d4     c8d4        0     1                 $a.10
    d108     d108        0     1                 $d.11
    d10c     d10c        0     1                 $a.12
    d1e4     d1e4        0     1                 $d.13
    d1e8     d1e8        0     1                 $a.14
    d21c     d21c        0     1                 $d.15
    d224     d224        0     1                 $a.16
    d2a0     d2a0        0     1                 $d.17
    d2a4     d2a4        0     1                 $a.18
    d2d8     d2d8        0     1                 $d.19
    d2e0     d2e0        0     1                 $a.20
    d510     d510        0     1                 $d.21
    d514     d514        0     1                 $a.22
    d690     d690        0     1                 $d.23
    d694     d694        0     1                 $a.24
    d73c     d73c        0     1                 $d.25
    d740     d740        0     1                 $a.26
    d7a8     d7a8        0     1                 $d.27
    d7ac     d7ac        0     1                 $a.28
    d8e0     d8e0        0     1                 $d.29
    d8e4     d8e4        0     1                 $a.30
    d90c     d90c        0     1                 $d.31
    d918     d918      168     1                 stbsp__strlen_limited
    d918     d918        0     1                 $a.32
    da78     da78        0     1                 $d.33
    da80     da80       f8     1                 mod64
    da80     da80        0     1                 $a.34
    db78     db78      128     1                 div64
    dca0     dca0       ac     1                 mod
    dd4c     dd4c       c8     1                 div
    de14     de14       ac     1                 stbsp__lead_sign
    dec0     dec0       60     1                 stbsp_sprintf
    df20     df20      114     1                 stbsp_vsnprintf
    e02c     e02c        0     1                 $d.35
    e034     e034       3c     1                 stbsp__count_clamp_callback
    e034     e034        0     1                 $a.36
    e070     e070      17c     1                 stbsp__clamp_callback
    e1ec     e1ec       54     1                 stbsp_snprintf
    e240     e240       40     1                 stbsp_vsprintf
    e280     e280       68     1                 kprintf
    e2e4     e2e4        0     1                 $d.37
    e2e8     e2e8       68     1                 callback
    e2e8     e2e8        0     1                 $a.38
    e350     e350       50     1                 ksprintf
    e3a0     e3a0       54     1                 ksnprintf
    e3f4     e3f4       14     4         memory.c.o:(.text)
    e3f4     e3f4        0     1                 $a.0
    e3f4     e3f4       14     1                 memory_barrier
    e408     e408        0     1 _end_text = .
    e408     e408       10     4 .ARM.exidx
    e408     e408       10     4         <internal>:(.ARM.exidx)
    e418     e418      be8     1 . = ALIGN ( 4096 )
    f000     f000        0     1 _start_rodata = .
    f000     f000     b4d4     4 .rodata
    f000     f000      32a     1         <internal>:(.rodata)
    f32c     f32c     61a8     4         testsuite.c.o:(.rodata)
    f32c     f32c     33cd     1                 article1
   126f9    126f9     1713     1                 article2
   13e0c    13e0c      829     1                 article3
   14635    14635      77b     1                 article4
   14db0    14db0      353     1                 article5
   15103    15103      3b6     1                 article6
   154bc    154bc       18     1                 .L__const.sweet.order
   154d4    154d4     5000     4         video.c.o:(.rodata)
   154d4    154d4     5000     1                 font_data
   1a4d4    1a4d4        0     1 _end_rodata = .
   1a4d4    1a4d4       48     4 .data.rel.ro
   1a4d4    1a4d4       48     4         testsuite.c.o:(.data.rel.ro)
   1a4d4    1a4d4       18     1                 .L__const.sweet.article_content
   1a4ec    1a4ec       18     1                 .L__const.sweet.filenames
   1a504    1a504       18     1                 .L__const.sweet.p
   1a51c    1a51c       3c     4 .got
   1a51c    1a51c       3c     4         <internal>:(.got)
   1a558    1a558      aa8     1 . = ALIGN ( 4096 )
   1b000    1b000        0     1 _start_data = .
   1b000    1b000      104     4 .data
   1b000    1b000        c     4         console.c.o:(.data)
   1b000    1b000        4     1                 console_putc.col
   1b004    1b004        4     1                 console_putc.curr_fg
   1b008    1b008        4     1                 console_putc.max_col
   1b00c    1b00c        4     4         timer.c.o:(.data)
   1b00c    1b00c        4     1                 delta
   1b010    1b010       f4     2         kprintf.c.o:(.data)
   1b010    1b010        1     1                 stbsp__period
   1b011    1b011        1     1                 stbsp__comma
   1b012    1b012       13     1                 stbsp_vsprintfcb.hex
   1b025    1b025       13     1                 stbsp_vsprintfcb.hexu
   1b038    1b038       cc     1                 stbsp__digitpair
   1b104    1b104        0     1 _end_data = .
   1b104    1b104      efc     1 . = ALIGN ( 4096 )
   1c000    1c000        0     1 _start_bss = .
   1c000    1c000    2ac84     4 .bss
   1c000    1c000     66bc     1         testsuite.c.o:(.bss)
   1c000    1c000     36e2     1                 sweet.article1_
   1f6e2    1f6e2     17a2     1                 sweet.article2_
   20e84    20e84      866     1                 sweet.article3_
   216ea    216ea      802     1                 sweet.article4_
   21eec    21eec      3b6     1                 sweet.article5_
   222a2    222a2      41a     1                 sweet.article6_
   226bc    226bc        c     4         console.c.o:(.bss)
   226bc    226bc        4     1                 doingColor
   226c0    226c0        4     1                 console_putc.row
   226c4    226c4        4     1                 console_putc.curr_bg
   226c8    226c8    1b404     4         fs.c.o:(.bss)
   226c8    226c8      200     1                 sectorbuffer
   228c8    228c8        4     1                 first_sector
   228cc    228cc      200     1                 vbr
   22acc    22acc     1000     1                 buff
   23acc    23acc    19000     1                 fat
   3cacc    3cacc     1000     1                 buff2
   3dacc    3dacc       10     4         video.c.o:(.bss)
   3dacc    3dacc        3     1                 foregroundColor
   3dacf    3dacf        3     1                 backgroundColor
   3dad4    3dad4        4     1                 framebuffer
   3dad8    3dad8        4     1                 pitch
   3dadc    3dadc     8024     4         interrupt.c.o:(.bss)
   3dadc    3dadc        4     1                 numHandlers
   3dae0    3dae0       20     1                 handlers
   3db00    3db00     1000     1                 reset_stack
   3eb00    3eb00     1000     1                 undefined_stack
   3fb00    3fb00     1000     1                 svc_stack
   40b00    40b00     1000     1                 prefetch_abort_stack
   41b00    41b00     1000     1                 data_abort_stack
   42b00    42b00     1000     1                 reserved_stack
   43b00    43b00     1000     1                 irq_stack
   44b00    44b00     1000     1                 fiq_stack
   45b00    45b00        4     4         timer.c.o:(.bss)
   45b00    45b00        4     1                 jiffies
   45b04    45b04     1180     4         file.c.o:(.bss)
   45b04    45b04      180     1                 fileTable
   45c84    45c84     1000     1                 clusterBuffer
   46c84    46c84        0     1 _end_bss = .
   46c84    46c84      37c     1 . = ALIGN ( 4096 )
       0        0       29     1 .comment
       0        0       29     1         <internal>:(.comment)
       0        0       4a     1 .ARM.attributes
       0        0       4a     1         kmain.c.o:(.ARM.attributes)
       0        0     1220     4 .symtab
       0        0     1220     4         <internal>:(.symtab)
       0        0       6a     1 .shstrtab
       0        0       6a     1         <internal>:(.shstrtab)
       0        0      b12     1 .strtab
       0        0      b12     1         <internal>:(.strtab)
