     VMA      LMA     Size Align Out     In      Symbol
       0        0     8000     1 . = 0x8000
    8000        0        0     1 _start_text = .
    8000     8000     3568     4 .text
    8000     8000      368     4         kmain.c.o:(.text)
    8000     8000        0     1                 $a.0
    8000     8000        0     1                 _start
    8008     8008      360     1                 kmain
    8360     8360        0     1                 $d.1
    8368     8368       94     4         serial.c.o:(.text)
    8368     8368        0     1                 $a.0
    8368     8368       54     1                 serial_init
    83ac     83ac        0     1                 $d.1
    83bc     83bc        0     1                 $a.2
    83bc     83bc       40     1                 serial_putc
    83f4     83f4        0     1                 $d.3
    83fc     83fc       b4     4         utils.c.o:(.text)
    83fc     83fc        0     1                 $a.0
    83fc     83fc       48     1                 bss_init
    843c     843c        0     1                 $d.1
    8444     8444        0     1                 $a.2
    8444     8444       6c     1                 kmemset
    84b0     84b0       20     4         console.c.o:(.text)
    84b0     84b0        0     1                 $a.0
    84b0     84b0       20     1                 console_putc
    84d0     84d0     2c90     4         kprintf.c.o:(.text)
    84d0     84d0        0     1                 $a.0
    84d0     84d0       3c     1                 stbsp_set_separators
    8504     8504        0     1                 $d.1
    850c     850c        0     1                 $a.2
    850c     850c     2178     1                 stbsp_vsprintfcb
    8750     8750        0     1                 $d.3
    8850     8850        0     1                 $a.4
    8b38     8b38        0     1                 $d.5
    8c00     8c00        0     1                 $a.6
    8d70     8d70        0     1                 $d.7
    8e50     8e50        0     1                 $a.8
    9634     9634        0     1                 $d.9
    9640     9640        0     1                 $a.10
    9e74     9e74        0     1                 $d.11
    9e78     9e78        0     1                 $a.12
    9f50     9f50        0     1                 $d.13
    9f54     9f54        0     1                 $a.14
    9f88     9f88        0     1                 $d.15
    9f90     9f90        0     1                 $a.16
    a00c     a00c        0     1                 $d.17
    a010     a010        0     1                 $a.18
    a044     a044        0     1                 $d.19
    a04c     a04c        0     1                 $a.20
    a27c     a27c        0     1                 $d.21
    a280     a280        0     1                 $a.22
    a3fc     a3fc        0     1                 $d.23
    a400     a400        0     1                 $a.24
    a4a8     a4a8        0     1                 $d.25
    a4ac     a4ac        0     1                 $a.26
    a514     a514        0     1                 $d.27
    a518     a518        0     1                 $a.28
    a64c     a64c        0     1                 $d.29
    a650     a650        0     1                 $a.30
    a678     a678        0     1                 $d.31
    a684     a684      168     1                 stbsp__strlen_limited
    a684     a684        0     1                 $a.32
    a7e4     a7e4        0     1                 $d.33
    a7ec     a7ec       f8     1                 mod64
    a7ec     a7ec        0     1                 $a.34
    a8e4     a8e4      128     1                 div64
    aa0c     aa0c       ac     1                 mod
    aab8     aab8       c8     1                 div
    ab80     ab80       ac     1                 stbsp__lead_sign
    ac2c     ac2c       60     1                 stbsp_sprintf
    ac8c     ac8c      114     1                 stbsp_vsnprintf
    ad98     ad98        0     1                 $d.35
    ada0     ada0       3c     1                 stbsp__count_clamp_callback
    ada0     ada0        0     1                 $a.36
    addc     addc      17c     1                 stbsp__clamp_callback
    af58     af58       54     1                 stbsp_snprintf
    afac     afac       40     1                 stbsp_vsprintf
    afec     afec       68     1                 kprintf
    b050     b050        0     1                 $d.37
    b054     b054       68     1                 callback
    b054     b054        0     1                 $a.38
    b0bc     b0bc       50     1                 ksprintf
    b10c     b10c       54     1                 ksnprintf
    b160     b160      3f4     4         video.c.o:(.text)
    b160     b160        0     1                 $a.0
    b160     b160      120     1                 video_init
    b270     b270        0     1                 $d.1
    b280     b280       64     1                 mailbox_write
    b280     b280        0     1                 $a.2
    b2dc     b2dc        0     1                 $d.3
    b2e4     b2e4       80     1                 mailbox_read
    b2e4     b2e4        0     1                 $a.4
    b35c     b35c        0     1                 $d.5
    b364     b364        0     1                 $a.6
    b364     b364       9c     1                 video_set_pixel
    b3f8     b3f8        0     1                 $d.7
    b400     b400        0     1                 $a.8
    b400     b400      154     1                 video_draw_character
    b548     b548        0     1                 $d.9
    b554     b554       14     4         memory.c.o:(.text)
    b554     b554        0     1                 $a.0
    b554     b554       14     1                 memory_barrier
    b568     b568        0     1 _end_text = .
    b568     b568       10     4 .ARM.exidx
    b568     b568       10     4         <internal>:(.ARM.exidx)
    b578     b578      a88     1 . = ALIGN ( 4096 )
    c000     c000        0     1 _start_rodata = .
    c000     c000     5018     4 .rodata
    c000     c000       16     1         <internal>:(.rodata)
    c018     c018     5000     4         video.c.o:(.rodata)
    c018     c018     5000     1                 font_data
   11018    11018        0     1 _end_rodata = .
   11018    11018       10     4 .got
   11018    11018       10     4         <internal>:(.got)
   11028    11028      fd8     1 . = ALIGN ( 4096 )
   12000    12000        0     1 _start_data = .
   12000    12000       f4     2 .data
   12000    12000       f4     2         kprintf.c.o:(.data)
   12000    12000        1     1                 stbsp__period
   12001    12001        1     1                 stbsp__comma
   12002    12002       13     1                 stbsp_vsprintfcb.hex
   12015    12015       13     1                 stbsp_vsprintfcb.hexu
   12028    12028       cc     1                 stbsp__digitpair
   120f4    120f4        0     1 _end_data = .
   120f4    120f4      f0c     1 . = ALIGN ( 4096 )
   13000    13000        0     1 _start_bss = .
   13000    13000       10     4 .bss
   13000    13000       10     4         video.c.o:(.bss)
   13000    13000        3     1                 foregroundColor
   13003    13003        3     1                 backgroundColor
   13008    13008        4     1                 framebuffer
   1300c    1300c        4     1                 pitch
   13010    13010        0     1 _end_bss = .
   13010    13010      ff0     1 . = ALIGN ( 4096 )
       0        0       29     1 .comment
       0        0       29     1         <internal>:(.comment)
       0        0       4a     1 .ARM.attributes
       0        0       4a     1         kmain.c.o:(.ARM.attributes)
       0        0      750     4 .symtab
       0        0      750     4         <internal>:(.symtab)
       0        0       5d     1 .shstrtab
       0        0       5d     1         <internal>:(.shstrtab)
       0        0      405     1 .strtab
       0        0      405     1         <internal>:(.strtab)
