     VMA      LMA     Size Align Out     In      Symbol
       0        0     8000     1 . = 0x8000
    8000        0        0     1 _start_text = .
    8000     8000     5a64     4 .text
    8000     8000       5c     4         kmain.c.o:(.text)
    8000     8000        0     1                 $a.0
    8000     8000        0     1                 _start
    8008     8008       54     1                 kmain
    8054     8054        0     1                 $d.1
    805c     805c       94     4         serial.c.o:(.text)
    805c     805c        0     1                 $a.0
    805c     805c       54     1                 serial_init
    80a0     80a0        0     1                 $d.1
    80b0     80b0        0     1                 $a.2
    80b0     80b0       40     1                 serial_putc
    80e8     80e8        0     1                 $d.3
    80f0     80f0      5b4     4         testsuite.c.o:(.text)
    80f0     80f0        0     1                 $a.0
    80f0     80f0      5b4     1                 sweet
    8624     8624        0     1                 $d.1
    86a4     86a4      714     4         console.c.o:(.text)
    86a4     86a4        0     1                 $a.0
    86a4     86a4      714     1                 console_putc
    8cd0     8cd0        0     1                 $d.1
    8db8     8db8      468     4         video.c.o:(.text)
    8db8     8db8        0     1                 $a.0
    8db8     8db8      120     1                 video_init
    8ec8     8ec8        0     1                 $d.1
    8ed8     8ed8       64     1                 mailbox_write
    8ed8     8ed8        0     1                 $a.2
    8f34     8f34        0     1                 $d.3
    8f3c     8f3c       80     1                 mailbox_read
    8f3c     8f3c        0     1                 $a.4
    8fb4     8fb4        0     1                 $d.5
    8fbc     8fbc        0     1                 $a.6
    8fbc     8fbc       a4     1                 video_set_pixel
    9058     9058        0     1                 $d.7
    9060     9060        0     1                 $a.8
    9060     9060      1c0     1                 video_draw_character
    920c     920c        0     1                 $d.9
    9220     9220      3c4     4         interrupt.c.o:(.text)
    9220     9220        0     1                 interrupt_table_begin
    9220     9220        0     1                 $a.0
    9240     9240        0     1                 $d.1
    9260     9260        0     1                 asm_handler_reset
    9260     9260        0     1                 interrupt_table_end
    9260     9260        0     1                 $a.2
    927c     927c        0     1                 asm_handler_undefined
    9298     9298        0     1                 asm_handler_svc
    92b0     92b0        0     1                 asm_handler_prefetch_abort
    92cc     92cc        0     1                 asm_handler_data_abort
    92e8     92e8        0     1                 asm_handler_reserved
    9304     9304        0     1                 asm_handler_irq
    9320     9320        0     1                 asm_handler_fiq
    933c     933c       50     1                 interrupt_init
    9384     9384        0     1                 $d.3
    938c     938c        0     1                 $a.4
    938c     938c        c     1                 halt
    9398     9398       20     1                 handler_reset
    93b4     93b4        0     1                 $d.5
    93b8     93b8        0     1                 $a.6
    93b8     93b8       20     1                 handler_undefined
    93d4     93d4        0     1                 $d.7
    93d8     93d8        0     1                 $a.8
    93d8     93d8       20     1                 handler_svc
    93f4     93f4        0     1                 $d.9
    93f8     93f8        0     1                 $a.10
    93f8     93f8       20     1                 handler_prefetch_abort
    9414     9414        0     1                 $d.11
    9418     9418        0     1                 $a.12
    9418     9418       20     1                 handler_data_abort
    9434     9434        0     1                 $d.13
    9438     9438        0     1                 $a.14
    9438     9438       20     1                 handler_reserved
    9454     9454        0     1                 $d.15
    9458     9458        0     1                 $a.16
    9458     9458       68     1                 handler_irq
    94b8     94b8        0     1                 $d.17
    94c0     94c0        0     1                 $a.18
    94c0     94c0       20     1                 handler_fiq
    94dc     94dc        0     1                 $d.19
    94e0     94e0        0     1                 $a.20
    94e0     94e0       10     1                 interrupt_enable
    94f0     94f0       d4     1                 register_interrupt_handler
    95a8     95a8        0     1                 $d.21
    95e4     95e4        0     4         errno.c.o:(.text)
    95e4     95e4      2f4     4         utils.c.o:(.text)
    95e4     95e4        0     1                 $a.0
    95e4     95e4       48     1                 bss_init
    9624     9624        0     1                 $d.1
    962c     962c        0     1                 $a.2
    962c     962c       6c     1                 kmemset
    9698     9698       68     1                 kmemcpy
    9700     9700       a8     1                 getValue
    97a8     97a8       28     1                 panic
    97cc     97cc        0     1                 $d.3
    97d0     97d0        0     1                 $a.4
    97d0     97d0       44     1                 toupper
    9814     9814       c4     1                 kmemcmp
    98d8     98d8      9cc     4         sd.c.o:(.text)
    98d8     98d8        0     1                 $a.0
    98d8     98d8      2a0     1                 sd_init
    9b40     9b40        0     1                 $d.1
    9b78     9b78        0     1                 $a.2
    9b78     9b78       50     1                 delay_millisec
    9bc8     9bc8      1c8     1                 setClock
    9d7c     9d7c        0     1                 $d.3
    9d90     9d90      194     1                 sendCommand
    9d90     9d90        0     1                 $a.4
    9f04     9f04        0     1                 $d.5
    9f24     9f24       6c     1                 sendAppCommand
    9f24     9f24        0     1                 $a.6
    9f90     9f90       c0     1                 waitForStatusBitsToBeZero
    a040     a040        0     1                 $d.7
    a050     a050       cc     1                 waitForInterrupt
    a050     a050        0     1                 $a.8
    a110     a110        0     1                 $d.9
    a11c     a11c        0     1                 $a.10
    a11c     a11c       b8     1                 sd_read_sector
    a1c8     a1c8        0     1                 $d.11
    a1d4     a1d4        0     1                 $a.12
    a1d4     a1d4       b8     1                 sd_write_sector
    a284     a284        0     1                 $d.13
    a28c     a28c       18     1                 getHostControllerVersion
    a28c     a28c        0     1                 $a.14
    a2a0     a2a0        0     1                 $d.15
    a2a4     a2a4      108     4         timer.c.o:(.text)
    a2a4     a2a4        0     1                 $a.0
    a2a4     a2a4       4c     1                 timer_init
    a2e0     a2e0        0     1                 $d.1
    a2f0     a2f0        0     1                 $a.2
    a2f0     a2f0       84     1                 timer_interrupt
    a364     a364        0     1                 $d.3
    a374     a374        0     1                 $a.4
    a374     a374       38     1                 get_uptime
    a3a0     a3a0        0     1                 $d.5
    a3ac     a3ac      3b0     4         fs.c.o:(.text)
    a3ac     a3ac        0     1                 $a.0
    a3ac     a3ac      28c     1                 disk_init
    a618     a618        0     1                 $d.1
    a638     a638        0     1                 $a.2
    a638     a638       7c     1                 clusterNumberToSectorNumber
    a6ac     a6ac        0     1                 $d.3
    a6b4     a6b4        0     1                 $a.4
    a6b4     a6b4       a8     1                 read_cluster
    a75c     a75c      664     4         file.c.o:(.text)
    a75c     a75c        0     1                 $a.0
    a75c     a75c      18c     1                 file_open
    a8cc     a8cc        0     1                 $d.1
    a8e8     a8e8        0     1                 $a.2
    a8e8     a8e8      44c     1                 scanForMatchingFilename
    ad18     ad18        0     1                 $d.3
    ad34     ad34        0     1                 $a.4
    ad34     ad34       8c     1                 file_close
    adb8     adb8        0     1                 $d.5
    adc0     adc0     2c90     4         kprintf.c.o:(.text)
    adc0     adc0        0     1                 $a.0
    adc0     adc0       3c     1                 stbsp_set_separators
    adf4     adf4        0     1                 $d.1
    adfc     adfc        0     1                 $a.2
    adfc     adfc     2178     1                 stbsp_vsprintfcb
    b040     b040        0     1                 $d.3
    b140     b140        0     1                 $a.4
    b428     b428        0     1                 $d.5
    b4f0     b4f0        0     1                 $a.6
    b660     b660        0     1                 $d.7
    b740     b740        0     1                 $a.8
    bf24     bf24        0     1                 $d.9
    bf30     bf30        0     1                 $a.10
    c764     c764        0     1                 $d.11
    c768     c768        0     1                 $a.12
    c840     c840        0     1                 $d.13
    c844     c844        0     1                 $a.14
    c878     c878        0     1                 $d.15
    c880     c880        0     1                 $a.16
    c8fc     c8fc        0     1                 $d.17
    c900     c900        0     1                 $a.18
    c934     c934        0     1                 $d.19
    c93c     c93c        0     1                 $a.20
    cb6c     cb6c        0     1                 $d.21
    cb70     cb70        0     1                 $a.22
    ccec     ccec        0     1                 $d.23
    ccf0     ccf0        0     1                 $a.24
    cd98     cd98        0     1                 $d.25
    cd9c     cd9c        0     1                 $a.26
    ce04     ce04        0     1                 $d.27
    ce08     ce08        0     1                 $a.28
    cf3c     cf3c        0     1                 $d.29
    cf40     cf40        0     1                 $a.30
    cf68     cf68        0     1                 $d.31
    cf74     cf74      168     1                 stbsp__strlen_limited
    cf74     cf74        0     1                 $a.32
    d0d4     d0d4        0     1                 $d.33
    d0dc     d0dc       f8     1                 mod64
    d0dc     d0dc        0     1                 $a.34
    d1d4     d1d4      128     1                 div64
    d2fc     d2fc       ac     1                 mod
    d3a8     d3a8       c8     1                 div
    d470     d470       ac     1                 stbsp__lead_sign
    d51c     d51c       60     1                 stbsp_sprintf
    d57c     d57c      114     1                 stbsp_vsnprintf
    d688     d688        0     1                 $d.35
    d690     d690       3c     1                 stbsp__count_clamp_callback
    d690     d690        0     1                 $a.36
    d6cc     d6cc      17c     1                 stbsp__clamp_callback
    d848     d848       54     1                 stbsp_snprintf
    d89c     d89c       40     1                 stbsp_vsprintf
    d8dc     d8dc       68     1                 kprintf
    d940     d940        0     1                 $d.37
    d944     d944       68     1                 callback
    d944     d944        0     1                 $a.38
    d9ac     d9ac       50     1                 ksprintf
    d9fc     d9fc       54     1                 ksnprintf
    da50     da50       14     4         memory.c.o:(.text)
    da50     da50        0     1                 $a.0
    da50     da50       14     1                 memory_barrier
    da64     da64        0     1 _end_text = .
    da64     da64       10     4 .ARM.exidx
    da64     da64       10     4         <internal>:(.ARM.exidx)
    da74     da74      58c     1 . = ALIGN ( 4096 )
    e000     e000        0     1 _start_rodata = .
    e000     e000     56ec     4 .rodata
    e000     e000      6ea     1         <internal>:(.rodata)
    e6ec     e6ec     5000     4         video.c.o:(.rodata)
    e6ec     e6ec     5000     1                 font_data
   136ec    136ec        0     1 _end_rodata = .
   136ec    136ec       38     4 .got
   136ec    136ec       38     4         <internal>:(.got)
   13724    13724      8dc     1 . = ALIGN ( 4096 )
   14000    14000        0     1 _start_data = .
   14000    14000      194     4 .data
   14000    14000       90     4         testsuite.c.o:(.data)
   14000    14000       70     1                 nonexist
   14070    14070       20     1                 exist
   14090    14090        c     4         console.c.o:(.data)
   14090    14090        4     1                 console_putc.col
   14094    14094        4     1                 console_putc.curr_fg
   14098    14098        4     1                 console_putc.max_col
   1409c    1409c        4     4         timer.c.o:(.data)
   1409c    1409c        4     1                 delta
   140a0    140a0       f4     2         kprintf.c.o:(.data)
   140a0    140a0        1     1                 stbsp__period
   140a1    140a1        1     1                 stbsp__comma
   140a2    140a2       13     1                 stbsp_vsprintfcb.hex
   140b5    140b5       13     1                 stbsp_vsprintfcb.hexu
   140c8    140c8       cc     1                 stbsp__digitpair
   14194    14194        0     1 _end_data = .
   14194    14194      e6c     1 . = ALIGN ( 4096 )
   15000    15000        0     1 _start_bss = .
   15000    15000     b4c8     4 .bss
   15000    15000        c     4         console.c.o:(.bss)
   15000    15000        4     1                 doingColor
   15004    15004        4     1                 console_putc.row
   15008    15008        4     1                 console_putc.curr_bg
   1500c    1500c       10     4         video.c.o:(.bss)
   1500c    1500c        3     1                 foregroundColor
   1500f    1500f        3     1                 backgroundColor
   15014    15014        4     1                 framebuffer
   15018    15018        4     1                 pitch
   1501c    1501c     8024     4         interrupt.c.o:(.bss)
   1501c    1501c        4     1                 numHandlers
   15020    15020       20     1                 handlers
   15040    15040     1000     1                 reset_stack
   16040    16040     1000     1                 undefined_stack
   17040    17040     1000     1                 svc_stack
   18040    18040     1000     1                 prefetch_abort_stack
   19040    19040     1000     1                 data_abort_stack
   1a040    1a040     1000     1                 reserved_stack
   1b040    1b040     1000     1                 irq_stack
   1c040    1c040     1000     1                 fiq_stack
   1d040    1d040        4     4         timer.c.o:(.bss)
   1d040    1d040        4     1                 jiffies
   1d044    1d044     2404     4         fs.c.o:(.bss)
   1d044    1d044      200     1                 sectorbuffer
   1d244    1d244        4     1                 first_sector
   1d248    1d248      200     1                 vbr
   1d448    1d448     1000     1                 buff
   1e448    1e448     1000     1                 buff2
   1f448    1f448     1080     4         file.c.o:(.bss)
   1f448    1f448       80     1                 fileTable
   1f4c8    1f4c8     1000     1                 file_open.clusterBuffer
   204c8    204c8        0     1 _end_bss = .
   204c8    204c8      b38     1 . = ALIGN ( 4096 )
       0        0       29     1 .comment
       0        0       29     1         <internal>:(.comment)
       0        0       4a     1 .ARM.attributes
       0        0       4a     1         kmain.c.o:(.ARM.attributes)
       0        0     1020     4 .symtab
       0        0     1020     4         <internal>:(.symtab)
       0        0       5d     1 .shstrtab
       0        0       5d     1         <internal>:(.shstrtab)
       0        0      9ad     1 .strtab
       0        0      9ad     1         <internal>:(.strtab)
