     VMA      LMA     Size Align Out     In      Symbol
       0        0     8000     1 . = 0x8000
    8000        0        0     1 _start_text = .
    8000     8000     570c     4 .text
    8000     8000       58     4         kmain.c.o:(.text)
    8000     8000        0     1                 $a.0
    8000     8000        0     1                 _start
    8008     8008       50     1                 kmain
    8050     8050        0     1                 $d.1
    8058     8058       94     4         serial.c.o:(.text)
    8058     8058        0     1                 $a.0
    8058     8058       54     1                 serial_init
    809c     809c        0     1                 $d.1
    80ac     80ac        0     1                 $a.2
    80ac     80ac       40     1                 serial_putc
    80e4     80e4        0     1                 $d.3
    80ec     80ec      414     4         testsuite.c.o:(.text)
    80ec     80ec        0     1                 $a.0
    80ec     80ec      414     1                 sweet
    84b0     84b0        0     1                 $d.1
    8500     8500      714     4         console.c.o:(.text)
    8500     8500        0     1                 $a.0
    8500     8500      714     1                 console_putc
    8b2c     8b2c        0     1                 $d.1
    8c14     8c14      468     4         video.c.o:(.text)
    8c14     8c14        0     1                 $a.0
    8c14     8c14      120     1                 video_init
    8d24     8d24        0     1                 $d.1
    8d34     8d34       64     1                 mailbox_write
    8d34     8d34        0     1                 $a.2
    8d90     8d90        0     1                 $d.3
    8d98     8d98       80     1                 mailbox_read
    8d98     8d98        0     1                 $a.4
    8e10     8e10        0     1                 $d.5
    8e18     8e18        0     1                 $a.6
    8e18     8e18       a4     1                 video_set_pixel
    8eb4     8eb4        0     1                 $d.7
    8ebc     8ebc        0     1                 $a.8
    8ebc     8ebc      1c0     1                 video_draw_character
    9068     9068        0     1                 $d.9
    907c     907c      3c4     4         interrupt.c.o:(.text)
    907c     907c        0     1                 interrupt_table_begin
    907c     907c        0     1                 $a.0
    909c     909c        0     1                 $d.1
    90bc     90bc        0     1                 asm_handler_reset
    90bc     90bc        0     1                 interrupt_table_end
    90bc     90bc        0     1                 $a.2
    90d8     90d8        0     1                 asm_handler_undefined
    90f4     90f4        0     1                 asm_handler_svc
    910c     910c        0     1                 asm_handler_prefetch_abort
    9128     9128        0     1                 asm_handler_data_abort
    9144     9144        0     1                 asm_handler_reserved
    9160     9160        0     1                 asm_handler_irq
    917c     917c        0     1                 asm_handler_fiq
    9198     9198       50     1                 interrupt_init
    91e0     91e0        0     1                 $d.3
    91e8     91e8        0     1                 $a.4
    91e8     91e8        c     1                 halt
    91f4     91f4       20     1                 handler_reset
    9210     9210        0     1                 $d.5
    9214     9214        0     1                 $a.6
    9214     9214       20     1                 handler_undefined
    9230     9230        0     1                 $d.7
    9234     9234        0     1                 $a.8
    9234     9234       20     1                 handler_svc
    9250     9250        0     1                 $d.9
    9254     9254        0     1                 $a.10
    9254     9254       20     1                 handler_prefetch_abort
    9270     9270        0     1                 $d.11
    9274     9274        0     1                 $a.12
    9274     9274       20     1                 handler_data_abort
    9290     9290        0     1                 $d.13
    9294     9294        0     1                 $a.14
    9294     9294       20     1                 handler_reserved
    92b0     92b0        0     1                 $d.15
    92b4     92b4        0     1                 $a.16
    92b4     92b4       68     1                 handler_irq
    9314     9314        0     1                 $d.17
    931c     931c        0     1                 $a.18
    931c     931c       20     1                 handler_fiq
    9338     9338        0     1                 $d.19
    933c     933c        0     1                 $a.20
    933c     933c       10     1                 interrupt_enable
    934c     934c       d4     1                 register_interrupt_handler
    9404     9404        0     1                 $d.21
    9440     9440        0     4         errno.c.o:(.text)
    9440     9440      2f4     4         utils.c.o:(.text)
    9440     9440        0     1                 $a.0
    9440     9440       48     1                 bss_init
    9480     9480        0     1                 $d.1
    9488     9488        0     1                 $a.2
    9488     9488       6c     1                 kmemset
    94f4     94f4       68     1                 kmemcpy
    955c     955c       a8     1                 getValue
    9604     9604       28     1                 panic
    9628     9628        0     1                 $d.3
    962c     962c        0     1                 $a.4
    962c     962c       44     1                 toupper
    9670     9670       c4     1                 kmemcmp
    9734     9734      9cc     4         sd.c.o:(.text)
    9734     9734        0     1                 $a.0
    9734     9734      2a0     1                 sd_init
    999c     999c        0     1                 $d.1
    99d4     99d4        0     1                 $a.2
    99d4     99d4       50     1                 delay_millisec
    9a24     9a24      1c8     1                 setClock
    9bd8     9bd8        0     1                 $d.3
    9bec     9bec      194     1                 sendCommand
    9bec     9bec        0     1                 $a.4
    9d60     9d60        0     1                 $d.5
    9d80     9d80       6c     1                 sendAppCommand
    9d80     9d80        0     1                 $a.6
    9dec     9dec       c0     1                 waitForStatusBitsToBeZero
    9e9c     9e9c        0     1                 $d.7
    9eac     9eac       cc     1                 waitForInterrupt
    9eac     9eac        0     1                 $a.8
    9f6c     9f6c        0     1                 $d.9
    9f78     9f78        0     1                 $a.10
    9f78     9f78       b8     1                 sd_read_sector
    a024     a024        0     1                 $d.11
    a030     a030        0     1                 $a.12
    a030     a030       b8     1                 sd_write_sector
    a0e0     a0e0        0     1                 $d.13
    a0e8     a0e8       18     1                 getHostControllerVersion
    a0e8     a0e8        0     1                 $a.14
    a0fc     a0fc        0     1                 $d.15
    a100     a100      108     4         timer.c.o:(.text)
    a100     a100        0     1                 $a.0
    a100     a100       4c     1                 timer_init
    a13c     a13c        0     1                 $d.1
    a14c     a14c        0     1                 $a.2
    a14c     a14c       84     1                 timer_interrupt
    a1c0     a1c0        0     1                 $d.3
    a1d0     a1d0        0     1                 $a.4
    a1d0     a1d0       38     1                 get_uptime
    a1fc     a1fc        0     1                 $d.5
    a208     a208      3b0     4         fs.c.o:(.text)
    a208     a208        0     1                 $a.0
    a208     a208      28c     1                 disk_init
    a474     a474        0     1                 $d.1
    a494     a494        0     1                 $a.2
    a494     a494       7c     1                 clusterNumberToSectorNumber
    a508     a508        0     1                 $d.3
    a510     a510        0     1                 $a.4
    a510     a510       a8     1                 read_cluster
    a5b8     a5b8      4b0     4         file.c.o:(.text)
    a5b8     a5b8        0     1                 $a.0
    a5b8     a5b8      18c     1                 file_open
    a728     a728        0     1                 $d.1
    a744     a744        0     1                 $a.2
    a744     a744      298     1                 scanForMatchingFilename
    a9cc     a9cc        0     1                 $d.3
    a9dc     a9dc        0     1                 $a.4
    a9dc     a9dc       8c     1                 file_close
    aa60     aa60        0     1                 $d.5
    aa68     aa68     2c90     4         kprintf.c.o:(.text)
    aa68     aa68        0     1                 $a.0
    aa68     aa68       3c     1                 stbsp_set_separators
    aa9c     aa9c        0     1                 $d.1
    aaa4     aaa4        0     1                 $a.2
    aaa4     aaa4     2178     1                 stbsp_vsprintfcb
    ace8     ace8        0     1                 $d.3
    ade8     ade8        0     1                 $a.4
    b0d0     b0d0        0     1                 $d.5
    b198     b198        0     1                 $a.6
    b308     b308        0     1                 $d.7
    b3e8     b3e8        0     1                 $a.8
    bbcc     bbcc        0     1                 $d.9
    bbd8     bbd8        0     1                 $a.10
    c40c     c40c        0     1                 $d.11
    c410     c410        0     1                 $a.12
    c4e8     c4e8        0     1                 $d.13
    c4ec     c4ec        0     1                 $a.14
    c520     c520        0     1                 $d.15
    c528     c528        0     1                 $a.16
    c5a4     c5a4        0     1                 $d.17
    c5a8     c5a8        0     1                 $a.18
    c5dc     c5dc        0     1                 $d.19
    c5e4     c5e4        0     1                 $a.20
    c814     c814        0     1                 $d.21
    c818     c818        0     1                 $a.22
    c994     c994        0     1                 $d.23
    c998     c998        0     1                 $a.24
    ca40     ca40        0     1                 $d.25
    ca44     ca44        0     1                 $a.26
    caac     caac        0     1                 $d.27
    cab0     cab0        0     1                 $a.28
    cbe4     cbe4        0     1                 $d.29
    cbe8     cbe8        0     1                 $a.30
    cc10     cc10        0     1                 $d.31
    cc1c     cc1c      168     1                 stbsp__strlen_limited
    cc1c     cc1c        0     1                 $a.32
    cd7c     cd7c        0     1                 $d.33
    cd84     cd84       f8     1                 mod64
    cd84     cd84        0     1                 $a.34
    ce7c     ce7c      128     1                 div64
    cfa4     cfa4       ac     1                 mod
    d050     d050       c8     1                 div
    d118     d118       ac     1                 stbsp__lead_sign
    d1c4     d1c4       60     1                 stbsp_sprintf
    d224     d224      114     1                 stbsp_vsnprintf
    d330     d330        0     1                 $d.35
    d338     d338       3c     1                 stbsp__count_clamp_callback
    d338     d338        0     1                 $a.36
    d374     d374      17c     1                 stbsp__clamp_callback
    d4f0     d4f0       54     1                 stbsp_snprintf
    d544     d544       40     1                 stbsp_vsprintf
    d584     d584       68     1                 kprintf
    d5e8     d5e8        0     1                 $d.37
    d5ec     d5ec       68     1                 callback
    d5ec     d5ec        0     1                 $a.38
    d654     d654       50     1                 ksprintf
    d6a4     d6a4       54     1                 ksnprintf
    d6f8     d6f8       14     4         memory.c.o:(.text)
    d6f8     d6f8        0     1                 $a.0
    d6f8     d6f8       14     1                 memory_barrier
    d70c     d70c        0     1 _end_text = .
    d70c     d70c       10     4 .ARM.exidx
    d70c     d70c       10     4         <internal>:(.ARM.exidx)
    d71c     d71c      8e4     1 . = ALIGN ( 4096 )
    e000     e000        0     1 _start_rodata = .
    e000     e000     5454     4 .rodata
    e000     e000      454     1         <internal>:(.rodata)
    e454     e454     5000     4         video.c.o:(.rodata)
    e454     e454     5000     1                 font_data
   13454    13454        0     1 _end_rodata = .
   13454    13454       38     4 .got
   13454    13454       38     4         <internal>:(.got)
   1348c    1348c      b74     1 . = ALIGN ( 4096 )
   14000    14000        0     1 _start_data = .
   14000    14000      124     4 .data
   14000    14000       20     4         testsuite.c.o:(.data)
   14000    14000       20     1                 exist
   14020    14020        c     4         console.c.o:(.data)
   14020    14020        4     1                 console_putc.col
   14024    14024        4     1                 console_putc.curr_fg
   14028    14028        4     1                 console_putc.max_col
   1402c    1402c        4     4         timer.c.o:(.data)
   1402c    1402c        4     1                 delta
   14030    14030       f4     2         kprintf.c.o:(.data)
   14030    14030        1     1                 stbsp__period
   14031    14031        1     1                 stbsp__comma
   14032    14032       13     1                 stbsp_vsprintfcb.hex
   14045    14045       13     1                 stbsp_vsprintfcb.hexu
   14058    14058       cc     1                 stbsp__digitpair
   14124    14124        0     1 _end_data = .
   14124    14124      edc     1 . = ALIGN ( 4096 )
   15000    15000        0     1 _start_bss = .
   15000    15000     b4c8     4 .bss
   15000    15000        c     4         console.c.o:(.bss)
   15000    15000        4     1                 doingColor
   15004    15004        4     1                 console_putc.row
   15008    15008        4     1                 console_putc.curr_bg
   1500c    1500c       10     4         video.c.o:(.bss)
   1500c    1500c        3     1                 foregroundColor
   1500f    1500f        3     1                 backgroundColor
   15014    15014        4     1                 framebuffer
   15018    15018        4     1                 pitch
   1501c    1501c     8024     4         interrupt.c.o:(.bss)
   1501c    1501c        4     1                 numHandlers
   15020    15020       20     1                 handlers
   15040    15040     1000     1                 reset_stack
   16040    16040     1000     1                 undefined_stack
   17040    17040     1000     1                 svc_stack
   18040    18040     1000     1                 prefetch_abort_stack
   19040    19040     1000     1                 data_abort_stack
   1a040    1a040     1000     1                 reserved_stack
   1b040    1b040     1000     1                 irq_stack
   1c040    1c040     1000     1                 fiq_stack
   1d040    1d040        4     4         timer.c.o:(.bss)
   1d040    1d040        4     1                 jiffies
   1d044    1d044     2404     4         fs.c.o:(.bss)
   1d044    1d044      200     1                 sectorbuffer
   1d244    1d244        4     1                 first_sector
   1d248    1d248      200     1                 vbr
   1d448    1d448     1000     1                 buff
   1e448    1e448     1000     1                 buff2
   1f448    1f448     1080     4         file.c.o:(.bss)
   1f448    1f448       80     1                 fileTable
   1f4c8    1f4c8     1000     1                 file_open.clusterBuffer
   204c8    204c8        0     1 _end_bss = .
   204c8    204c8      b38     1 . = ALIGN ( 4096 )
       0        0       29     1 .comment
       0        0       29     1         <internal>:(.comment)
       0        0       4a     1 .ARM.attributes
       0        0       4a     1         kmain.c.o:(.ARM.attributes)
       0        0     1010     4 .symtab
       0        0     1010     4         <internal>:(.symtab)
       0        0       5d     1 .shstrtab
       0        0       5d     1         <internal>:(.shstrtab)
       0        0      9a4     1 .strtab
       0        0      9a4     1         <internal>:(.strtab)
