     VMA      LMA     Size Align Out     In      Symbol
       0        0     8000     1 . = 0x8000
    8000        0        0     1 _start_text = .
    8000     8000     4c44     4 .text
    8000     8000       80     4         kmain.c.o:(.text)
    8000     8000        0     1                 $a.0
    8000     8000        0     1                 _start
    8008     8008       78     1                 kmain
    807c     807c        0     1                 $d.1
    8080     8080       94     4         serial.c.o:(.text)
    8080     8080        0     1                 $a.0
    8080     8080       54     1                 serial_init
    80c4     80c4        0     1                 $d.1
    80d4     80d4        0     1                 $a.2
    80d4     80d4       40     1                 serial_putc
    810c     810c        0     1                 $d.3
    8114     8114       b0     4         testsuite.c.o:(.text)
    8114     8114        0     1                 $a.0
    8114     8114       48     1                 div1000
    8158     8158        0     1                 $d.1
    815c     815c        0     1                 $a.2
    815c     815c       68     1                 sweet
    81c0     81c0        0     1                 $d.3
    81c4     81c4      714     4         console.c.o:(.text)
    81c4     81c4        0     1                 $a.0
    81c4     81c4      714     1                 console_putc
    87f0     87f0        0     1                 $d.1
    88d8     88d8      468     4         video.c.o:(.text)
    88d8     88d8        0     1                 $a.0
    88d8     88d8      120     1                 video_init
    89e8     89e8        0     1                 $d.1
    89f8     89f8       64     1                 mailbox_write
    89f8     89f8        0     1                 $a.2
    8a54     8a54        0     1                 $d.3
    8a5c     8a5c       80     1                 mailbox_read
    8a5c     8a5c        0     1                 $a.4
    8ad4     8ad4        0     1                 $d.5
    8adc     8adc        0     1                 $a.6
    8adc     8adc       a4     1                 video_set_pixel
    8b78     8b78        0     1                 $d.7
    8b80     8b80        0     1                 $a.8
    8b80     8b80      1c0     1                 video_draw_character
    8d2c     8d2c        0     1                 $d.9
    8d40     8d40      3c4     4         interrupt.c.o:(.text)
    8d40     8d40        0     1                 interrupt_table_begin
    8d40     8d40        0     1                 $a.0
    8d60     8d60        0     1                 $d.1
    8d80     8d80        0     1                 asm_handler_reset
    8d80     8d80        0     1                 interrupt_table_end
    8d80     8d80        0     1                 $a.2
    8d9c     8d9c        0     1                 asm_handler_undefined
    8db8     8db8        0     1                 asm_handler_svc
    8dd0     8dd0        0     1                 asm_handler_prefetch_abort
    8dec     8dec        0     1                 asm_handler_data_abort
    8e08     8e08        0     1                 asm_handler_reserved
    8e24     8e24        0     1                 asm_handler_irq
    8e40     8e40        0     1                 asm_handler_fiq
    8e5c     8e5c       50     1                 interrupt_init
    8ea4     8ea4        0     1                 $d.3
    8eac     8eac        0     1                 $a.4
    8eac     8eac        c     1                 halt
    8eb8     8eb8       20     1                 handler_reset
    8ed4     8ed4        0     1                 $d.5
    8ed8     8ed8        0     1                 $a.6
    8ed8     8ed8       20     1                 handler_undefined
    8ef4     8ef4        0     1                 $d.7
    8ef8     8ef8        0     1                 $a.8
    8ef8     8ef8       20     1                 handler_svc
    8f14     8f14        0     1                 $d.9
    8f18     8f18        0     1                 $a.10
    8f18     8f18       20     1                 handler_prefetch_abort
    8f34     8f34        0     1                 $d.11
    8f38     8f38        0     1                 $a.12
    8f38     8f38       20     1                 handler_data_abort
    8f54     8f54        0     1                 $d.13
    8f58     8f58        0     1                 $a.14
    8f58     8f58       20     1                 handler_reserved
    8f74     8f74        0     1                 $d.15
    8f78     8f78        0     1                 $a.16
    8f78     8f78       68     1                 handler_irq
    8fd8     8fd8        0     1                 $d.17
    8fe0     8fe0        0     1                 $a.18
    8fe0     8fe0       20     1                 handler_fiq
    8ffc     8ffc        0     1                 $d.19
    9000     9000        0     1                 $a.20
    9000     9000       10     1                 interrupt_enable
    9010     9010       d4     1                 register_interrupt_handler
    90c8     90c8        0     1                 $d.21
    9104     9104        0     4         errno.c.o:(.text)
    9104     9104      1ec     4         utils.c.o:(.text)
    9104     9104        0     1                 $a.0
    9104     9104       48     1                 bss_init
    9144     9144        0     1                 $d.1
    914c     914c        0     1                 $a.2
    914c     914c       6c     1                 kmemset
    91b8     91b8       68     1                 kmemcpy
    9220     9220       a8     1                 getValue
    92c8     92c8       28     1                 panic
    92ec     92ec        0     1                 $d.3
    92f0     92f0      9cc     4         sd.c.o:(.text)
    92f0     92f0        0     1                 $a.0
    92f0     92f0      2a0     1                 sd_init
    9558     9558        0     1                 $d.1
    9590     9590        0     1                 $a.2
    9590     9590       50     1                 delay_millisec
    95e0     95e0      1c8     1                 setClock
    9794     9794        0     1                 $d.3
    97a8     97a8      194     1                 sendCommand
    97a8     97a8        0     1                 $a.4
    991c     991c        0     1                 $d.5
    993c     993c       6c     1                 sendAppCommand
    993c     993c        0     1                 $a.6
    99a8     99a8       c0     1                 waitForStatusBitsToBeZero
    9a58     9a58        0     1                 $d.7
    9a68     9a68       cc     1                 waitForInterrupt
    9a68     9a68        0     1                 $a.8
    9b28     9b28        0     1                 $d.9
    9b34     9b34        0     1                 $a.10
    9b34     9b34       b8     1                 sd_read_sector
    9be0     9be0        0     1                 $d.11
    9bec     9bec        0     1                 $a.12
    9bec     9bec       b8     1                 sd_write_sector
    9c9c     9c9c        0     1                 $d.13
    9ca4     9ca4       18     1                 getHostControllerVersion
    9ca4     9ca4        0     1                 $a.14
    9cb8     9cb8        0     1                 $d.15
    9cbc     9cbc      108     4         timer.c.o:(.text)
    9cbc     9cbc        0     1                 $a.0
    9cbc     9cbc       4c     1                 timer_init
    9cf8     9cf8        0     1                 $d.1
    9d08     9d08        0     1                 $a.2
    9d08     9d08       84     1                 timer_interrupt
    9d7c     9d7c        0     1                 $d.3
    9d8c     9d8c        0     1                 $a.4
    9d8c     9d8c       38     1                 get_uptime
    9db8     9db8        0     1                 $d.5
    9dc4     9dc4      1dc     4         fs.c.o:(.text)
    9dc4     9dc4        0     1                 $a.0
    9dc4     9dc4      160     1                 disk_init
    9f04     9f04        0     1                 $d.1
    9f24     9f24        0     1                 $a.2
    9f24     9f24       7c     1                 clusterNumberToSectorNumber
    9f98     9f98        0     1                 $d.3
    9fa0     9fa0     2c90     4         kprintf.c.o:(.text)
    9fa0     9fa0        0     1                 $a.0
    9fa0     9fa0       3c     1                 stbsp_set_separators
    9fd4     9fd4        0     1                 $d.1
    9fdc     9fdc        0     1                 $a.2
    9fdc     9fdc     2178     1                 stbsp_vsprintfcb
    a220     a220        0     1                 $d.3
    a320     a320        0     1                 $a.4
    a608     a608        0     1                 $d.5
    a6d0     a6d0        0     1                 $a.6
    a840     a840        0     1                 $d.7
    a920     a920        0     1                 $a.8
    b104     b104        0     1                 $d.9
    b110     b110        0     1                 $a.10
    b944     b944        0     1                 $d.11
    b948     b948        0     1                 $a.12
    ba20     ba20        0     1                 $d.13
    ba24     ba24        0     1                 $a.14
    ba58     ba58        0     1                 $d.15
    ba60     ba60        0     1                 $a.16
    badc     badc        0     1                 $d.17
    bae0     bae0        0     1                 $a.18
    bb14     bb14        0     1                 $d.19
    bb1c     bb1c        0     1                 $a.20
    bd4c     bd4c        0     1                 $d.21
    bd50     bd50        0     1                 $a.22
    becc     becc        0     1                 $d.23
    bed0     bed0        0     1                 $a.24
    bf78     bf78        0     1                 $d.25
    bf7c     bf7c        0     1                 $a.26
    bfe4     bfe4        0     1                 $d.27
    bfe8     bfe8        0     1                 $a.28
    c11c     c11c        0     1                 $d.29
    c120     c120        0     1                 $a.30
    c148     c148        0     1                 $d.31
    c154     c154      168     1                 stbsp__strlen_limited
    c154     c154        0     1                 $a.32
    c2b4     c2b4        0     1                 $d.33
    c2bc     c2bc       f8     1                 mod64
    c2bc     c2bc        0     1                 $a.34
    c3b4     c3b4      128     1                 div64
    c4dc     c4dc       ac     1                 mod
    c588     c588       c8     1                 div
    c650     c650       ac     1                 stbsp__lead_sign
    c6fc     c6fc       60     1                 stbsp_sprintf
    c75c     c75c      114     1                 stbsp_vsnprintf
    c868     c868        0     1                 $d.35
    c870     c870       3c     1                 stbsp__count_clamp_callback
    c870     c870        0     1                 $a.36
    c8ac     c8ac      17c     1                 stbsp__clamp_callback
    ca28     ca28       54     1                 stbsp_snprintf
    ca7c     ca7c       40     1                 stbsp_vsprintf
    cabc     cabc       68     1                 kprintf
    cb20     cb20        0     1                 $d.37
    cb24     cb24       68     1                 callback
    cb24     cb24        0     1                 $a.38
    cb8c     cb8c       50     1                 ksprintf
    cbdc     cbdc       54     1                 ksnprintf
    cc30     cc30       14     4         memory.c.o:(.text)
    cc30     cc30        0     1                 $a.0
    cc30     cc30       14     1                 memory_barrier
    cc44     cc44        0     1 _end_text = .
    cc44     cc44       10     4 .ARM.exidx
    cc44     cc44       10     4         <internal>:(.ARM.exidx)
    cc54     cc54      3ac     1 . = ALIGN ( 4096 )
    d000     d000        0     1 _start_rodata = .
    d000     d000     51b8     4 .rodata
    d000     d000      1b7     1         <internal>:(.rodata)
    d1b8     d1b8     5000     4         video.c.o:(.rodata)
    d1b8     d1b8     5000     1                 font_data
   121b8    121b8        0     1 _end_rodata = .
   121b8    121b8       30     4 .got
   121b8    121b8       30     4         <internal>:(.got)
   121e8    121e8      e18     1 . = ALIGN ( 4096 )
   13000    13000        0     1 _start_data = .
   13000    13000      104     4 .data
   13000    13000        c     4         console.c.o:(.data)
   13000    13000        4     1                 console_putc.col
   13004    13004        4     1                 console_putc.curr_fg
   13008    13008        4     1                 console_putc.max_col
   1300c    1300c        4     4         timer.c.o:(.data)
   1300c    1300c        4     1                 delta
   13010    13010       f4     2         kprintf.c.o:(.data)
   13010    13010        1     1                 stbsp__period
   13011    13011        1     1                 stbsp__comma
   13012    13012       13     1                 stbsp_vsprintfcb.hex
   13025    13025       13     1                 stbsp_vsprintfcb.hexu
   13038    13038       cc     1                 stbsp__digitpair
   13104    13104        0     1 _end_data = .
   13104    13104      efc     1 . = ALIGN ( 4096 )
   14000    14000        0     1 _start_bss = .
   14000    14000     8448     4 .bss
   14000    14000        c     4         console.c.o:(.bss)
   14000    14000        4     1                 doingColor
   14004    14004        4     1                 console_putc.row
   14008    14008        4     1                 console_putc.curr_bg
   1400c    1400c       10     4         video.c.o:(.bss)
   1400c    1400c        3     1                 foregroundColor
   1400f    1400f        3     1                 backgroundColor
   14014    14014        4     1                 framebuffer
   14018    14018        4     1                 pitch
   1401c    1401c     8024     4         interrupt.c.o:(.bss)
   1401c    1401c        4     1                 numHandlers
   14020    14020       20     1                 handlers
   14040    14040     1000     1                 reset_stack
   15040    15040     1000     1                 undefined_stack
   16040    16040     1000     1                 svc_stack
   17040    17040     1000     1                 prefetch_abort_stack
   18040    18040     1000     1                 data_abort_stack
   19040    19040     1000     1                 reserved_stack
   1a040    1a040     1000     1                 irq_stack
   1b040    1b040     1000     1                 fiq_stack
   1c040    1c040        4     4         timer.c.o:(.bss)
   1c040    1c040        4     1                 jiffies
   1c044    1c044      404     4         fs.c.o:(.bss)
   1c044    1c044      200     1                 sectorbuffer
   1c244    1c244        4     1                 first_sector
   1c248    1c248      200     1                 vbr
   1c448    1c448        0     1 _end_bss = .
   1c448    1c448      bb8     1 . = ALIGN ( 4096 )
       0        0       29     1 .comment
       0        0       29     1         <internal>:(.comment)
       0        0       4a     1 .ARM.attributes
       0        0       4a     1         kmain.c.o:(.ARM.attributes)
       0        0      f00     4 .symtab
       0        0      f00     4         <internal>:(.symtab)
       0        0       5d     1 .shstrtab
       0        0       5d     1         <internal>:(.shstrtab)
       0        0      90a     1 .strtab
       0        0      90a     1         <internal>:(.strtab)
