     VMA      LMA     Size Align Out     In      Symbol
       0        0     8000     1 . = 0x8000
    8000        0        0     1 _start_text = .
    8000     8000     63d8     4 .text
    8000     8000       5c     4         kmain.c.o:(.text)
    8000     8000        0     1                 $a.0
    8000     8000        0     1                 _start
    8008     8008       54     1                 kmain
    8054     8054        0     1                 $d.1
    805c     805c       94     4         serial.c.o:(.text)
    805c     805c        0     1                 $a.0
    805c     805c       54     1                 serial_init
    80a0     80a0        0     1                 $d.1
    80b0     80b0        0     1                 $a.2
    80b0     80b0       40     1                 serial_putc
    80e8     80e8        0     1                 $d.3
    80f0     80f0      7c4     4         testsuite.c.o:(.text)
    80f0     80f0        0     1                 $a.0
    80f0     80f0      578     1                 sweet
    862c     862c        0     1                 $d.1
    8668     8668       50     1                 mystrlen
    8668     8668        0     1                 $a.2
    86b8     86b8      1fc     1                 memdump
    889c     889c        0     1                 $d.3
    88b4     88b4      714     4         console.c.o:(.text)
    88b4     88b4        0     1                 $a.0
    88b4     88b4      714     1                 console_putc
    8ee0     8ee0        0     1                 $d.1
    8fc8     8fc8      d0c     4         file.c.o:(.text)
    8fc8     8fc8        0     1                 $a.0
    8fc8     8fc8      200     1                 file_open
    91b0     91b0        0     1                 $d.1
    91c8     91c8        0     1                 $a.2
    91c8     91c8      3d4     1                 scanForMatchingFilename
    959c     959c       94     1                 file_close
    9628     9628        0     1                 $d.3
    9630     9630        0     1                 $a.4
    9630     9630      280     1                 file_read
    9890     9890        0     1                 $d.5
    98b0     98b0        0     1                 $a.6
    98b0     98b0      388     1                 file_seek
    9bf8     9bf8        0     1                 $d.7
    9c38     9c38        0     1                 $a.8
    9c38     9c38       80     1                 file_tell
    9cb4     9cb4        0     1                 $d.9
    9cb8     9cb8        0     1                 $a.10
    9cb8     9cb8       1c     1                 file_write
    9cd4     9cd4      468     4         video.c.o:(.text)
    9cd4     9cd4        0     1                 $a.0
    9cd4     9cd4      120     1                 video_init
    9de4     9de4        0     1                 $d.1
    9df4     9df4       64     1                 mailbox_write
    9df4     9df4        0     1                 $a.2
    9e50     9e50        0     1                 $d.3
    9e58     9e58       80     1                 mailbox_read
    9e58     9e58        0     1                 $a.4
    9ed0     9ed0        0     1                 $d.5
    9ed8     9ed8        0     1                 $a.6
    9ed8     9ed8       a4     1                 video_set_pixel
    9f74     9f74        0     1                 $d.7
    9f7c     9f7c        0     1                 $a.8
    9f7c     9f7c      1c0     1                 video_draw_character
    a128     a128        0     1                 $d.9
    a13c     a13c      3c4     4         interrupt.c.o:(.text)
    a13c     a13c        0     1                 interrupt_table_begin
    a13c     a13c        0     1                 $a.0
    a15c     a15c        0     1                 $d.1
    a17c     a17c        0     1                 asm_handler_reset
    a17c     a17c        0     1                 interrupt_table_end
    a17c     a17c        0     1                 $a.2
    a198     a198        0     1                 asm_handler_undefined
    a1b4     a1b4        0     1                 asm_handler_svc
    a1cc     a1cc        0     1                 asm_handler_prefetch_abort
    a1e8     a1e8        0     1                 asm_handler_data_abort
    a204     a204        0     1                 asm_handler_reserved
    a220     a220        0     1                 asm_handler_irq
    a23c     a23c        0     1                 asm_handler_fiq
    a258     a258       50     1                 interrupt_init
    a2a0     a2a0        0     1                 $d.3
    a2a8     a2a8        0     1                 $a.4
    a2a8     a2a8        c     1                 halt
    a2b4     a2b4       20     1                 handler_reset
    a2d0     a2d0        0     1                 $d.5
    a2d4     a2d4        0     1                 $a.6
    a2d4     a2d4       20     1                 handler_undefined
    a2f0     a2f0        0     1                 $d.7
    a2f4     a2f4        0     1                 $a.8
    a2f4     a2f4       20     1                 handler_svc
    a310     a310        0     1                 $d.9
    a314     a314        0     1                 $a.10
    a314     a314       20     1                 handler_prefetch_abort
    a330     a330        0     1                 $d.11
    a334     a334        0     1                 $a.12
    a334     a334       20     1                 handler_data_abort
    a350     a350        0     1                 $d.13
    a354     a354        0     1                 $a.14
    a354     a354       20     1                 handler_reserved
    a370     a370        0     1                 $d.15
    a374     a374        0     1                 $a.16
    a374     a374       68     1                 handler_irq
    a3d4     a3d4        0     1                 $d.17
    a3dc     a3dc        0     1                 $a.18
    a3dc     a3dc       20     1                 handler_fiq
    a3f8     a3f8        0     1                 $d.19
    a3fc     a3fc        0     1                 $a.20
    a3fc     a3fc       10     1                 interrupt_enable
    a40c     a40c       d4     1                 register_interrupt_handler
    a4c4     a4c4        0     1                 $d.21
    a500     a500        0     4         errno.c.o:(.text)
    a500     a500      a78     4         sd.c.o:(.text)
    a500     a500        0     1                 $a.0
    a500     a500      2a0     1                 sd_init
    a768     a768        0     1                 $d.1
    a7a0     a7a0        0     1                 $a.2
    a7a0     a7a0       50     1                 delay_millisec
    a7f0     a7f0      1c8     1                 setClock
    a9a4     a9a4        0     1                 $d.3
    a9b8     a9b8      194     1                 sendCommand
    a9b8     a9b8        0     1                 $a.4
    ab2c     ab2c        0     1                 $d.5
    ab4c     ab4c       6c     1                 sendAppCommand
    ab4c     ab4c        0     1                 $a.6
    abb8     abb8       c0     1                 waitForStatusBitsToBeZero
    ac68     ac68        0     1                 $d.7
    ac78     ac78       cc     1                 waitForInterrupt
    ac78     ac78        0     1                 $a.8
    ad38     ad38        0     1                 $d.9
    ad44     ad44        0     1                 $a.10
    ad44     ad44       b8     1                 sd_read_sector
    adf0     adf0        0     1                 $d.11
    adfc     adfc        0     1                 $a.12
    adfc     adfc       b8     1                 sd_write_sector
    aeac     aeac        0     1                 $d.13
    aeb4     aeb4        0     1                 $a.14
    aeb4     aeb4       ac     1                 disc_read_sectors
    af60     af60       18     1                 getHostControllerVersion
    af74     af74        0     1                 $d.15
    af78     af78      338     4         utils.c.o:(.text)
    af78     af78        0     1                 $a.0
    af78     af78       48     1                 bss_init
    afb8     afb8        0     1                 $d.1
    afc0     afc0        0     1                 $a.2
    afc0     afc0       6c     1                 kmemset
    b02c     b02c       68     1                 kmemcpy
    b094     b094       a8     1                 getValue
    b13c     b13c       28     1                 panic
    b160     b160        0     1                 $d.3
    b164     b164        0     1                 $a.4
    b164     b164       44     1                 toupper
    b1a8     b1a8       c4     1                 kmemcmp
    b26c     b26c       44     1                 Min32
    b2b0     b2b0      108     4         timer.c.o:(.text)
    b2b0     b2b0        0     1                 $a.0
    b2b0     b2b0       4c     1                 timer_init
    b2ec     b2ec        0     1                 $d.1
    b2fc     b2fc        0     1                 $a.2
    b2fc     b2fc       84     1                 timer_interrupt
    b370     b370        0     1                 $d.3
    b380     b380        0     1                 $a.4
    b380     b380       38     1                 get_uptime
    b3ac     b3ac        0     1                 $d.5
    b3b8     b3b8      37c     4         fs.c.o:(.text)
    b3b8     b3b8        0     1                 $a.0
    b3b8     b3b8      248     1                 disk_init
    b5e8     b5e8        0     1                 $d.1
    b600     b600        0     1                 $a.2
    b600     b600       7c     1                 clusterNumberToSectorNumber
    b674     b674        0     1                 $d.3
    b67c     b67c        0     1                 $a.4
    b67c     b67c       a8     1                 read_cluster
    b724     b724       10     1                 getVBR
    b730     b730        0     1                 $d.5
    b734     b734     2c90     4         kprintf.c.o:(.text)
    b734     b734        0     1                 $a.0
    b734     b734       3c     1                 stbsp_set_separators
    b768     b768        0     1                 $d.1
    b770     b770        0     1                 $a.2
    b770     b770     2178     1                 stbsp_vsprintfcb
    b9b4     b9b4        0     1                 $d.3
    bab4     bab4        0     1                 $a.4
    bd9c     bd9c        0     1                 $d.5
    be64     be64        0     1                 $a.6
    bfd4     bfd4        0     1                 $d.7
    c0b4     c0b4        0     1                 $a.8
    c898     c898        0     1                 $d.9
    c8a4     c8a4        0     1                 $a.10
    d0d8     d0d8        0     1                 $d.11
    d0dc     d0dc        0     1                 $a.12
    d1b4     d1b4        0     1                 $d.13
    d1b8     d1b8        0     1                 $a.14
    d1ec     d1ec        0     1                 $d.15
    d1f4     d1f4        0     1                 $a.16
    d270     d270        0     1                 $d.17
    d274     d274        0     1                 $a.18
    d2a8     d2a8        0     1                 $d.19
    d2b0     d2b0        0     1                 $a.20
    d4e0     d4e0        0     1                 $d.21
    d4e4     d4e4        0     1                 $a.22
    d660     d660        0     1                 $d.23
    d664     d664        0     1                 $a.24
    d70c     d70c        0     1                 $d.25
    d710     d710        0     1                 $a.26
    d778     d778        0     1                 $d.27
    d77c     d77c        0     1                 $a.28
    d8b0     d8b0        0     1                 $d.29
    d8b4     d8b4        0     1                 $a.30
    d8dc     d8dc        0     1                 $d.31
    d8e8     d8e8      168     1                 stbsp__strlen_limited
    d8e8     d8e8        0     1                 $a.32
    da48     da48        0     1                 $d.33
    da50     da50       f8     1                 mod64
    da50     da50        0     1                 $a.34
    db48     db48      128     1                 div64
    dc70     dc70       ac     1                 mod
    dd1c     dd1c       c8     1                 div
    dde4     dde4       ac     1                 stbsp__lead_sign
    de90     de90       60     1                 stbsp_sprintf
    def0     def0      114     1                 stbsp_vsnprintf
    dffc     dffc        0     1                 $d.35
    e004     e004       3c     1                 stbsp__count_clamp_callback
    e004     e004        0     1                 $a.36
    e040     e040      17c     1                 stbsp__clamp_callback
    e1bc     e1bc       54     1                 stbsp_snprintf
    e210     e210       40     1                 stbsp_vsprintf
    e250     e250       68     1                 kprintf
    e2b4     e2b4        0     1                 $d.37
    e2b8     e2b8       68     1                 callback
    e2b8     e2b8        0     1                 $a.38
    e320     e320       50     1                 ksprintf
    e370     e370       54     1                 ksnprintf
    e3c4     e3c4       14     4         memory.c.o:(.text)
    e3c4     e3c4        0     1                 $a.0
    e3c4     e3c4       14     1                 memory_barrier
    e3d8     e3d8        0     1 _end_text = .
    e3d8     e3d8       10     4 .ARM.exidx
    e3d8     e3d8       10     4         <internal>:(.ARM.exidx)
    e3e8     e3e8      c18     1 . = ALIGN ( 4096 )
    f000     f000        0     1 _start_rodata = .
    f000     f000     b4f0     4 .rodata
    f000     f000      346     1         <internal>:(.rodata)
    f348     f348     61a8     4         testsuite.c.o:(.rodata)
    f348     f348     33cd     1                 article1
   12715    12715     1713     1                 article2
   13e28    13e28      829     1                 article3
   14651    14651      77b     1                 article4
   14dcc    14dcc      353     1                 article5
   1511f    1511f      3b6     1                 article6
   154d8    154d8       18     1                 .L__const.sweet.order
   154f0    154f0     5000     4         video.c.o:(.rodata)
   154f0    154f0     5000     1                 font_data
   1a4f0    1a4f0        0     1 _end_rodata = .
   1a4f0    1a4f0       48     4 .data.rel.ro
   1a4f0    1a4f0       48     4         testsuite.c.o:(.data.rel.ro)
   1a4f0    1a4f0       18     1                 .L__const.sweet.article_content
   1a508    1a508       18     1                 .L__const.sweet.filenames
   1a520    1a520       18     1                 .L__const.sweet.p
   1a538    1a538       38     4 .got
   1a538    1a538       38     4         <internal>:(.got)
   1a570    1a570      a90     1 . = ALIGN ( 4096 )
   1b000    1b000        0     1 _start_data = .
   1b000    1b000      104     4 .data
   1b000    1b000        c     4         console.c.o:(.data)
   1b000    1b000        4     1                 console_putc.col
   1b004    1b004        4     1                 console_putc.curr_fg
   1b008    1b008        4     1                 console_putc.max_col
   1b00c    1b00c        4     4         timer.c.o:(.data)
   1b00c    1b00c        4     1                 delta
   1b010    1b010       f4     2         kprintf.c.o:(.data)
   1b010    1b010        1     1                 stbsp__period
   1b011    1b011        1     1                 stbsp__comma
   1b012    1b012       13     1                 stbsp_vsprintfcb.hex
   1b025    1b025       13     1                 stbsp_vsprintfcb.hexu
   1b038    1b038       cc     1                 stbsp__digitpair
   1b104    1b104        0     1 _end_data = .
   1b104    1b104      efc     1 . = ALIGN ( 4096 )
   1c000    1c000        0     1 _start_bss = .
   1c000    1c000    2ac84     4 .bss
   1c000    1c000     66bc     1         testsuite.c.o:(.bss)
   1c000    1c000     36e2     1                 sweet.article1_
   1f6e2    1f6e2     17a2     1                 sweet.article2_
   20e84    20e84      866     1                 sweet.article3_
   216ea    216ea      802     1                 sweet.article4_
   21eec    21eec      3b6     1                 sweet.article5_
   222a2    222a2      41a     1                 sweet.article6_
   226bc    226bc        c     4         console.c.o:(.bss)
   226bc    226bc        4     1                 doingColor
   226c0    226c0        4     1                 console_putc.row
   226c4    226c4        4     1                 console_putc.curr_bg
   226c8    226c8    1a180     4         file.c.o:(.bss)
   226c8    226c8      180     1                 fileTable
   22848    22848     1000     1                 clusterBuffer
   23848    23848    19000     1                 fat
   3c848    3c848       10     4         video.c.o:(.bss)
   3c848    3c848        3     1                 foregroundColor
   3c84b    3c84b        3     1                 backgroundColor
   3c850    3c850        4     1                 framebuffer
   3c854    3c854        4     1                 pitch
   3c858    3c858     8024     4         interrupt.c.o:(.bss)
   3c858    3c858        4     1                 numHandlers
   3c85c    3c85c       20     1                 handlers
   3c87c    3c87c     1000     1                 reset_stack
   3d87c    3d87c     1000     1                 undefined_stack
   3e87c    3e87c     1000     1                 svc_stack
   3f87c    3f87c     1000     1                 prefetch_abort_stack
   4087c    4087c     1000     1                 data_abort_stack
   4187c    4187c     1000     1                 reserved_stack
   4287c    4287c     1000     1                 irq_stack
   4387c    4387c     1000     1                 fiq_stack
   4487c    4487c        4     4         timer.c.o:(.bss)
   4487c    4487c        4     1                 jiffies
   44880    44880     2404     4         fs.c.o:(.bss)
   44880    44880      200     1                 sectorbuffer
   44a80    44a80        4     1                 first_sector
   44a84    44a84      200     1                 vbr
   44c84    44c84     1000     1                 buff
   45c84    45c84     1000     1                 buff2
   46c84    46c84        0     1 _end_bss = .
   46c84    46c84      37c     1 . = ALIGN ( 4096 )
       0        0       29     1 .comment
       0        0       29     1         <internal>:(.comment)
       0        0       4a     1 .ARM.attributes
       0        0       4a     1         kmain.c.o:(.ARM.attributes)
       0        0     1220     4 .symtab
       0        0     1220     4         <internal>:(.symtab)
       0        0       6a     1 .shstrtab
       0        0       6a     1         <internal>:(.shstrtab)
       0        0      b12     1 .strtab
       0        0      b12     1         <internal>:(.strtab)
