     VMA      LMA     Size Align Out     In      Symbol
       0        0     8000     1 . = 0x8000
    8000        0        0     1 _start_text = .
    8000     8000     3764     4 .text
    8000     8000      354     4         kmain.c.o:(.text)
    8000     8000        0     1                 $a.0
    8000     8000        0     1                 _start
    8008     8008      34c     1                 kmain
    8350     8350        0     1                 $d.1
    8354     8354       94     4         serial.c.o:(.text)
    8354     8354        0     1                 $a.0
    8354     8354       54     1                 serial_init
    8398     8398        0     1                 $d.1
    83a8     83a8        0     1                 $a.2
    83a8     83a8       40     1                 serial_putc
    83e0     83e0        0     1                 $d.3
    83e8     83e8       20     4         console.c.o:(.text)
    83e8     83e8        0     1                 $a.0
    83e8     83e8       20     1                 console_putc
    8408     8408      3f8     4         video.c.o:(.text)
    8408     8408        0     1                 $a.0
    8408     8408      124     1                 video_init
    851c     851c        0     1                 $d.1
    852c     852c       64     1                 mailbox_write
    852c     852c        0     1                 $a.2
    8588     8588        0     1                 $d.3
    8590     8590       80     1                 mailbox_read
    8590     8590        0     1                 $a.4
    8608     8608        0     1                 $d.5
    8610     8610        0     1                 $a.6
    8610     8610       9c     1                 video_set_pixel
    86a4     86a4        0     1                 $d.7
    86ac     86ac        0     1                 $a.8
    86ac     86ac      154     1                 video_draw_character
    87f4     87f4        0     1                 $d.9
    8800     8800      20c     4         testsuite.c.o:(.text)
    8800     8800        0     1                 $a.0
    8800     8800      20c     1                 sweet
    89c4     89c4        0     1                 $d.1
    8a0c     8a0c       b4     4         utils.c.o:(.text)
    8a0c     8a0c        0     1                 $a.0
    8a0c     8a0c       48     1                 bss_init
    8a4c     8a4c        0     1                 $d.1
    8a54     8a54        0     1                 $a.2
    8a54     8a54       6c     1                 kmemset
    8ac0     8ac0     2c90     4         kprintf.c.o:(.text)
    8ac0     8ac0        0     1                 $a.0
    8ac0     8ac0       3c     1                 stbsp_set_separators
    8af4     8af4        0     1                 $d.1
    8afc     8afc        0     1                 $a.2
    8afc     8afc     2178     1                 stbsp_vsprintfcb
    8d40     8d40        0     1                 $d.3
    8e40     8e40        0     1                 $a.4
    9128     9128        0     1                 $d.5
    91f0     91f0        0     1                 $a.6
    9360     9360        0     1                 $d.7
    9440     9440        0     1                 $a.8
    9c24     9c24        0     1                 $d.9
    9c30     9c30        0     1                 $a.10
    a464     a464        0     1                 $d.11
    a468     a468        0     1                 $a.12
    a540     a540        0     1                 $d.13
    a544     a544        0     1                 $a.14
    a578     a578        0     1                 $d.15
    a580     a580        0     1                 $a.16
    a5fc     a5fc        0     1                 $d.17
    a600     a600        0     1                 $a.18
    a634     a634        0     1                 $d.19
    a63c     a63c        0     1                 $a.20
    a86c     a86c        0     1                 $d.21
    a870     a870        0     1                 $a.22
    a9ec     a9ec        0     1                 $d.23
    a9f0     a9f0        0     1                 $a.24
    aa98     aa98        0     1                 $d.25
    aa9c     aa9c        0     1                 $a.26
    ab04     ab04        0     1                 $d.27
    ab08     ab08        0     1                 $a.28
    ac3c     ac3c        0     1                 $d.29
    ac40     ac40        0     1                 $a.30
    ac68     ac68        0     1                 $d.31
    ac74     ac74      168     1                 stbsp__strlen_limited
    ac74     ac74        0     1                 $a.32
    add4     add4        0     1                 $d.33
    addc     addc       f8     1                 mod64
    addc     addc        0     1                 $a.34
    aed4     aed4      128     1                 div64
    affc     affc       ac     1                 mod
    b0a8     b0a8       c8     1                 div
    b170     b170       ac     1                 stbsp__lead_sign
    b21c     b21c       60     1                 stbsp_sprintf
    b27c     b27c      114     1                 stbsp_vsnprintf
    b388     b388        0     1                 $d.35
    b390     b390       3c     1                 stbsp__count_clamp_callback
    b390     b390        0     1                 $a.36
    b3cc     b3cc      17c     1                 stbsp__clamp_callback
    b548     b548       54     1                 stbsp_snprintf
    b59c     b59c       40     1                 stbsp_vsprintf
    b5dc     b5dc       68     1                 kprintf
    b640     b640        0     1                 $d.37
    b644     b644       68     1                 callback
    b644     b644        0     1                 $a.38
    b6ac     b6ac       50     1                 ksprintf
    b6fc     b6fc       54     1                 ksnprintf
    b750     b750       14     4         memory.c.o:(.text)
    b750     b750        0     1                 $a.0
    b750     b750       14     1                 memory_barrier
    b764     b764        0     1 _end_text = .
    b764     b764       10     4 .ARM.exidx
    b764     b764       10     4         <internal>:(.ARM.exidx)
    b774     b774      88c     1 . = ALIGN ( 4096 )
    c000     c000        0     1 _start_rodata = .
    c000     c000     52b4     4 .rodata
    c000     c000      2b4     1         <internal>:(.rodata)
    c2b4     c2b4     5000     4         video.c.o:(.rodata)
    c2b4     c2b4     5000     1                 font_data
   112b4    112b4        0     1 _end_rodata = .
   112b4    112b4       14     4 .got
   112b4    112b4       14     4         <internal>:(.got)
   112c8    112c8      d38     1 . = ALIGN ( 4096 )
   12000    12000        0     1 _start_data = .
   12000    12000       f8     4 .data
   12000    12000        4     4         testsuite.c.o:(.data)
   12000    12000        4     1                 bigstring
   12004    12004       f4     2         kprintf.c.o:(.data)
   12004    12004        1     1                 stbsp__period
   12005    12005        1     1                 stbsp__comma
   12006    12006       13     1                 stbsp_vsprintfcb.hex
   12019    12019       13     1                 stbsp_vsprintfcb.hexu
   1202c    1202c       cc     1                 stbsp__digitpair
   120f8    120f8        0     1 _end_data = .
   120f8    120f8      f08     1 . = ALIGN ( 4096 )
   13000    13000        0     1 _start_bss = .
   13000    13000       10     4 .bss
   13000    13000       10     4         video.c.o:(.bss)
   13000    13000        3     1                 foregroundColor
   13003    13003        3     1                 backgroundColor
   13008    13008        4     1                 framebuffer
   1300c    1300c        4     1                 pitch
   13010    13010        0     1 _end_bss = .
   13010    13010      ff0     1 . = ALIGN ( 4096 )
       0        0       29     1 .comment
       0        0       29     1         <internal>:(.comment)
       0        0       4a     1 .ARM.attributes
       0        0       4a     1         kmain.c.o:(.ARM.attributes)
       0        0      7a0     4 .symtab
       0        0      7a0     4         <internal>:(.symtab)
       0        0       5d     1 .shstrtab
       0        0       5d     1         <internal>:(.shstrtab)
       0        0      42b     1 .strtab
       0        0      42b     1         <internal>:(.strtab)
