     VMA      LMA     Size Align Out     In      Symbol
       0        0     8000     1 . = 0x8000
    8000        0        0     1 _start_text = .
    8000     8000     6760     4 .text
    8000     8000       5c     4         kmain.c.o:(.text)
    8000     8000        0     1                 $a.0
    8000     8000        0     1                 _start
    8008     8008       54     1                 kmain
    8054     8054        0     1                 $d.1
    805c     805c       94     4         serial.c.o:(.text)
    805c     805c        0     1                 $a.0
    805c     805c       54     1                 serial_init
    80a0     80a0        0     1                 $d.1
    80b0     80b0        0     1                 $a.2
    80b0     80b0       40     1                 serial_putc
    80e8     80e8        0     1                 $d.3
    80f0     80f0      c98     4         testsuite.c.o:(.text)
    80f0     80f0        0     1                 $a.0
    80f0     80f0      c38     1                 sweet
    8c24     8c24        0     1                 $d.1
    8d28     8d28       50     1                 mystrlen
    8d28     8d28        0     1                 $a.2
    8d78     8d78       10     1                 vprintf
    8d88     8d88      714     4         console.c.o:(.text)
    8d88     8d88        0     1                 $a.0
    8d88     8d88      714     1                 console_putc
    93b4     93b4        0     1                 $d.1
    949c     949c      c38     4         file.c.o:(.text)
    949c     949c        0     1                 $a.0
    949c     949c      210     1                 file_open
    968c     968c        0     1                 $d.1
    96ac     96ac        0     1                 $a.2
    96ac     96ac      44c     1                 scanForMatchingFilename
    9adc     9adc        0     1                 $d.3
    9af8     9af8        0     1                 $a.4
    9af8     9af8       94     1                 file_close
    9b84     9b84        0     1                 $d.5
    9b8c     9b8c        0     1                 $a.6
    9b8c     9b8c      208     1                 file_read
    9d78     9d78        0     1                 $d.7
    9d94     9d94        0     1                 $a.8
    9d94     9d94      328     1                 file_seek
    a090     a090        0     1                 $d.9
    a0bc     a0bc        0     1                 $a.10
    a0bc     a0bc       18     1                 file_tell
    a0d4     a0d4      468     4         video.c.o:(.text)
    a0d4     a0d4        0     1                 $a.0
    a0d4     a0d4      120     1                 video_init
    a1e4     a1e4        0     1                 $d.1
    a1f4     a1f4       64     1                 mailbox_write
    a1f4     a1f4        0     1                 $a.2
    a250     a250        0     1                 $d.3
    a258     a258       80     1                 mailbox_read
    a258     a258        0     1                 $a.4
    a2d0     a2d0        0     1                 $d.5
    a2d8     a2d8        0     1                 $a.6
    a2d8     a2d8       a4     1                 video_set_pixel
    a374     a374        0     1                 $d.7
    a37c     a37c        0     1                 $a.8
    a37c     a37c      1c0     1                 video_draw_character
    a528     a528        0     1                 $d.9
    a53c     a53c      3c4     4         interrupt.c.o:(.text)
    a53c     a53c        0     1                 interrupt_table_begin
    a53c     a53c        0     1                 $a.0
    a55c     a55c        0     1                 $d.1
    a57c     a57c        0     1                 asm_handler_reset
    a57c     a57c        0     1                 interrupt_table_end
    a57c     a57c        0     1                 $a.2
    a598     a598        0     1                 asm_handler_undefined
    a5b4     a5b4        0     1                 asm_handler_svc
    a5cc     a5cc        0     1                 asm_handler_prefetch_abort
    a5e8     a5e8        0     1                 asm_handler_data_abort
    a604     a604        0     1                 asm_handler_reserved
    a620     a620        0     1                 asm_handler_irq
    a63c     a63c        0     1                 asm_handler_fiq
    a658     a658       50     1                 interrupt_init
    a6a0     a6a0        0     1                 $d.3
    a6a8     a6a8        0     1                 $a.4
    a6a8     a6a8        c     1                 halt
    a6b4     a6b4       20     1                 handler_reset
    a6d0     a6d0        0     1                 $d.5
    a6d4     a6d4        0     1                 $a.6
    a6d4     a6d4       20     1                 handler_undefined
    a6f0     a6f0        0     1                 $d.7
    a6f4     a6f4        0     1                 $a.8
    a6f4     a6f4       20     1                 handler_svc
    a710     a710        0     1                 $d.9
    a714     a714        0     1                 $a.10
    a714     a714       20     1                 handler_prefetch_abort
    a730     a730        0     1                 $d.11
    a734     a734        0     1                 $a.12
    a734     a734       20     1                 handler_data_abort
    a750     a750        0     1                 $d.13
    a754     a754        0     1                 $a.14
    a754     a754       20     1                 handler_reserved
    a770     a770        0     1                 $d.15
    a774     a774        0     1                 $a.16
    a774     a774       68     1                 handler_irq
    a7d4     a7d4        0     1                 $d.17
    a7dc     a7dc        0     1                 $a.18
    a7dc     a7dc       20     1                 handler_fiq
    a7f8     a7f8        0     1                 $d.19
    a7fc     a7fc        0     1                 $a.20
    a7fc     a7fc       10     1                 interrupt_enable
    a80c     a80c       d4     1                 register_interrupt_handler
    a8c4     a8c4        0     1                 $d.21
    a900     a900        0     4         errno.c.o:(.text)
    a900     a900      338     4         utils.c.o:(.text)
    a900     a900        0     1                 $a.0
    a900     a900       48     1                 bss_init
    a940     a940        0     1                 $d.1
    a948     a948        0     1                 $a.2
    a948     a948       6c     1                 kmemset
    a9b4     a9b4       68     1                 kmemcpy
    aa1c     aa1c       a8     1                 getValue
    aac4     aac4       28     1                 panic
    aae8     aae8        0     1                 $d.3
    aaec     aaec        0     1                 $a.4
    aaec     aaec       44     1                 toupper
    ab30     ab30       c4     1                 kmemcmp
    abf4     abf4       44     1                 Min32
    ac38     ac38      9cc     4         sd.c.o:(.text)
    ac38     ac38        0     1                 $a.0
    ac38     ac38      2a0     1                 sd_init
    aea0     aea0        0     1                 $d.1
    aed8     aed8        0     1                 $a.2
    aed8     aed8       50     1                 delay_millisec
    af28     af28      1c8     1                 setClock
    b0dc     b0dc        0     1                 $d.3
    b0f0     b0f0      194     1                 sendCommand
    b0f0     b0f0        0     1                 $a.4
    b264     b264        0     1                 $d.5
    b284     b284       6c     1                 sendAppCommand
    b284     b284        0     1                 $a.6
    b2f0     b2f0       c0     1                 waitForStatusBitsToBeZero
    b3a0     b3a0        0     1                 $d.7
    b3b0     b3b0       cc     1                 waitForInterrupt
    b3b0     b3b0        0     1                 $a.8
    b470     b470        0     1                 $d.9
    b47c     b47c        0     1                 $a.10
    b47c     b47c       b8     1                 sd_read_sector
    b528     b528        0     1                 $d.11
    b534     b534        0     1                 $a.12
    b534     b534       b8     1                 sd_write_sector
    b5e4     b5e4        0     1                 $d.13
    b5ec     b5ec       18     1                 getHostControllerVersion
    b5ec     b5ec        0     1                 $a.14
    b600     b600        0     1                 $d.15
    b604     b604      108     4         timer.c.o:(.text)
    b604     b604        0     1                 $a.0
    b604     b604       4c     1                 timer_init
    b640     b640        0     1                 $d.1
    b650     b650        0     1                 $a.2
    b650     b650       84     1                 timer_interrupt
    b6c4     b6c4        0     1                 $d.3
    b6d4     b6d4        0     1                 $a.4
    b6d4     b6d4       38     1                 get_uptime
    b700     b700        0     1                 $d.5
    b70c     b70c      3b0     4         fs.c.o:(.text)
    b70c     b70c        0     1                 $a.0
    b70c     b70c      28c     1                 disk_init
    b978     b978        0     1                 $d.1
    b998     b998        0     1                 $a.2
    b998     b998       7c     1                 clusterNumberToSectorNumber
    ba0c     ba0c        0     1                 $d.3
    ba14     ba14        0     1                 $a.4
    ba14     ba14       a8     1                 read_cluster
    babc     babc     2c90     4         kprintf.c.o:(.text)
    babc     babc        0     1                 $a.0
    babc     babc       3c     1                 stbsp_set_separators
    baf0     baf0        0     1                 $d.1
    baf8     baf8        0     1                 $a.2
    baf8     baf8     2178     1                 stbsp_vsprintfcb
    bd3c     bd3c        0     1                 $d.3
    be3c     be3c        0     1                 $a.4
    c124     c124        0     1                 $d.5
    c1ec     c1ec        0     1                 $a.6
    c35c     c35c        0     1                 $d.7
    c43c     c43c        0     1                 $a.8
    cc20     cc20        0     1                 $d.9
    cc2c     cc2c        0     1                 $a.10
    d460     d460        0     1                 $d.11
    d464     d464        0     1                 $a.12
    d53c     d53c        0     1                 $d.13
    d540     d540        0     1                 $a.14
    d574     d574        0     1                 $d.15
    d57c     d57c        0     1                 $a.16
    d5f8     d5f8        0     1                 $d.17
    d5fc     d5fc        0     1                 $a.18
    d630     d630        0     1                 $d.19
    d638     d638        0     1                 $a.20
    d868     d868        0     1                 $d.21
    d86c     d86c        0     1                 $a.22
    d9e8     d9e8        0     1                 $d.23
    d9ec     d9ec        0     1                 $a.24
    da94     da94        0     1                 $d.25
    da98     da98        0     1                 $a.26
    db00     db00        0     1                 $d.27
    db04     db04        0     1                 $a.28
    dc38     dc38        0     1                 $d.29
    dc3c     dc3c        0     1                 $a.30
    dc64     dc64        0     1                 $d.31
    dc70     dc70      168     1                 stbsp__strlen_limited
    dc70     dc70        0     1                 $a.32
    ddd0     ddd0        0     1                 $d.33
    ddd8     ddd8       f8     1                 mod64
    ddd8     ddd8        0     1                 $a.34
    ded0     ded0      128     1                 div64
    dff8     dff8       ac     1                 mod
    e0a4     e0a4       c8     1                 div
    e16c     e16c       ac     1                 stbsp__lead_sign
    e218     e218       60     1                 stbsp_sprintf
    e278     e278      114     1                 stbsp_vsnprintf
    e384     e384        0     1                 $d.35
    e38c     e38c       3c     1                 stbsp__count_clamp_callback
    e38c     e38c        0     1                 $a.36
    e3c8     e3c8      17c     1                 stbsp__clamp_callback
    e544     e544       54     1                 stbsp_snprintf
    e598     e598       40     1                 stbsp_vsprintf
    e5d8     e5d8       68     1                 kprintf
    e63c     e63c        0     1                 $d.37
    e640     e640       68     1                 callback
    e640     e640        0     1                 $a.38
    e6a8     e6a8       50     1                 ksprintf
    e6f8     e6f8       54     1                 ksnprintf
    e74c     e74c       14     4         memory.c.o:(.text)
    e74c     e74c        0     1                 $a.0
    e74c     e74c       14     1                 memory_barrier
    e760     e760        0     1 _end_text = .
    e760     e760       10     4 .ARM.exidx
    e760     e760       10     4         <internal>:(.ARM.exidx)
    e770     e770      890     1 . = ALIGN ( 4096 )
    f000     f000        0     1 _start_rodata = .
    f000     f000     5fc4     4 .rodata
    f000     f000      8ac     1         <internal>:(.rodata)
    f8ac     f8ac      718     4         testsuite.c.o:(.rodata)
    f8ac     f8ac      3b6     1                 article6
    fc62     fc62      353     1                 article5
    ffc4     ffc4     5000     4         video.c.o:(.rodata)
    ffc4     ffc4     5000     1                 font_data
   14fc4    14fc4        0     1 _end_rodata = .
   14fc4    14fc4        c     4 .data.rel.ro
   14fc4    14fc4        c     4         testsuite.c.o:(.data.rel.ro)
   14fc4    14fc4        c     1                 .L__const.sweet.p
   14fd0    14fd0       38     4 .got
   14fd0    14fd0       38     4         <internal>:(.got)
   15008    15008      ff8     1 . = ALIGN ( 4096 )
   16000    16000        0     1 _start_data = .
   16000    16000      374     4 .data
   16000    16000      270     4         testsuite.c.o:(.data)
   16000    16000      270     1                 seeks
   16270    16270        c     4         console.c.o:(.data)
   16270    16270        4     1                 console_putc.col
   16274    16274        4     1                 console_putc.curr_fg
   16278    16278        4     1                 console_putc.max_col
   1627c    1627c        4     4         timer.c.o:(.data)
   1627c    1627c        4     1                 delta
   16280    16280       f4     2         kprintf.c.o:(.data)
   16280    16280        1     1                 stbsp__period
   16281    16281        1     1                 stbsp__comma
   16282    16282       13     1                 stbsp_vsprintfcb.hex
   16295    16295       13     1                 stbsp_vsprintfcb.hexu
   162a8    162a8       cc     1                 stbsp__digitpair
   16374    16374        0     1 _end_data = .
   16374    16374      c8c     1 . = ALIGN ( 4096 )
   17000    17000        0     1 _start_bss = .
   17000    17000     c1e8     4 .bss
   17000    17000      c20     1         testsuite.c.o:(.bss)
   17000    17000      400     1                 sweet.a6a
   17400    17400      400     1                 sweet.a6b
   17800    17800      400     1                 sweet.a5
   17c00    17c00       20     1                 sweet.buf
   17c20    17c20        c     4         console.c.o:(.bss)
   17c20    17c20        4     1                 doingColor
   17c24    17c24        4     1                 console_putc.row
   17c28    17c28        4     1                 console_putc.curr_bg
   17c2c    17c2c     1180     4         file.c.o:(.bss)
   17c2c    17c2c      180     1                 fileTable
   17dac    17dac     1000     1                 clusterBuffer
   18dac    18dac       10     4         video.c.o:(.bss)
   18dac    18dac        3     1                 foregroundColor
   18daf    18daf        3     1                 backgroundColor
   18db4    18db4        4     1                 framebuffer
   18db8    18db8        4     1                 pitch
   18dbc    18dbc     8024     4         interrupt.c.o:(.bss)
   18dbc    18dbc        4     1                 numHandlers
   18dc0    18dc0       20     1                 handlers
   18de0    18de0     1000     1                 reset_stack
   19de0    19de0     1000     1                 undefined_stack
   1ade0    1ade0     1000     1                 svc_stack
   1bde0    1bde0     1000     1                 prefetch_abort_stack
   1cde0    1cde0     1000     1                 data_abort_stack
   1dde0    1dde0     1000     1                 reserved_stack
   1ede0    1ede0     1000     1                 irq_stack
   1fde0    1fde0     1000     1                 fiq_stack
   20de0    20de0        4     4         timer.c.o:(.bss)
   20de0    20de0        4     1                 jiffies
   20de4    20de4     2404     4         fs.c.o:(.bss)
   20de4    20de4      200     1                 sectorbuffer
   20fe4    20fe4        4     1                 first_sector
   20fe8    20fe8      200     1                 vbr
   211e8    211e8     1000     1                 buff
   221e8    221e8     1000     1                 buff2
   231e8    231e8        0     1 _end_bss = .
   231e8    231e8      e18     1 . = ALIGN ( 4096 )
       0        0       29     1 .comment
       0        0       29     1         <internal>:(.comment)
       0        0       4a     1 .ARM.attributes
       0        0       4a     1         kmain.c.o:(.ARM.attributes)
       0        0     1140     4 .symtab
       0        0     1140     4         <internal>:(.symtab)
       0        0       6a     1 .shstrtab
       0        0       6a     1         <internal>:(.shstrtab)
       0        0      a39     1 .strtab
       0        0      a39     1         <internal>:(.strtab)
