     VMA      LMA     Size Align Out     In      Symbol
       0        0     8000     1 . = 0x8000
    8000        0        0     1 _start_text = .
    8000     8000     4ab0     4 .text
    8000     8000       c8     4         kmain.c.o:(.text)
    8000     8000        0     1                 $a.0
    8000     8000        0     1                 _start
    8008     8008       c0     1                 kmain
    80c4     80c4        0     1                 $d.1
    80c8     80c8       94     4         serial.c.o:(.text)
    80c8     80c8        0     1                 $a.0
    80c8     80c8       54     1                 serial_init
    810c     810c        0     1                 $d.1
    811c     811c        0     1                 $a.2
    811c     811c       40     1                 serial_putc
    8154     8154        0     1                 $d.3
    815c     815c       b0     4         testsuite.c.o:(.text)
    815c     815c        0     1                 $a.0
    815c     815c       48     1                 div1000
    81a0     81a0        0     1                 $d.1
    81a4     81a4        0     1                 $a.2
    81a4     81a4       68     1                 sweet
    8208     8208        0     1                 $d.3
    820c     820c      714     4         console.c.o:(.text)
    820c     820c        0     1                 $a.0
    820c     820c      714     1                 console_putc
    8838     8838        0     1                 $d.1
    8920     8920      468     4         video.c.o:(.text)
    8920     8920        0     1                 $a.0
    8920     8920      120     1                 video_init
    8a30     8a30        0     1                 $d.1
    8a40     8a40       64     1                 mailbox_write
    8a40     8a40        0     1                 $a.2
    8a9c     8a9c        0     1                 $d.3
    8aa4     8aa4       80     1                 mailbox_read
    8aa4     8aa4        0     1                 $a.4
    8b1c     8b1c        0     1                 $d.5
    8b24     8b24        0     1                 $a.6
    8b24     8b24       a4     1                 video_set_pixel
    8bc0     8bc0        0     1                 $d.7
    8bc8     8bc8        0     1                 $a.8
    8bc8     8bc8      1c0     1                 video_draw_character
    8d74     8d74        0     1                 $d.9
    8d88     8d88      3c4     4         interrupt.c.o:(.text)
    8d88     8d88        0     1                 interrupt_table_begin
    8d88     8d88        0     1                 $a.0
    8da8     8da8        0     1                 $d.1
    8dc8     8dc8        0     1                 asm_handler_reset
    8dc8     8dc8        0     1                 interrupt_table_end
    8dc8     8dc8        0     1                 $a.2
    8de4     8de4        0     1                 asm_handler_undefined
    8e00     8e00        0     1                 asm_handler_svc
    8e18     8e18        0     1                 asm_handler_prefetch_abort
    8e34     8e34        0     1                 asm_handler_data_abort
    8e50     8e50        0     1                 asm_handler_reserved
    8e6c     8e6c        0     1                 asm_handler_irq
    8e88     8e88        0     1                 asm_handler_fiq
    8ea4     8ea4       50     1                 interrupt_init
    8eec     8eec        0     1                 $d.3
    8ef4     8ef4        0     1                 $a.4
    8ef4     8ef4        c     1                 halt
    8f00     8f00       20     1                 handler_reset
    8f1c     8f1c        0     1                 $d.5
    8f20     8f20        0     1                 $a.6
    8f20     8f20       20     1                 handler_undefined
    8f3c     8f3c        0     1                 $d.7
    8f40     8f40        0     1                 $a.8
    8f40     8f40       20     1                 handler_svc
    8f5c     8f5c        0     1                 $d.9
    8f60     8f60        0     1                 $a.10
    8f60     8f60       20     1                 handler_prefetch_abort
    8f7c     8f7c        0     1                 $d.11
    8f80     8f80        0     1                 $a.12
    8f80     8f80       20     1                 handler_data_abort
    8f9c     8f9c        0     1                 $d.13
    8fa0     8fa0        0     1                 $a.14
    8fa0     8fa0       20     1                 handler_reserved
    8fbc     8fbc        0     1                 $d.15
    8fc0     8fc0        0     1                 $a.16
    8fc0     8fc0       68     1                 handler_irq
    9020     9020        0     1                 $d.17
    9028     9028        0     1                 $a.18
    9028     9028       20     1                 handler_fiq
    9044     9044        0     1                 $d.19
    9048     9048        0     1                 $a.20
    9048     9048       10     1                 interrupt_enable
    9058     9058       d4     1                 register_interrupt_handler
    9110     9110        0     1                 $d.21
    914c     914c      9cc     4         sd.c.o:(.text)
    914c     914c        0     1                 $a.0
    914c     914c      2a0     1                 sd_init
    93b4     93b4        0     1                 $d.1
    93ec     93ec        0     1                 $a.2
    93ec     93ec       50     1                 delay_millisec
    943c     943c      1c8     1                 setClock
    95f0     95f0        0     1                 $d.3
    9604     9604      194     1                 sendCommand
    9604     9604        0     1                 $a.4
    9778     9778        0     1                 $d.5
    9798     9798       6c     1                 sendAppCommand
    9798     9798        0     1                 $a.6
    9804     9804       c0     1                 waitForStatusBitsToBeZero
    98b4     98b4        0     1                 $d.7
    98c4     98c4       cc     1                 waitForInterrupt
    98c4     98c4        0     1                 $a.8
    9984     9984        0     1                 $d.9
    9990     9990        0     1                 $a.10
    9990     9990       b8     1                 sd_read_sector
    9a3c     9a3c        0     1                 $d.11
    9a48     9a48        0     1                 $a.12
    9a48     9a48       b8     1                 sd_write_sector
    9af8     9af8        0     1                 $d.13
    9b00     9b00       18     1                 getHostControllerVersion
    9b00     9b00        0     1                 $a.14
    9b14     9b14        0     1                 $d.15
    9b18     9b18      1ec     4         utils.c.o:(.text)
    9b18     9b18        0     1                 $a.0
    9b18     9b18       48     1                 bss_init
    9b58     9b58        0     1                 $d.1
    9b60     9b60        0     1                 $a.2
    9b60     9b60       6c     1                 kmemset
    9bcc     9bcc       68     1                 kmemcpy
    9c34     9c34       a8     1                 getValue
    9cdc     9cdc       28     1                 panic
    9d00     9d00        0     1                 $d.3
    9d04     9d04      108     4         timer.c.o:(.text)
    9d04     9d04        0     1                 $a.0
    9d04     9d04       4c     1                 timer_init
    9d40     9d40        0     1                 $d.1
    9d50     9d50        0     1                 $a.2
    9d50     9d50       84     1                 timer_interrupt
    9dc4     9dc4        0     1                 $d.3
    9dd4     9dd4        0     1                 $a.4
    9dd4     9dd4       38     1                 get_uptime
    9e00     9e00        0     1                 $d.5
    9e0c     9e0c        0     4         errno.c.o:(.text)
    9e0c     9e0c     2c90     4         kprintf.c.o:(.text)
    9e0c     9e0c        0     1                 $a.0
    9e0c     9e0c       3c     1                 stbsp_set_separators
    9e40     9e40        0     1                 $d.1
    9e48     9e48        0     1                 $a.2
    9e48     9e48     2178     1                 stbsp_vsprintfcb
    a08c     a08c        0     1                 $d.3
    a18c     a18c        0     1                 $a.4
    a474     a474        0     1                 $d.5
    a53c     a53c        0     1                 $a.6
    a6ac     a6ac        0     1                 $d.7
    a78c     a78c        0     1                 $a.8
    af70     af70        0     1                 $d.9
    af7c     af7c        0     1                 $a.10
    b7b0     b7b0        0     1                 $d.11
    b7b4     b7b4        0     1                 $a.12
    b88c     b88c        0     1                 $d.13
    b890     b890        0     1                 $a.14
    b8c4     b8c4        0     1                 $d.15
    b8cc     b8cc        0     1                 $a.16
    b948     b948        0     1                 $d.17
    b94c     b94c        0     1                 $a.18
    b980     b980        0     1                 $d.19
    b988     b988        0     1                 $a.20
    bbb8     bbb8        0     1                 $d.21
    bbbc     bbbc        0     1                 $a.22
    bd38     bd38        0     1                 $d.23
    bd3c     bd3c        0     1                 $a.24
    bde4     bde4        0     1                 $d.25
    bde8     bde8        0     1                 $a.26
    be50     be50        0     1                 $d.27
    be54     be54        0     1                 $a.28
    bf88     bf88        0     1                 $d.29
    bf8c     bf8c        0     1                 $a.30
    bfb4     bfb4        0     1                 $d.31
    bfc0     bfc0      168     1                 stbsp__strlen_limited
    bfc0     bfc0        0     1                 $a.32
    c120     c120        0     1                 $d.33
    c128     c128       f8     1                 mod64
    c128     c128        0     1                 $a.34
    c220     c220      128     1                 div64
    c348     c348       ac     1                 mod
    c3f4     c3f4       c8     1                 div
    c4bc     c4bc       ac     1                 stbsp__lead_sign
    c568     c568       60     1                 stbsp_sprintf
    c5c8     c5c8      114     1                 stbsp_vsnprintf
    c6d4     c6d4        0     1                 $d.35
    c6dc     c6dc       3c     1                 stbsp__count_clamp_callback
    c6dc     c6dc        0     1                 $a.36
    c718     c718      17c     1                 stbsp__clamp_callback
    c894     c894       54     1                 stbsp_snprintf
    c8e8     c8e8       40     1                 stbsp_vsprintf
    c928     c928       68     1                 kprintf
    c98c     c98c        0     1                 $d.37
    c990     c990       68     1                 callback
    c990     c990        0     1                 $a.38
    c9f8     c9f8       50     1                 ksprintf
    ca48     ca48       54     1                 ksnprintf
    ca9c     ca9c       14     4         memory.c.o:(.text)
    ca9c     ca9c        0     1                 $a.0
    ca9c     ca9c       14     1                 memory_barrier
    cab0     cab0        0     1 _end_text = .
    cab0     cab0       10     4 .ARM.exidx
    cab0     cab0       10     4         <internal>:(.ARM.exidx)
    cac0     cac0      540     1 . = ALIGN ( 4096 )
    d000     d000        0     1 _start_rodata = .
    d000     d000     51b0     4 .rodata
    d000     d000      1b0     1         <internal>:(.rodata)
    d1b0     d1b0     5000     4         video.c.o:(.rodata)
    d1b0     d1b0     5000     1                 font_data
   121b0    121b0        0     1 _end_rodata = .
   121b0    121b0       30     4 .got
   121b0    121b0       30     4         <internal>:(.got)
   121e0    121e0      e20     1 . = ALIGN ( 4096 )
   13000    13000        0     1 _start_data = .
   13000    13000      104     4 .data
   13000    13000        c     4         console.c.o:(.data)
   13000    13000        4     1                 console_putc.col
   13004    13004        4     1                 console_putc.curr_fg
   13008    13008        4     1                 console_putc.max_col
   1300c    1300c        4     4         timer.c.o:(.data)
   1300c    1300c        4     1                 delta
   13010    13010       f4     2         kprintf.c.o:(.data)
   13010    13010        1     1                 stbsp__period
   13011    13011        1     1                 stbsp__comma
   13012    13012       13     1                 stbsp_vsprintfcb.hex
   13025    13025       13     1                 stbsp_vsprintfcb.hexu
   13038    13038       cc     1                 stbsp__digitpair
   13104    13104        0     1 _end_data = .
   13104    13104      efc     1 . = ALIGN ( 4096 )
   14000    14000        0     1 _start_bss = .
   14000    14000     8044     4 .bss
   14000    14000        c     4         console.c.o:(.bss)
   14000    14000        4     1                 doingColor
   14004    14004        4     1                 console_putc.row
   14008    14008        4     1                 console_putc.curr_bg
   1400c    1400c       10     4         video.c.o:(.bss)
   1400c    1400c        3     1                 foregroundColor
   1400f    1400f        3     1                 backgroundColor
   14014    14014        4     1                 framebuffer
   14018    14018        4     1                 pitch
   1401c    1401c     8024     4         interrupt.c.o:(.bss)
   1401c    1401c        4     1                 numHandlers
   14020    14020       20     1                 handlers
   14040    14040     1000     1                 reset_stack
   15040    15040     1000     1                 undefined_stack
   16040    16040     1000     1                 svc_stack
   17040    17040     1000     1                 prefetch_abort_stack
   18040    18040     1000     1                 data_abort_stack
   19040    19040     1000     1                 reserved_stack
   1a040    1a040     1000     1                 irq_stack
   1b040    1b040     1000     1                 fiq_stack
   1c040    1c040        4     4         timer.c.o:(.bss)
   1c040    1c040        4     1                 jiffies
   1c044    1c044        0     1 _end_bss = .
   1c044    1c044      fbc     1 . = ALIGN ( 4096 )
       0        0       29     1 .comment
       0        0       29     1         <internal>:(.comment)
       0        0       4a     1 .ARM.attributes
       0        0       4a     1         kmain.c.o:(.ARM.attributes)
       0        0      e60     4 .symtab
       0        0      e60     4         <internal>:(.symtab)
       0        0       5d     1 .shstrtab
       0        0       5d     1         <internal>:(.shstrtab)
       0        0      8ad     1 .strtab
       0        0      8ad     1         <internal>:(.strtab)
