     VMA      LMA     Size Align Out     In      Symbol
       0        0     8000     1 . = 0x8000
    8000        0        0     1 _start_text = .
    8000     8000     7210     4 .text
    8000     8000       74     4         kmain.c.o:(.text)
    8000     8000        0     1                 $a.0
    8000     8000        0     1                 _start
    8008     8008       6c     1                 kmain
    8068     8068        0     1                 $d.1
    8074     8074       94     4         serial.c.o:(.text)
    8074     8074        0     1                 $a.0
    8074     8074       54     1                 serial_init
    80b8     80b8        0     1                 $d.1
    80c8     80c8        0     1                 $a.2
    80c8     80c8       40     1                 serial_putc
    8100     8100        0     1                 $d.3
    8108     8108      790     4         testsuite.c.o:(.text)
    8108     8108        0     1                 $a.0
    8108     8108      544     1                 sweet
    8614     8614        0     1                 $d.1
    864c     864c       50     1                 mystrlen
    864c     864c        0     1                 $a.2
    869c     869c      1fc     1                 memdump
    8880     8880        0     1                 $d.3
    8898     8898      714     4         console.c.o:(.text)
    8898     8898        0     1                 $a.0
    8898     8898      714     1                 console_putc
    8ec4     8ec4        0     1                 $d.1
    8fac     8fac      3e4     4         fs.c.o:(.text)
    8fac     8fac        0     1                 $a.0
    8fac     8fac      2b0     1                 disk_init
    923c     923c        0     1                 $d.1
    925c     925c        0     1                 $a.2
    925c     925c       7c     1                 clusterNumberToSectorNumber
    92d0     92d0        0     1                 $d.3
    92d8     92d8        0     1                 $a.4
    92d8     92d8       a8     1                 read_cluster
    9380     9380       10     1                 getVBR
    938c     938c        0     1                 $d.5
    9390     9390      498     4         video.c.o:(.text)
    9390     9390        0     1                 $a.0
    9390     9390       14     1                 video_get_framebuffer
    93a0     93a0        0     1                 $d.1
    93a4     93a4        0     1                 $a.2
    93a4     93a4       1c     1                 video_get_framebuffer_size
    93bc     93bc        0     1                 $d.3
    93c0     93c0        0     1                 $a.4
    93c0     93c0      120     1                 video_init
    94d0     94d0        0     1                 $d.5
    94e0     94e0       64     1                 mailbox_write
    94e0     94e0        0     1                 $a.6
    953c     953c        0     1                 $d.7
    9544     9544       80     1                 mailbox_read
    9544     9544        0     1                 $a.8
    95bc     95bc        0     1                 $d.9
    95c4     95c4        0     1                 $a.10
    95c4     95c4       a4     1                 video_set_pixel
    9660     9660        0     1                 $d.11
    9668     9668        0     1                 $a.12
    9668     9668      1c0     1                 video_draw_character
    9814     9814        0     1                 $d.13
    9828     9828      598     4         interrupt.c.o:(.text)
    9828     9828        0     1                 interrupt_table_begin
    9828     9828        0     1                 $a.0
    9848     9848        0     1                 $d.1
    9868     9868        0     1                 asm_handler_reset
    9868     9868        0     1                 interrupt_table_end
    9868     9868        0     1                 $a.2
    9884     9884        0     1                 asm_handler_undefined
    98a4     98a4        0     1                 asm_handler_svc
    98bc     98bc        0     1                 asm_handler_prefetch_abort
    98dc     98dc        0     1                 asm_handler_data_abort
    98fc     98fc        0     1                 asm_handler_reserved
    9918     9918        0     1                 asm_handler_irq
    9934     9934        0     1                 asm_handler_fiq
    9950     9950       50     1                 interrupt_init
    9998     9998        0     1                 $d.3
    99a0     99a0        0     1                 $a.4
    99a0     99a0        c     1                 halt
    99ac     99ac       20     1                 handler_reset
    99c8     99c8        0     1                 $d.5
    99cc     99cc        0     1                 $a.6
    99cc     99cc       30     1                 handler_undefined
    99f8     99f8        0     1                 $d.7
    99fc     99fc        0     1                 $a.8
    99fc     99fc       20     1                 handler_svc
    9a18     9a18        0     1                 $d.9
    9a1c     9a1c        0     1                 $a.10
    9a1c     9a1c       f8     1                 handler_prefetch_abort
    9b00     9b00        0     1                 $d.11
    9b14     9b14        0     1                 $a.12
    9b14     9b14      100     1                 handler_data_abort
    9c00     9c00        0     1                 $d.13
    9c14     9c14        0     1                 $a.14
    9c14     9c14       20     1                 handler_reserved
    9c30     9c30        0     1                 $d.15
    9c34     9c34        0     1                 $a.16
    9c34     9c34       68     1                 handler_irq
    9c94     9c94        0     1                 $d.17
    9c9c     9c9c        0     1                 $a.18
    9c9c     9c9c       20     1                 handler_fiq
    9cb8     9cb8        0     1                 $d.19
    9cbc     9cbc        0     1                 $a.20
    9cbc     9cbc       10     1                 interrupt_enable
    9ccc     9ccc       d4     1                 register_interrupt_handler
    9d84     9d84        0     1                 $d.21
    9dc0     9dc0      6dc     4         ELF.c.o:(.text)
    9dc0     9dc0        0     1                 $a.0
    9dc0     9dc0      610     1                 exec
    a38c     a38c        0     1                 $d.1
    a3d0     a3d0        0     1                 $a.2
    a3d0     a3d0       cc     1                 file_read_fully
    a49c     a49c        0     4         errno.c.o:(.text)
    a49c     a49c      a78     4         sd.c.o:(.text)
    a49c     a49c        0     1                 $a.0
    a49c     a49c      2a0     1                 sd_init
    a704     a704        0     1                 $d.1
    a73c     a73c        0     1                 $a.2
    a73c     a73c       50     1                 delay_millisec
    a78c     a78c      1c8     1                 setClock
    a940     a940        0     1                 $d.3
    a954     a954      194     1                 sendCommand
    a954     a954        0     1                 $a.4
    aac8     aac8        0     1                 $d.5
    aae8     aae8       6c     1                 sendAppCommand
    aae8     aae8        0     1                 $a.6
    ab54     ab54       c0     1                 waitForStatusBitsToBeZero
    ac04     ac04        0     1                 $d.7
    ac14     ac14       cc     1                 waitForInterrupt
    ac14     ac14        0     1                 $a.8
    acd4     acd4        0     1                 $d.9
    ace0     ace0        0     1                 $a.10
    ace0     ace0       b8     1                 sd_read_sector
    ad8c     ad8c        0     1                 $d.11
    ad98     ad98        0     1                 $a.12
    ad98     ad98       b8     1                 sd_write_sector
    ae48     ae48        0     1                 $d.13
    ae50     ae50        0     1                 $a.14
    ae50     ae50       ac     1                 disc_read_sectors
    aefc     aefc       18     1                 getHostControllerVersion
    af10     af10        0     1                 $d.15
    af14     af14      d08     4         file.c.o:(.text)
    af14     af14        0     1                 $a.0
    af14     af14      200     1                 file_open
    b0fc     b0fc        0     1                 $d.1
    b114     b114        0     1                 $a.2
    b114     b114      3d4     1                 scanForMatchingFilename
    b4e8     b4e8       94     1                 file_close
    b574     b574        0     1                 $d.3
    b57c     b57c        0     1                 $a.4
    b57c     b57c      27c     1                 file_read
    b7d8     b7d8        0     1                 $d.5
    b7f8     b7f8        0     1                 $a.6
    b7f8     b7f8      388     1                 file_seek
    bb40     bb40        0     1                 $d.7
    bb80     bb80        0     1                 $a.8
    bb80     bb80       80     1                 file_tell
    bbfc     bbfc        0     1                 $d.9
    bc00     bc00        0     1                 $a.10
    bc00     bc00       1c     1                 file_write
    bc1c     bc1c      338     4         utils.c.o:(.text)
    bc1c     bc1c        0     1                 $a.0
    bc1c     bc1c       48     1                 bss_init
    bc5c     bc5c        0     1                 $d.1
    bc64     bc64        0     1                 $a.2
    bc64     bc64       6c     1                 kmemset
    bcd0     bcd0       68     1                 kmemcpy
    bd38     bd38       a8     1                 getValue
    bde0     bde0       28     1                 panic
    be04     be04        0     1                 $d.3
    be08     be08        0     1                 $a.4
    be08     be08       44     1                 toupper
    be4c     be4c       c4     1                 kmemcmp
    bf10     bf10       44     1                 Min32
    bf54     bf54      108     4         timer.c.o:(.text)
    bf54     bf54        0     1                 $a.0
    bf54     bf54       4c     1                 timer_init
    bf90     bf90        0     1                 $d.1
    bfa0     bfa0        0     1                 $a.2
    bfa0     bfa0       84     1                 timer_interrupt
    c014     c014        0     1                 $d.3
    c024     c024        0     1                 $a.4
    c024     c024       38     1                 get_uptime
    c050     c050        0     1                 $d.5
    c05c     c05c      1dc     4         syscalldefs.c.o:(.text)
    c05c     c05c        0     1                 $a.0
    c05c     c05c      1dc     1                 syscall_handler
    c09c     c09c        0     1                 $d.1
    c0bc     c0bc        0     1                 $a.2
    c234     c234        0     1                 $d.3
    c238     c238     2c90     4         kprintf.c.o:(.text)
    c238     c238        0     1                 $a.0
    c238     c238       3c     1                 stbsp_set_separators
    c26c     c26c        0     1                 $d.1
    c274     c274        0     1                 $a.2
    c274     c274     2178     1                 stbsp_vsprintfcb
    c4b8     c4b8        0     1                 $d.3
    c5b8     c5b8        0     1                 $a.4
    c8a0     c8a0        0     1                 $d.5
    c968     c968        0     1                 $a.6
    cad8     cad8        0     1                 $d.7
    cbb8     cbb8        0     1                 $a.8
    d39c     d39c        0     1                 $d.9
    d3a8     d3a8        0     1                 $a.10
    dbdc     dbdc        0     1                 $d.11
    dbe0     dbe0        0     1                 $a.12
    dcb8     dcb8        0     1                 $d.13
    dcbc     dcbc        0     1                 $a.14
    dcf0     dcf0        0     1                 $d.15
    dcf8     dcf8        0     1                 $a.16
    dd74     dd74        0     1                 $d.17
    dd78     dd78        0     1                 $a.18
    ddac     ddac        0     1                 $d.19
    ddb4     ddb4        0     1                 $a.20
    dfe4     dfe4        0     1                 $d.21
    dfe8     dfe8        0     1                 $a.22
    e164     e164        0     1                 $d.23
    e168     e168        0     1                 $a.24
    e210     e210        0     1                 $d.25
    e214     e214        0     1                 $a.26
    e27c     e27c        0     1                 $d.27
    e280     e280        0     1                 $a.28
    e3b4     e3b4        0     1                 $d.29
    e3b8     e3b8        0     1                 $a.30
    e3e0     e3e0        0     1                 $d.31
    e3ec     e3ec      168     1                 stbsp__strlen_limited
    e3ec     e3ec        0     1                 $a.32
    e54c     e54c        0     1                 $d.33
    e554     e554       f8     1                 mod64
    e554     e554        0     1                 $a.34
    e64c     e64c      128     1                 div64
    e774     e774       ac     1                 mod
    e820     e820       c8     1                 div
    e8e8     e8e8       ac     1                 stbsp__lead_sign
    e994     e994       60     1                 stbsp_sprintf
    e9f4     e9f4      114     1                 stbsp_vsnprintf
    eb00     eb00        0     1                 $d.35
    eb08     eb08       3c     1                 stbsp__count_clamp_callback
    eb08     eb08        0     1                 $a.36
    eb44     eb44      17c     1                 stbsp__clamp_callback
    ecc0     ecc0       54     1                 stbsp_snprintf
    ed14     ed14       40     1                 stbsp_vsprintf
    ed54     ed54       68     1                 kprintf
    edb8     edb8        0     1                 $d.37
    edbc     edbc       68     1                 callback
    edbc     edbc        0     1                 $a.38
    ee24     ee24       50     1                 ksprintf
    ee74     ee74       54     1                 ksnprintf
    eec8     eec8      348     4         memory.c.o:(.text)
    eec8     eec8        0     1                 $a.0
    eec8     eec8       14     1                 memory_barrier
    eedc     eedc       3c     1                 memory_init
    ef14     ef14        0     1                 $d.1
    ef18     ef18        0     1                 $a.2
    ef18     ef18      288     1                 innitalize_page_table
    f19c     f19c        0     1                 $d.3
    f1a0     f1a0        0     1                 $a.4
    f1a0     f1a0       24     1                 set_page_table
    f1c4     f1c4       10     1                 page_table_enable_checks
    f1d0     f1d0        0     1                 $d.5
    f1d4     f1d4        0     1                 $a.6
    f1d4     f1d4       14     1                 invalidate_tlb
    f1e8     f1e8       28     1                 enable_mmu
    f20c     f20c        0     1                 $d.7
    f210     f210        0     1 _end_text = .
    f210     f210       10     4 .ARM.exidx
    f210     f210       10     4         <internal>:(.ARM.exidx)
    f220     f220      de0     1 . = ALIGN ( 4096 )
   10000    10000        0     1 _start_rodata = .
   10000    10000     b560     4 .rodata
   10000    10000      3b8     1         <internal>:(.rodata)
   103b8    103b8     61a8     4         testsuite.c.o:(.rodata)
   103b8    103b8     33cd     1                 article1
   13785    13785     1713     1                 article2
   14e98    14e98      829     1                 article3
   156c1    156c1      77b     1                 article4
   15e3c    15e3c      353     1                 article5
   1618f    1618f      3b6     1                 article6
   16548    16548       18     1                 .L__const.sweet.order
   16560    16560     5000     4         video.c.o:(.rodata)
   16560    16560     5000     1                 font_data
   1b560    1b560        0     1 _end_rodata = .
   1b560    1b560       48     4 .data.rel.ro
   1b560    1b560       48     4         testsuite.c.o:(.data.rel.ro)
   1b560    1b560       18     1                 .L__const.sweet.article_content
   1b578    1b578       18     1                 .L__const.sweet.filenames
   1b590    1b590       18     1                 .L__const.sweet.p
   1b5a8    1b5a8       3c     4 .got
   1b5a8    1b5a8       3c     4         <internal>:(.got)
   1b5e4    1b5e4      a1c     1 . = ALIGN ( 4096 )
   1c000    1c000        0     1 _start_data = .
   1c000    1c000      104     4 .data
   1c000    1c000        c     4         console.c.o:(.data)
   1c000    1c000        4     1                 console_putc.col
   1c004    1c004        4     1                 console_putc.curr_fg
   1c008    1c008        4     1                 console_putc.max_col
   1c00c    1c00c        4     4         timer.c.o:(.data)
   1c00c    1c00c        4     1                 delta
   1c010    1c010       f4     2         kprintf.c.o:(.data)
   1c010    1c010        1     1                 stbsp__period
   1c011    1c011        1     1                 stbsp__comma
   1c012    1c012       13     1                 stbsp_vsprintfcb.hex
   1c025    1c025       13     1                 stbsp_vsprintfcb.hexu
   1c038    1c038       cc     1                 stbsp__digitpair
   1c104    1c104        0     1 _end_data = .
   1c104    1c104      efc     1 . = ALIGN ( 4096 )
   1d000    1d000        0     1 _start_bss = .
   20000    20000    30000 16384 .bss
   20000    20000     66bc     1         testsuite.c.o:(.bss)
   20000    20000     36e2     1                 sweet.article1_
   236e2    236e2     17a2     1                 sweet.article2_
   24e84    24e84      866     1                 sweet.article3_
   256ea    256ea      802     1                 sweet.article4_
   25eec    25eec      3b6     1                 sweet.article5_
   262a2    262a2      41a     1                 sweet.article6_
   266bc    266bc        c     4         console.c.o:(.bss)
   266bc    266bc        4     1                 doingColor
   266c0    266c0        4     1                 console_putc.row
   266c4    266c4        4     1                 console_putc.curr_bg
   266c8    266c8    1b404     4         fs.c.o:(.bss)
   266c8    266c8      200     1                 sectorbuffer
   268c8    268c8        4     1                 first_sector
   268cc    268cc      200     1                 vbr
   26acc    26acc     1000     1                 buff
   27acc    27acc    19000     1                 fat
   40acc    40acc     1000     1                 buff2
   41acc    41acc        e     4         video.c.o:(.bss)
   41acc    41acc        4     1                 framebuffer
   41ad0    41ad0        4     1                 pitch
   41ad4    41ad4        3     1                 foregroundColor
   41ad7    41ad7        3     1                 backgroundColor
   41adc    41adc     8024     4         interrupt.c.o:(.bss)
   41adc    41adc        4     1                 numHandlers
   41ae0    41ae0       20     1                 handlers
   41b00    41b00     1000     1                 reset_stack
   42b00    42b00     1000     1                 undefined_stack
   43b00    43b00     1000     1                 svc_stack
   44b00    44b00     1000     1                 prefetch_abort_stack
   45b00    45b00     1000     1                 data_abort_stack
   46b00    46b00     1000     1                 reserved_stack
   47b00    47b00     1000     1                 irq_stack
   48b00    48b00     1000     1                 fiq_stack
   49b00    49b00       54     4         ELF.c.o:(.bss)
   49b00    49b00       34     1                 exec.elfHeader
   49b34    49b34       20     1                 exec.pentry
   49b54    49b54     1180     4         file.c.o:(.bss)
   49b54    49b54      180     1                 fileTable
   49cd4    49cd4     1000     1                 clusterBuffer
   4acd4    4acd4        4     4         timer.c.o:(.bss)
   4acd4    4acd4        4     1                 jiffies
   4c000    4c000     4000 16384         memory.c.o:(.bss)
   4c000    4c000     4000     1                 kernelPageTable
   50000    50000        0     1 _end_bss = .
   50000    50000        0     1 . = ALIGN ( 4096 )
       0        0       29     1 .comment
       0        0       29     1         <internal>:(.comment)
       0        0       4a     1 .ARM.attributes
       0        0       4a     1         kmain.c.o:(.ARM.attributes)
       0        0     1440     4 .symtab
       0        0     1440     4         <internal>:(.symtab)
       0        0       6a     1 .shstrtab
       0        0       6a     1         <internal>:(.shstrtab)
       0        0      c69     1 .strtab
       0        0      c69     1         <internal>:(.strtab)
