     VMA      LMA     Size Align Out     In      Symbol
       0        0     8000     1 . = 0x8000
    8000        0        0     1 _start_text = .
    8000     8000     643c     4 .text
    8000     8000       5c     4         kmain.c.o:(.text)
    8000     8000        0     1                 $a.0
    8000     8000        0     1                 _start
    8008     8008       54     1                 kmain
    8054     8054        0     1                 $d.1
    805c     805c       94     4         serial.c.o:(.text)
    805c     805c        0     1                 $a.0
    805c     805c       54     1                 serial_init
    80a0     80a0        0     1                 $d.1
    80b0     80b0        0     1                 $a.2
    80b0     80b0       40     1                 serial_putc
    80e8     80e8        0     1                 $d.3
    80f0     80f0      7c4     4         testsuite.c.o:(.text)
    80f0     80f0        0     1                 $a.0
    80f0     80f0      578     1                 sweet
    862c     862c        0     1                 $d.1
    8668     8668       50     1                 mystrlen
    8668     8668        0     1                 $a.2
    86b8     86b8      1fc     1                 memdump
    889c     889c        0     1                 $d.3
    88b4     88b4      714     4         console.c.o:(.text)
    88b4     88b4        0     1                 $a.0
    88b4     88b4      714     1                 console_putc
    8ee0     8ee0        0     1                 $d.1
    8fc8     8fc8      d08     4         file.c.o:(.text)
    8fc8     8fc8        0     1                 $a.0
    8fc8     8fc8      200     1                 file_open
    91b0     91b0        0     1                 $d.1
    91c8     91c8        0     1                 $a.2
    91c8     91c8      3d4     1                 scanForMatchingFilename
    959c     959c       94     1                 file_close
    9628     9628        0     1                 $d.3
    9630     9630        0     1                 $a.4
    9630     9630      27c     1                 file_read
    988c     988c        0     1                 $d.5
    98ac     98ac        0     1                 $a.6
    98ac     98ac      388     1                 file_seek
    9bf4     9bf4        0     1                 $d.7
    9c34     9c34        0     1                 $a.8
    9c34     9c34       80     1                 file_tell
    9cb0     9cb0        0     1                 $d.9
    9cb4     9cb4        0     1                 $a.10
    9cb4     9cb4       1c     1                 file_write
    9cd0     9cd0      468     4         video.c.o:(.text)
    9cd0     9cd0        0     1                 $a.0
    9cd0     9cd0      120     1                 video_init
    9de0     9de0        0     1                 $d.1
    9df0     9df0       64     1                 mailbox_write
    9df0     9df0        0     1                 $a.2
    9e4c     9e4c        0     1                 $d.3
    9e54     9e54       80     1                 mailbox_read
    9e54     9e54        0     1                 $a.4
    9ecc     9ecc        0     1                 $d.5
    9ed4     9ed4        0     1                 $a.6
    9ed4     9ed4       a4     1                 video_set_pixel
    9f70     9f70        0     1                 $d.7
    9f78     9f78        0     1                 $a.8
    9f78     9f78      1c0     1                 video_draw_character
    a124     a124        0     1                 $d.9
    a138     a138      3c4     4         interrupt.c.o:(.text)
    a138     a138        0     1                 interrupt_table_begin
    a138     a138        0     1                 $a.0
    a158     a158        0     1                 $d.1
    a178     a178        0     1                 asm_handler_reset
    a178     a178        0     1                 interrupt_table_end
    a178     a178        0     1                 $a.2
    a194     a194        0     1                 asm_handler_undefined
    a1b0     a1b0        0     1                 asm_handler_svc
    a1c8     a1c8        0     1                 asm_handler_prefetch_abort
    a1e4     a1e4        0     1                 asm_handler_data_abort
    a200     a200        0     1                 asm_handler_reserved
    a21c     a21c        0     1                 asm_handler_irq
    a238     a238        0     1                 asm_handler_fiq
    a254     a254       50     1                 interrupt_init
    a29c     a29c        0     1                 $d.3
    a2a4     a2a4        0     1                 $a.4
    a2a4     a2a4        c     1                 halt
    a2b0     a2b0       20     1                 handler_reset
    a2cc     a2cc        0     1                 $d.5
    a2d0     a2d0        0     1                 $a.6
    a2d0     a2d0       20     1                 handler_undefined
    a2ec     a2ec        0     1                 $d.7
    a2f0     a2f0        0     1                 $a.8
    a2f0     a2f0       20     1                 handler_svc
    a30c     a30c        0     1                 $d.9
    a310     a310        0     1                 $a.10
    a310     a310       20     1                 handler_prefetch_abort
    a32c     a32c        0     1                 $d.11
    a330     a330        0     1                 $a.12
    a330     a330       20     1                 handler_data_abort
    a34c     a34c        0     1                 $d.13
    a350     a350        0     1                 $a.14
    a350     a350       20     1                 handler_reserved
    a36c     a36c        0     1                 $d.15
    a370     a370        0     1                 $a.16
    a370     a370       68     1                 handler_irq
    a3d0     a3d0        0     1                 $d.17
    a3d8     a3d8        0     1                 $a.18
    a3d8     a3d8       20     1                 handler_fiq
    a3f4     a3f4        0     1                 $d.19
    a3f8     a3f8        0     1                 $a.20
    a3f8     a3f8       10     1                 interrupt_enable
    a408     a408       d4     1                 register_interrupt_handler
    a4c0     a4c0        0     1                 $d.21
    a4fc     a4fc        0     4         errno.c.o:(.text)
    a4fc     a4fc      a78     4         sd.c.o:(.text)
    a4fc     a4fc        0     1                 $a.0
    a4fc     a4fc      2a0     1                 sd_init
    a764     a764        0     1                 $d.1
    a79c     a79c        0     1                 $a.2
    a79c     a79c       50     1                 delay_millisec
    a7ec     a7ec      1c8     1                 setClock
    a9a0     a9a0        0     1                 $d.3
    a9b4     a9b4      194     1                 sendCommand
    a9b4     a9b4        0     1                 $a.4
    ab28     ab28        0     1                 $d.5
    ab48     ab48       6c     1                 sendAppCommand
    ab48     ab48        0     1                 $a.6
    abb4     abb4       c0     1                 waitForStatusBitsToBeZero
    ac64     ac64        0     1                 $d.7
    ac74     ac74       cc     1                 waitForInterrupt
    ac74     ac74        0     1                 $a.8
    ad34     ad34        0     1                 $d.9
    ad40     ad40        0     1                 $a.10
    ad40     ad40       b8     1                 sd_read_sector
    adec     adec        0     1                 $d.11
    adf8     adf8        0     1                 $a.12
    adf8     adf8       b8     1                 sd_write_sector
    aea8     aea8        0     1                 $d.13
    aeb0     aeb0        0     1                 $a.14
    aeb0     aeb0       ac     1                 disc_read_sectors
    af5c     af5c       18     1                 getHostControllerVersion
    af70     af70        0     1                 $d.15
    af74     af74      338     4         utils.c.o:(.text)
    af74     af74        0     1                 $a.0
    af74     af74       48     1                 bss_init
    afb4     afb4        0     1                 $d.1
    afbc     afbc        0     1                 $a.2
    afbc     afbc       6c     1                 kmemset
    b028     b028       68     1                 kmemcpy
    b090     b090       a8     1                 getValue
    b138     b138       28     1                 panic
    b15c     b15c        0     1                 $d.3
    b160     b160        0     1                 $a.4
    b160     b160       44     1                 toupper
    b1a4     b1a4       c4     1                 kmemcmp
    b268     b268       44     1                 Min32
    b2ac     b2ac      108     4         timer.c.o:(.text)
    b2ac     b2ac        0     1                 $a.0
    b2ac     b2ac       4c     1                 timer_init
    b2e8     b2e8        0     1                 $d.1
    b2f8     b2f8        0     1                 $a.2
    b2f8     b2f8       84     1                 timer_interrupt
    b36c     b36c        0     1                 $d.3
    b37c     b37c        0     1                 $a.4
    b37c     b37c       38     1                 get_uptime
    b3a8     b3a8        0     1                 $d.5
    b3b4     b3b4      3e4     4         fs.c.o:(.text)
    b3b4     b3b4        0     1                 $a.0
    b3b4     b3b4      2b0     1                 disk_init
    b644     b644        0     1                 $d.1
    b664     b664        0     1                 $a.2
    b664     b664       7c     1                 clusterNumberToSectorNumber
    b6d8     b6d8        0     1                 $d.3
    b6e0     b6e0        0     1                 $a.4
    b6e0     b6e0       a8     1                 read_cluster
    b788     b788       10     1                 getVBR
    b794     b794        0     1                 $d.5
    b798     b798     2c90     4         kprintf.c.o:(.text)
    b798     b798        0     1                 $a.0
    b798     b798       3c     1                 stbsp_set_separators
    b7cc     b7cc        0     1                 $d.1
    b7d4     b7d4        0     1                 $a.2
    b7d4     b7d4     2178     1                 stbsp_vsprintfcb
    ba18     ba18        0     1                 $d.3
    bb18     bb18        0     1                 $a.4
    be00     be00        0     1                 $d.5
    bec8     bec8        0     1                 $a.6
    c038     c038        0     1                 $d.7
    c118     c118        0     1                 $a.8
    c8fc     c8fc        0     1                 $d.9
    c908     c908        0     1                 $a.10
    d13c     d13c        0     1                 $d.11
    d140     d140        0     1                 $a.12
    d218     d218        0     1                 $d.13
    d21c     d21c        0     1                 $a.14
    d250     d250        0     1                 $d.15
    d258     d258        0     1                 $a.16
    d2d4     d2d4        0     1                 $d.17
    d2d8     d2d8        0     1                 $a.18
    d30c     d30c        0     1                 $d.19
    d314     d314        0     1                 $a.20
    d544     d544        0     1                 $d.21
    d548     d548        0     1                 $a.22
    d6c4     d6c4        0     1                 $d.23
    d6c8     d6c8        0     1                 $a.24
    d770     d770        0     1                 $d.25
    d774     d774        0     1                 $a.26
    d7dc     d7dc        0     1                 $d.27
    d7e0     d7e0        0     1                 $a.28
    d914     d914        0     1                 $d.29
    d918     d918        0     1                 $a.30
    d940     d940        0     1                 $d.31
    d94c     d94c      168     1                 stbsp__strlen_limited
    d94c     d94c        0     1                 $a.32
    daac     daac        0     1                 $d.33
    dab4     dab4       f8     1                 mod64
    dab4     dab4        0     1                 $a.34
    dbac     dbac      128     1                 div64
    dcd4     dcd4       ac     1                 mod
    dd80     dd80       c8     1                 div
    de48     de48       ac     1                 stbsp__lead_sign
    def4     def4       60     1                 stbsp_sprintf
    df54     df54      114     1                 stbsp_vsnprintf
    e060     e060        0     1                 $d.35
    e068     e068       3c     1                 stbsp__count_clamp_callback
    e068     e068        0     1                 $a.36
    e0a4     e0a4      17c     1                 stbsp__clamp_callback
    e220     e220       54     1                 stbsp_snprintf
    e274     e274       40     1                 stbsp_vsprintf
    e2b4     e2b4       68     1                 kprintf
    e318     e318        0     1                 $d.37
    e31c     e31c       68     1                 callback
    e31c     e31c        0     1                 $a.38
    e384     e384       50     1                 ksprintf
    e3d4     e3d4       54     1                 ksnprintf
    e428     e428       14     4         memory.c.o:(.text)
    e428     e428        0     1                 $a.0
    e428     e428       14     1                 memory_barrier
    e43c     e43c        0     1 _end_text = .
    e43c     e43c       10     4 .ARM.exidx
    e43c     e43c       10     4         <internal>:(.ARM.exidx)
    e44c     e44c      bb4     1 . = ALIGN ( 4096 )
    f000     f000        0     1 _start_rodata = .
    f000     f000     b4f0     4 .rodata
    f000     f000      346     1         <internal>:(.rodata)
    f348     f348     61a8     4         testsuite.c.o:(.rodata)
    f348     f348     33cd     1                 article1
   12715    12715     1713     1                 article2
   13e28    13e28      829     1                 article3
   14651    14651      77b     1                 article4
   14dcc    14dcc      353     1                 article5
   1511f    1511f      3b6     1                 article6
   154d8    154d8       18     1                 .L__const.sweet.order
   154f0    154f0     5000     4         video.c.o:(.rodata)
   154f0    154f0     5000     1                 font_data
   1a4f0    1a4f0        0     1 _end_rodata = .
   1a4f0    1a4f0       48     4 .data.rel.ro
   1a4f0    1a4f0       48     4         testsuite.c.o:(.data.rel.ro)
   1a4f0    1a4f0       18     1                 .L__const.sweet.article_content
   1a508    1a508       18     1                 .L__const.sweet.filenames
   1a520    1a520       18     1                 .L__const.sweet.p
   1a538    1a538       3c     4 .got
   1a538    1a538       3c     4         <internal>:(.got)
   1a574    1a574      a8c     1 . = ALIGN ( 4096 )
   1b000    1b000        0     1 _start_data = .
   1b000    1b000      104     4 .data
   1b000    1b000        c     4         console.c.o:(.data)
   1b000    1b000        4     1                 console_putc.col
   1b004    1b004        4     1                 console_putc.curr_fg
   1b008    1b008        4     1                 console_putc.max_col
   1b00c    1b00c        4     4         timer.c.o:(.data)
   1b00c    1b00c        4     1                 delta
   1b010    1b010       f4     2         kprintf.c.o:(.data)
   1b010    1b010        1     1                 stbsp__period
   1b011    1b011        1     1                 stbsp__comma
   1b012    1b012       13     1                 stbsp_vsprintfcb.hex
   1b025    1b025       13     1                 stbsp_vsprintfcb.hexu
   1b038    1b038       cc     1                 stbsp__digitpair
   1b104    1b104        0     1 _end_data = .
   1b104    1b104      efc     1 . = ALIGN ( 4096 )
   1c000    1c000        0     1 _start_bss = .
   1c000    1c000    2ac84     4 .bss
   1c000    1c000     66bc     1         testsuite.c.o:(.bss)
   1c000    1c000     36e2     1                 sweet.article1_
   1f6e2    1f6e2     17a2     1                 sweet.article2_
   20e84    20e84      866     1                 sweet.article3_
   216ea    216ea      802     1                 sweet.article4_
   21eec    21eec      3b6     1                 sweet.article5_
   222a2    222a2      41a     1                 sweet.article6_
   226bc    226bc        c     4         console.c.o:(.bss)
   226bc    226bc        4     1                 doingColor
   226c0    226c0        4     1                 console_putc.row
   226c4    226c4        4     1                 console_putc.curr_bg
   226c8    226c8     1180     4         file.c.o:(.bss)
   226c8    226c8      180     1                 fileTable
   22848    22848     1000     1                 clusterBuffer
   23848    23848       10     4         video.c.o:(.bss)
   23848    23848        3     1                 foregroundColor
   2384b    2384b        3     1                 backgroundColor
   23850    23850        4     1                 framebuffer
   23854    23854        4     1                 pitch
   23858    23858     8024     4         interrupt.c.o:(.bss)
   23858    23858        4     1                 numHandlers
   2385c    2385c       20     1                 handlers
   2387c    2387c     1000     1                 reset_stack
   2487c    2487c     1000     1                 undefined_stack
   2587c    2587c     1000     1                 svc_stack
   2687c    2687c     1000     1                 prefetch_abort_stack
   2787c    2787c     1000     1                 data_abort_stack
   2887c    2887c     1000     1                 reserved_stack
   2987c    2987c     1000     1                 irq_stack
   2a87c    2a87c     1000     1                 fiq_stack
   2b87c    2b87c        4     4         timer.c.o:(.bss)
   2b87c    2b87c        4     1                 jiffies
   2b880    2b880    1b404     4         fs.c.o:(.bss)
   2b880    2b880      200     1                 sectorbuffer
   2ba80    2ba80        4     1                 first_sector
   2ba84    2ba84      200     1                 vbr
   2bc84    2bc84     1000     1                 buff
   2cc84    2cc84    19000     1                 fat
   45c84    45c84     1000     1                 buff2
   46c84    46c84        0     1 _end_bss = .
   46c84    46c84      37c     1 . = ALIGN ( 4096 )
       0        0       29     1 .comment
       0        0       29     1         <internal>:(.comment)
       0        0       4a     1 .ARM.attributes
       0        0       4a     1         kmain.c.o:(.ARM.attributes)
       0        0     1220     4 .symtab
       0        0     1220     4         <internal>:(.symtab)
       0        0       6a     1 .shstrtab
       0        0       6a     1         <internal>:(.shstrtab)
       0        0      b12     1 .strtab
       0        0      b12     1         <internal>:(.strtab)
