     VMA      LMA     Size Align Out     In      Symbol
       0        0     8000     1 . = 0x8000
    8000        0        0     1 _start_text = .
    8000     8000     6aa8     4 .text
    8000     8000       5c     4         kmain.c.o:(.text)
    8000     8000        0     1                 $a.0
    8000     8000        0     1                 _start
    8008     8008       54     1                 kmain
    8054     8054        0     1                 $d.1
    805c     805c       94     4         serial.c.o:(.text)
    805c     805c        0     1                 $a.0
    805c     805c       54     1                 serial_init
    80a0     80a0        0     1                 $d.1
    80b0     80b0        0     1                 $a.2
    80b0     80b0       40     1                 serial_putc
    80e8     80e8        0     1                 $d.3
    80f0     80f0      f14     4         testsuite.c.o:(.text)
    80f0     80f0        0     1                 $a.0
    80f0     80f0      cc8     1                 sweet
    8c94     8c94        0     1                 $d.1
    8db8     8db8       50     1                 mystrlen
    8db8     8db8        0     1                 $a.2
    8e08     8e08      1fc     1                 memdump
    8fec     8fec        0     1                 $d.3
    9004     9004      714     4         console.c.o:(.text)
    9004     9004        0     1                 $a.0
    9004     9004      714     1                 console_putc
    9630     9630        0     1                 $d.1
    9718     9718      d04     4         file.c.o:(.text)
    9718     9718        0     1                 $a.0
    9718     9718      254     1                 file_open
    9948     9948        0     1                 $d.1
    996c     996c        0     1                 $a.2
    996c     996c      3d4     1                 scanForMatchingFilename
    9d40     9d40       94     1                 file_close
    9dcc     9dcc        0     1                 $d.3
    9dd4     9dd4        0     1                 $a.4
    9dd4     9dd4      274     1                 file_read
    a018     a018        0     1                 $d.5
    a048     a048        0     1                 $a.6
    a048     a048      354     1                 file_seek
    a370     a370        0     1                 $d.7
    a39c     a39c        0     1                 $a.8
    a39c     a39c       64     1                 file_tell
    a3fc     a3fc        0     1                 $d.9
    a400     a400        0     1                 $a.10
    a400     a400       1c     1                 file_write
    a41c     a41c      468     4         video.c.o:(.text)
    a41c     a41c        0     1                 $a.0
    a41c     a41c      120     1                 video_init
    a52c     a52c        0     1                 $d.1
    a53c     a53c       64     1                 mailbox_write
    a53c     a53c        0     1                 $a.2
    a598     a598        0     1                 $d.3
    a5a0     a5a0       80     1                 mailbox_read
    a5a0     a5a0        0     1                 $a.4
    a618     a618        0     1                 $d.5
    a620     a620        0     1                 $a.6
    a620     a620       a4     1                 video_set_pixel
    a6bc     a6bc        0     1                 $d.7
    a6c4     a6c4        0     1                 $a.8
    a6c4     a6c4      1c0     1                 video_draw_character
    a870     a870        0     1                 $d.9
    a884     a884      3c4     4         interrupt.c.o:(.text)
    a884     a884        0     1                 interrupt_table_begin
    a884     a884        0     1                 $a.0
    a8a4     a8a4        0     1                 $d.1
    a8c4     a8c4        0     1                 asm_handler_reset
    a8c4     a8c4        0     1                 interrupt_table_end
    a8c4     a8c4        0     1                 $a.2
    a8e0     a8e0        0     1                 asm_handler_undefined
    a8fc     a8fc        0     1                 asm_handler_svc
    a914     a914        0     1                 asm_handler_prefetch_abort
    a930     a930        0     1                 asm_handler_data_abort
    a94c     a94c        0     1                 asm_handler_reserved
    a968     a968        0     1                 asm_handler_irq
    a984     a984        0     1                 asm_handler_fiq
    a9a0     a9a0       50     1                 interrupt_init
    a9e8     a9e8        0     1                 $d.3
    a9f0     a9f0        0     1                 $a.4
    a9f0     a9f0        c     1                 halt
    a9fc     a9fc       20     1                 handler_reset
    aa18     aa18        0     1                 $d.5
    aa1c     aa1c        0     1                 $a.6
    aa1c     aa1c       20     1                 handler_undefined
    aa38     aa38        0     1                 $d.7
    aa3c     aa3c        0     1                 $a.8
    aa3c     aa3c       20     1                 handler_svc
    aa58     aa58        0     1                 $d.9
    aa5c     aa5c        0     1                 $a.10
    aa5c     aa5c       20     1                 handler_prefetch_abort
    aa78     aa78        0     1                 $d.11
    aa7c     aa7c        0     1                 $a.12
    aa7c     aa7c       20     1                 handler_data_abort
    aa98     aa98        0     1                 $d.13
    aa9c     aa9c        0     1                 $a.14
    aa9c     aa9c       20     1                 handler_reserved
    aab8     aab8        0     1                 $d.15
    aabc     aabc        0     1                 $a.16
    aabc     aabc       68     1                 handler_irq
    ab1c     ab1c        0     1                 $d.17
    ab24     ab24        0     1                 $a.18
    ab24     ab24       20     1                 handler_fiq
    ab40     ab40        0     1                 $d.19
    ab44     ab44        0     1                 $a.20
    ab44     ab44       10     1                 interrupt_enable
    ab54     ab54       d4     1                 register_interrupt_handler
    ac0c     ac0c        0     1                 $d.21
    ac48     ac48        0     4         errno.c.o:(.text)
    ac48     ac48      9cc     4         sd.c.o:(.text)
    ac48     ac48        0     1                 $a.0
    ac48     ac48      2a0     1                 sd_init
    aeb0     aeb0        0     1                 $d.1
    aee8     aee8        0     1                 $a.2
    aee8     aee8       50     1                 delay_millisec
    af38     af38      1c8     1                 setClock
    b0ec     b0ec        0     1                 $d.3
    b100     b100      194     1                 sendCommand
    b100     b100        0     1                 $a.4
    b274     b274        0     1                 $d.5
    b294     b294       6c     1                 sendAppCommand
    b294     b294        0     1                 $a.6
    b300     b300       c0     1                 waitForStatusBitsToBeZero
    b3b0     b3b0        0     1                 $d.7
    b3c0     b3c0       cc     1                 waitForInterrupt
    b3c0     b3c0        0     1                 $a.8
    b480     b480        0     1                 $d.9
    b48c     b48c        0     1                 $a.10
    b48c     b48c       b8     1                 sd_read_sector
    b538     b538        0     1                 $d.11
    b544     b544        0     1                 $a.12
    b544     b544       b8     1                 sd_write_sector
    b5f4     b5f4        0     1                 $d.13
    b5fc     b5fc       18     1                 getHostControllerVersion
    b5fc     b5fc        0     1                 $a.14
    b610     b610        0     1                 $d.15
    b614     b614      338     4         utils.c.o:(.text)
    b614     b614        0     1                 $a.0
    b614     b614       48     1                 bss_init
    b654     b654        0     1                 $d.1
    b65c     b65c        0     1                 $a.2
    b65c     b65c       6c     1                 kmemset
    b6c8     b6c8       68     1                 kmemcpy
    b730     b730       a8     1                 getValue
    b7d8     b7d8       28     1                 panic
    b7fc     b7fc        0     1                 $d.3
    b800     b800        0     1                 $a.4
    b800     b800       44     1                 toupper
    b844     b844       c4     1                 kmemcmp
    b908     b908       44     1                 Min32
    b94c     b94c      108     4         timer.c.o:(.text)
    b94c     b94c        0     1                 $a.0
    b94c     b94c       4c     1                 timer_init
    b988     b988        0     1                 $d.1
    b998     b998        0     1                 $a.2
    b998     b998       84     1                 timer_interrupt
    ba0c     ba0c        0     1                 $d.3
    ba1c     ba1c        0     1                 $a.4
    ba1c     ba1c       38     1                 get_uptime
    ba48     ba48        0     1                 $d.5
    ba54     ba54      3b0     4         fs.c.o:(.text)
    ba54     ba54        0     1                 $a.0
    ba54     ba54      28c     1                 disk_init
    bcc0     bcc0        0     1                 $d.1
    bce0     bce0        0     1                 $a.2
    bce0     bce0       7c     1                 clusterNumberToSectorNumber
    bd54     bd54        0     1                 $d.3
    bd5c     bd5c        0     1                 $a.4
    bd5c     bd5c       a8     1                 read_cluster
    be04     be04     2c90     4         kprintf.c.o:(.text)
    be04     be04        0     1                 $a.0
    be04     be04       3c     1                 stbsp_set_separators
    be38     be38        0     1                 $d.1
    be40     be40        0     1                 $a.2
    be40     be40     2178     1                 stbsp_vsprintfcb
    c084     c084        0     1                 $d.3
    c184     c184        0     1                 $a.4
    c46c     c46c        0     1                 $d.5
    c534     c534        0     1                 $a.6
    c6a4     c6a4        0     1                 $d.7
    c784     c784        0     1                 $a.8
    cf68     cf68        0     1                 $d.9
    cf74     cf74        0     1                 $a.10
    d7a8     d7a8        0     1                 $d.11
    d7ac     d7ac        0     1                 $a.12
    d884     d884        0     1                 $d.13
    d888     d888        0     1                 $a.14
    d8bc     d8bc        0     1                 $d.15
    d8c4     d8c4        0     1                 $a.16
    d940     d940        0     1                 $d.17
    d944     d944        0     1                 $a.18
    d978     d978        0     1                 $d.19
    d980     d980        0     1                 $a.20
    dbb0     dbb0        0     1                 $d.21
    dbb4     dbb4        0     1                 $a.22
    dd30     dd30        0     1                 $d.23
    dd34     dd34        0     1                 $a.24
    dddc     dddc        0     1                 $d.25
    dde0     dde0        0     1                 $a.26
    de48     de48        0     1                 $d.27
    de4c     de4c        0     1                 $a.28
    df80     df80        0     1                 $d.29
    df84     df84        0     1                 $a.30
    dfac     dfac        0     1                 $d.31
    dfb8     dfb8      168     1                 stbsp__strlen_limited
    dfb8     dfb8        0     1                 $a.32
    e118     e118        0     1                 $d.33
    e120     e120       f8     1                 mod64
    e120     e120        0     1                 $a.34
    e218     e218      128     1                 div64
    e340     e340       ac     1                 mod
    e3ec     e3ec       c8     1                 div
    e4b4     e4b4       ac     1                 stbsp__lead_sign
    e560     e560       60     1                 stbsp_sprintf
    e5c0     e5c0      114     1                 stbsp_vsnprintf
    e6cc     e6cc        0     1                 $d.35
    e6d4     e6d4       3c     1                 stbsp__count_clamp_callback
    e6d4     e6d4        0     1                 $a.36
    e710     e710      17c     1                 stbsp__clamp_callback
    e88c     e88c       54     1                 stbsp_snprintf
    e8e0     e8e0       40     1                 stbsp_vsprintf
    e920     e920       68     1                 kprintf
    e984     e984        0     1                 $d.37
    e988     e988       68     1                 callback
    e988     e988        0     1                 $a.38
    e9f0     e9f0       50     1                 ksprintf
    ea40     ea40       54     1                 ksnprintf
    ea94     ea94       14     4         memory.c.o:(.text)
    ea94     ea94        0     1                 $a.0
    ea94     ea94       14     1                 memory_barrier
    eaa8     eaa8        0     1 _end_text = .
    eaa8     eaa8       10     4 .ARM.exidx
    eaa8     eaa8       10     4         <internal>:(.ARM.exidx)
    eab8     eab8      548     1 . = ALIGN ( 4096 )
    f000     f000        0     1 _start_rodata = .
    f000     f000     6068     4 .rodata
    f000     f000      950     1         <internal>:(.rodata)
    f950     f950      718     4         testsuite.c.o:(.rodata)
    f950     f950      3b6     1                 article6
    fd06     fd06      353     1                 article5
   10068    10068     5000     4         video.c.o:(.rodata)
   10068    10068     5000     1                 font_data
   15068    15068        0     1 _end_rodata = .
   15068    15068        c     4 .data.rel.ro
   15068    15068        c     4         testsuite.c.o:(.data.rel.ro)
   15068    15068        c     1                 .L__const.sweet.p
   15074    15074       38     4 .got
   15074    15074       38     4         <internal>:(.got)
   150ac    150ac      f54     1 . = ALIGN ( 4096 )
   16000    16000        0     1 _start_data = .
   16000    16000      374     4 .data
   16000    16000      270     4         testsuite.c.o:(.data)
   16000    16000      270     1                 seeks
   16270    16270        c     4         console.c.o:(.data)
   16270    16270        4     1                 console_putc.col
   16274    16274        4     1                 console_putc.curr_fg
   16278    16278        4     1                 console_putc.max_col
   1627c    1627c        4     4         timer.c.o:(.data)
   1627c    1627c        4     1                 delta
   16280    16280       f4     2         kprintf.c.o:(.data)
   16280    16280        1     1                 stbsp__period
   16281    16281        1     1                 stbsp__comma
   16282    16282       13     1                 stbsp_vsprintfcb.hex
   16295    16295       13     1                 stbsp_vsprintfcb.hexu
   162a8    162a8       cc     1                 stbsp__digitpair
   16374    16374        0     1 _end_data = .
   16374    16374      c8c     1 . = ALIGN ( 4096 )
   17000    17000        0     1 _start_bss = .
   17000    17000     c1e8     4 .bss
   17000    17000      c20     1         testsuite.c.o:(.bss)
   17000    17000      400     1                 sweet.a6a
   17400    17400      400     1                 sweet.a6b
   17800    17800      400     1                 sweet.a5
   17c00    17c00       20     1                 sweet.buf
   17c20    17c20        c     4         console.c.o:(.bss)
   17c20    17c20        4     1                 doingColor
   17c24    17c24        4     1                 console_putc.row
   17c28    17c28        4     1                 console_putc.curr_bg
   17c2c    17c2c     1180     4         file.c.o:(.bss)
   17c2c    17c2c      180     1                 fileTable
   17dac    17dac     1000     1                 clusterBuffer
   18dac    18dac       10     4         video.c.o:(.bss)
   18dac    18dac        3     1                 foregroundColor
   18daf    18daf        3     1                 backgroundColor
   18db4    18db4        4     1                 framebuffer
   18db8    18db8        4     1                 pitch
   18dbc    18dbc     8024     4         interrupt.c.o:(.bss)
   18dbc    18dbc        4     1                 numHandlers
   18dc0    18dc0       20     1                 handlers
   18de0    18de0     1000     1                 reset_stack
   19de0    19de0     1000     1                 undefined_stack
   1ade0    1ade0     1000     1                 svc_stack
   1bde0    1bde0     1000     1                 prefetch_abort_stack
   1cde0    1cde0     1000     1                 data_abort_stack
   1dde0    1dde0     1000     1                 reserved_stack
   1ede0    1ede0     1000     1                 irq_stack
   1fde0    1fde0     1000     1                 fiq_stack
   20de0    20de0        4     4         timer.c.o:(.bss)
   20de0    20de0        4     1                 jiffies
   20de4    20de4     2404     4         fs.c.o:(.bss)
   20de4    20de4      200     1                 sectorbuffer
   20fe4    20fe4        4     1                 first_sector
   20fe8    20fe8      200     1                 vbr
   211e8    211e8     1000     1                 buff
   221e8    221e8     1000     1                 buff2
   231e8    231e8        0     1 _end_bss = .
   231e8    231e8      e18     1 . = ALIGN ( 4096 )
       0        0       29     1 .comment
       0        0       29     1         <internal>:(.comment)
       0        0       4a     1 .ARM.attributes
       0        0       4a     1         kmain.c.o:(.ARM.attributes)
       0        0     1160     4 .symtab
       0        0     1160     4         <internal>:(.symtab)
       0        0       6a     1 .shstrtab
       0        0       6a     1         <internal>:(.shstrtab)
       0        0      a49     1 .strtab
       0        0      a49     1         <internal>:(.strtab)
