kprintf.c:275:stbsp_set_separators	4	static
kprintf.c:358:stbsp_vsprintfcb	816	static
kprintf.c:310:stbsp__strlen_limited	24	static
kprintf.c:1979:mod64	32	static
kprintf.c:1941:div64	40	static
kprintf.c:1961:mod	16	static
kprintf.c:1910:div	20	static
kprintf.c:295:stbsp__lead_sign	8	static
kprintf.c:1386:stbsp_sprintf	40	static
kprintf.c:1440:stbsp_vsnprintf	56	static
kprintf.c:1431:stbsp__count_clamp_callback	16	static
kprintf.c:1403:stbsp__clamp_callback	36	static
kprintf.c:1470:stbsp_snprintf	32	static
kprintf.c:1482:stbsp_vsprintf	24	static
kprintf.c:28:kprintf	48	static
kprintf.c:18:callback	24	static
kprintf.c:41:ksprintf	32	static
kprintf.c:52:ksnprintf	32	static
