user\libc\printf.c:275:stbsp_set_separators	4	static
user\libc\printf.c:358:stbsp_vsprintfcb	816	static
user\libc\printf.c:310:stbsp__strlen_limited	24	static
user\libc\printf.c:1979:mod64	32	static
user\libc\printf.c:1941:div64	40	static
user\libc\printf.c:1961:mod	16	static
user\libc\printf.c:1910:div	20	static
user\libc\printf.c:295:stbsp__lead_sign	8	static
user\libc\printf.c:1386:stbsp_sprintf	40	static
user\libc\printf.c:1440:stbsp_vsnprintf	56	static
user\libc\printf.c:1431:stbsp__count_clamp_callback	16	static
user\libc\printf.c:1403:stbsp__clamp_callback	36	static
user\libc\printf.c:1470:stbsp_snprintf	32	static
user\libc\printf.c:1482:stbsp_vsprintf	24	static
user\libc\printf.c:26:printf	48	static
user\libc\printf.c:16:callback	24	static
user\libc\printf.c:39:ksprintf	32	static
user\libc\printf.c:50:ksnprintf	32	static
